Archive member included to satisfy reference by file (symbol)

c:/st/stm32cubeide_1.4.0/stm32cubeide/plugins/com.st.stm32cube.ide.mcu.externaltools.gnu-tools-for-stm32.7-2018-q2-update.win32_1.4.0.202007081208/tools/bin/../lib/gcc/arm-none-eabi/7.3.1/../../../../arm-none-eabi/lib/thumb/v7e-m/fpv5/hard\libc_nano.a(lib_a-errno.o)
                              Core/Src/syscalls.o (__errno)
c:/st/stm32cubeide_1.4.0/stm32cubeide/plugins/com.st.stm32cube.ide.mcu.externaltools.gnu-tools-for-stm32.7-2018-q2-update.win32_1.4.0.202007081208/tools/bin/../lib/gcc/arm-none-eabi/7.3.1/../../../../arm-none-eabi/lib/thumb/v7e-m/fpv5/hard\libc_nano.a(lib_a-exit.o)
                              c:/st/stm32cubeide_1.4.0/stm32cubeide/plugins/com.st.stm32cube.ide.mcu.externaltools.gnu-tools-for-stm32.7-2018-q2-update.win32_1.4.0.202007081208/tools/bin/../lib/gcc/arm-none-eabi/7.3.1/../../../../arm-none-eabi/lib/thumb/v7e-m/fpv5/hard/crt0.o (exit)
c:/st/stm32cubeide_1.4.0/stm32cubeide/plugins/com.st.stm32cube.ide.mcu.externaltools.gnu-tools-for-stm32.7-2018-q2-update.win32_1.4.0.202007081208/tools/bin/../lib/gcc/arm-none-eabi/7.3.1/../../../../arm-none-eabi/lib/thumb/v7e-m/fpv5/hard\libc_nano.a(lib_a-impure.o)
                              c:/st/stm32cubeide_1.4.0/stm32cubeide/plugins/com.st.stm32cube.ide.mcu.externaltools.gnu-tools-for-stm32.7-2018-q2-update.win32_1.4.0.202007081208/tools/bin/../lib/gcc/arm-none-eabi/7.3.1/../../../../arm-none-eabi/lib/thumb/v7e-m/fpv5/hard\libc_nano.a(lib_a-exit.o) (_global_impure_ptr)
c:/st/stm32cubeide_1.4.0/stm32cubeide/plugins/com.st.stm32cube.ide.mcu.externaltools.gnu-tools-for-stm32.7-2018-q2-update.win32_1.4.0.202007081208/tools/bin/../lib/gcc/arm-none-eabi/7.3.1/../../../../arm-none-eabi/lib/thumb/v7e-m/fpv5/hard\libc_nano.a(lib_a-init.o)
                              c:/st/stm32cubeide_1.4.0/stm32cubeide/plugins/com.st.stm32cube.ide.mcu.externaltools.gnu-tools-for-stm32.7-2018-q2-update.win32_1.4.0.202007081208/tools/bin/../lib/gcc/arm-none-eabi/7.3.1/../../../../arm-none-eabi/lib/thumb/v7e-m/fpv5/hard/crt0.o (__libc_init_array)
c:/st/stm32cubeide_1.4.0/stm32cubeide/plugins/com.st.stm32cube.ide.mcu.externaltools.gnu-tools-for-stm32.7-2018-q2-update.win32_1.4.0.202007081208/tools/bin/../lib/gcc/arm-none-eabi/7.3.1/../../../../arm-none-eabi/lib/thumb/v7e-m/fpv5/hard\libc_nano.a(lib_a-memcpy-stub.o)
                              Core/Src/main.o (memcpy)
c:/st/stm32cubeide_1.4.0/stm32cubeide/plugins/com.st.stm32cube.ide.mcu.externaltools.gnu-tools-for-stm32.7-2018-q2-update.win32_1.4.0.202007081208/tools/bin/../lib/gcc/arm-none-eabi/7.3.1/../../../../arm-none-eabi/lib/thumb/v7e-m/fpv5/hard\libc_nano.a(lib_a-memset.o)
                              c:/st/stm32cubeide_1.4.0/stm32cubeide/plugins/com.st.stm32cube.ide.mcu.externaltools.gnu-tools-for-stm32.7-2018-q2-update.win32_1.4.0.202007081208/tools/bin/../lib/gcc/arm-none-eabi/7.3.1/../../../../arm-none-eabi/lib/thumb/v7e-m/fpv5/hard/crt0.o (memset)
c:/st/stm32cubeide_1.4.0/stm32cubeide/plugins/com.st.stm32cube.ide.mcu.externaltools.gnu-tools-for-stm32.7-2018-q2-update.win32_1.4.0.202007081208/tools/bin/../lib/gcc/arm-none-eabi/7.3.1/../../../../arm-none-eabi/lib/thumb/v7e-m/fpv5/hard\libc_nano.a(lib_a-strlen.o)
                              Core/Src/main.o (strlen)
c:/st/stm32cubeide_1.4.0/stm32cubeide/plugins/com.st.stm32cube.ide.mcu.externaltools.gnu-tools-for-stm32.7-2018-q2-update.win32_1.4.0.202007081208/tools/bin/../lib/gcc/arm-none-eabi/7.3.1/../../../../arm-none-eabi/lib/thumb/v7e-m/fpv5/hard\libc_nano.a(lib_a-vsnprintf.o)
                              Core/Src/main.o (vsnprintf)
c:/st/stm32cubeide_1.4.0/stm32cubeide/plugins/com.st.stm32cube.ide.mcu.externaltools.gnu-tools-for-stm32.7-2018-q2-update.win32_1.4.0.202007081208/tools/bin/../lib/gcc/arm-none-eabi/7.3.1/../../../../arm-none-eabi/lib/thumb/v7e-m/fpv5/hard\libc_nano.a(lib_a-nano-svfprintf.o)
                              c:/st/stm32cubeide_1.4.0/stm32cubeide/plugins/com.st.stm32cube.ide.mcu.externaltools.gnu-tools-for-stm32.7-2018-q2-update.win32_1.4.0.202007081208/tools/bin/../lib/gcc/arm-none-eabi/7.3.1/../../../../arm-none-eabi/lib/thumb/v7e-m/fpv5/hard\libc_nano.a(lib_a-vsnprintf.o) (_svfprintf_r)
c:/st/stm32cubeide_1.4.0/stm32cubeide/plugins/com.st.stm32cube.ide.mcu.externaltools.gnu-tools-for-stm32.7-2018-q2-update.win32_1.4.0.202007081208/tools/bin/../lib/gcc/arm-none-eabi/7.3.1/../../../../arm-none-eabi/lib/thumb/v7e-m/fpv5/hard\libc_nano.a(lib_a-nano-vfprintf_i.o)
                              c:/st/stm32cubeide_1.4.0/stm32cubeide/plugins/com.st.stm32cube.ide.mcu.externaltools.gnu-tools-for-stm32.7-2018-q2-update.win32_1.4.0.202007081208/tools/bin/../lib/gcc/arm-none-eabi/7.3.1/../../../../arm-none-eabi/lib/thumb/v7e-m/fpv5/hard\libc_nano.a(lib_a-nano-svfprintf.o) (_printf_i)
[...]
Memory Configuration

Name             Origin             Length             Attributes
DTCMRAM          0x0000000020000000 0x0000000000020000 xrw
ITCMRAM          0x0000000000000000 0x0000000000010000 xrw
RAM_D1           0x0000000024000000 0x0000000000080000 xrw
RAM_D2           0x0000000030000000 0x0000000000048000 xrw
RAM_D3           0x0000000038000000 0x0000000000010000 xrw
FLASH            0x0000000008000000 0x0000000000200000 xr
*default*        0x0000000000000000 0xffffffffffffffff

Linker script and memory map

LOAD c:/st/stm32cubeide_1.4.0/stm32cubeide/plugins/com.st.stm32cube.ide.mcu.externaltools.gnu-tools-for-stm32.7-2018-q2-update.win32_1.4.0.202007081208/tools/bin/../lib/gcc/arm-none-eabi/7.3.1/thumb/v7e-m/fpv5/hard/crti.o
LOAD c:/st/stm32cubeide_1.4.0/stm32cubeide/plugins/com.st.stm32cube.ide.mcu.externaltools.gnu-tools-for-stm32.7-2018-q2-update.win32_1.4.0.202007081208/tools/bin/../lib/gcc/arm-none-eabi/7.3.1/thumb/v7e-m/fpv5/hard/crtbegin.o
LOAD c:/st/stm32cubeide_1.4.0/stm32cubeide/plugins/com.st.stm32cube.ide.mcu.externaltools.gnu-tools-for-stm32.7-2018-q2-update.win32_1.4.0.202007081208/tools/bin/../lib/gcc/arm-none-eabi/7.3.1/../../../../arm-none-eabi/lib/thumb/v7e-m/fpv5/hard/crt0.o
LOAD Core/Src/FatDMA.o
LOAD Core/Src/main.o
LOAD Core/Src/stm32h7xx_hal_msp.o
LOAD Core/Src/stm32h7xx_it.o
LOAD Core/Src/syscalls.o
LOAD Core/Src/sysmem.o
LOAD Core/Src/system_stm32h7xx.o
LOAD Core/Startup/startup_stm32h743zitx.o
LOAD Drivers/STM32H7xx_HAL_Driver/Src/stm32h7xx_hal.o
LOAD Drivers/STM32H7xx_HAL_Driver/Src/stm32h7xx_hal_cortex.o
LOAD Drivers/STM32H7xx_HAL_Driver/Src/stm32h7xx_hal_dma.o
LOAD Drivers/STM32H7xx_HAL_Driver/Src/stm32h7xx_hal_dma_ex.o
LOAD Drivers/STM32H7xx_HAL_Driver/Src/stm32h7xx_hal_exti.o
LOAD Drivers/STM32H7xx_HAL_Driver/Src/stm32h7xx_hal_flash.o
LOAD Drivers/STM32H7xx_HAL_Driver/Src/stm32h7xx_hal_flash_ex.o
LOAD Drivers/STM32H7xx_HAL_Driver/Src/stm32h7xx_hal_gpio.o
LOAD Drivers/STM32H7xx_HAL_Driver/Src/stm32h7xx_hal_hsem.o
LOAD Drivers/STM32H7xx_HAL_Driver/Src/stm32h7xx_hal_i2c.o
LOAD Drivers/STM32H7xx_HAL_Driver/Src/stm32h7xx_hal_i2c_ex.o
LOAD Drivers/STM32H7xx_HAL_Driver/Src/stm32h7xx_hal_mdma.o
LOAD Drivers/STM32H7xx_HAL_Driver/Src/stm32h7xx_hal_pwr.o
LOAD Drivers/STM32H7xx_HAL_Driver/Src/stm32h7xx_hal_pwr_ex.o
LOAD Drivers/STM32H7xx_HAL_Driver/Src/stm32h7xx_hal_rcc.o
LOAD Drivers/STM32H7xx_HAL_Driver/Src/stm32h7xx_hal_rcc_ex.o
LOAD Drivers/STM32H7xx_HAL_Driver/Src/stm32h7xx_hal_spi.o
LOAD Drivers/STM32H7xx_HAL_Driver/Src/stm32h7xx_hal_spi_ex.o
LOAD Drivers/STM32H7xx_HAL_Driver/Src/stm32h7xx_hal_tim.o
LOAD Drivers/STM32H7xx_HAL_Driver/Src/stm32h7xx_hal_tim_ex.o
LOAD Drivers/STM32H7xx_HAL_Driver/Src/stm32h7xx_hal_uart.o
LOAD Drivers/STM32H7xx_HAL_Driver/Src/stm32h7xx_hal_uart_ex.o
LOAD FATFS/App/fatfs.o
LOAD FATFS/Target/user_diskio.o
LOAD FATFS/Target/user_diskio_spi.o
LOAD Middlewares/Third_Party/FatFs/src/diskio.o
LOAD Middlewares/Third_Party/FatFs/src/ff.o
LOAD Middlewares/Third_Party/FatFs/src/ff_gen_drv.o
LOAD Middlewares/Third_Party/FatFs/src/option/syscall.o
START GROUP
LOAD c:/st/stm32cubeide_1.4.0/stm32cubeide/plugins/com.st.stm32cube.ide.mcu.externaltools.gnu-tools-for-stm32.7-2018-q2-update.win32_1.4.0.202007081208/tools/bin/../lib/gcc/arm-none-eabi/7.3.1/../../../../arm-none-eabi/lib/thumb/v7e-m/fpv5/hard\libstdc++_nano.a
LOAD c:/st/stm32cubeide_1.4.0/stm32cubeide/plugins/com.st.stm32cube.ide.mcu.externaltools.gnu-tools-for-stm32.7-2018-q2-update.win32_1.4.0.202007081208/tools/bin/../lib/gcc/arm-none-eabi/7.3.1/../../../../arm-none-eabi/lib/thumb/v7e-m/fpv5/hard\libsupc++_nano.a
END GROUP
LOAD c:/st/stm32cubeide_1.4.0/stm32cubeide/plugins/com.st.stm32cube.ide.mcu.externaltools.gnu-tools-for-stm32.7-2018-q2-update.win32_1.4.0.202007081208/tools/bin/../lib/gcc/arm-none-eabi/7.3.1/../../../../arm-none-eabi/lib/thumb/v7e-m/fpv5/hard\libstdc++_nano.a
LOAD c:/st/stm32cubeide_1.4.0/stm32cubeide/plugins/com.st.stm32cube.ide.mcu.externaltools.gnu-tools-for-stm32.7-2018-q2-update.win32_1.4.0.202007081208/tools/bin/../lib/gcc/arm-none-eabi/7.3.1/../../../../arm-none-eabi/lib/thumb/v7e-m/fpv5/hard\libm.a
LOAD c:/st/stm32cubeide_1.4.0/stm32cubeide/plugins/com.st.stm32cube.ide.mcu.externaltools.gnu-tools-for-stm32.7-2018-q2-update.win32_1.4.0.202007081208/tools/bin/../lib/gcc/arm-none-eabi/7.3.1/../../../../arm-none-eabi/lib/thumb/v7e-m/fpv5/hard\libc_nano.a
START GROUP
LOAD c:/st/stm32cubeide_1.4.0/stm32cubeide/plugins/com.st.stm32cube.ide.mcu.externaltools.gnu-tools-for-stm32.7-2018-q2-update.win32_1.4.0.202007081208/tools/bin/../lib/gcc/arm-none-eabi/7.3.1/thumb/v7e-m/fpv5/hard\libgcc.a
LOAD c:/st/stm32cubeide_1.4.0/stm32cubeide/plugins/com.st.stm32cube.ide.mcu.externaltools.gnu-tools-for-stm32.7-2018-q2-update.win32_1.4.0.202007081208/tools/bin/../lib/gcc/arm-none-eabi/7.3.1/../../../../arm-none-eabi/lib/thumb/v7e-m/fpv5/hard\libc_nano.a
END GROUP
START GROUP
LOAD c:/st/stm32cubeide_1.4.0/stm32cubeide/plugins/com.st.stm32cube.ide.mcu.externaltools.gnu-tools-for-stm32.7-2018-q2-update.win32_1.4.0.202007081208/tools/bin/../lib/gcc/arm-none-eabi/7.3.1/thumb/v7e-m/fpv5/hard\libgcc.a
LOAD c:/st/stm32cubeide_1.4.0/stm32cubeide/plugins/com.st.stm32cube.ide.mcu.externaltools.gnu-tools-for-stm32.7-2018-q2-update.win32_1.4.0.202007081208/tools/bin/../lib/gcc/arm-none-eabi/7.3.1/../../../../arm-none-eabi/lib/thumb/v7e-m/fpv5/hard\libc_nano.a
LOAD c:/st/stm32cubeide_1.4.0/stm32cubeide/plugins/com.st.stm32cube.ide.mcu.externaltools.gnu-tools-for-stm32.7-2018-q2-update.win32_1.4.0.202007081208/tools/bin/../lib/gcc/arm-none-eabi/7.3.1/../../../../arm-none-eabi/lib/thumb/v7e-m/fpv5/hard\libnosys.a
END GROUP
START GROUP
LOAD c:/st/stm32cubeide_1.4.0/stm32cubeide/plugins/com.st.stm32cube.ide.mcu.externaltools.gnu-tools-for-stm32.7-2018-q2-update.win32_1.4.0.202007081208/tools/bin/../lib/gcc/arm-none-eabi/7.3.1/thumb/v7e-m/fpv5/hard\libgcc.a
LOAD c:/st/stm32cubeide_1.4.0/stm32cubeide/plugins/com.st.stm32cube.ide.mcu.externaltools.gnu-tools-for-stm32.7-2018-q2-update.win32_1.4.0.202007081208/tools/bin/../lib/gcc/arm-none-eabi/7.3.1/../../../../arm-none-eabi/lib/thumb/v7e-m/fpv5/hard\libc_nano.a
LOAD c:/st/stm32cubeide_1.4.0/stm32cubeide/plugins/com.st.stm32cube.ide.mcu.externaltools.gnu-tools-for-stm32.7-2018-q2-update.win32_1.4.0.202007081208/tools/bin/../lib/gcc/arm-none-eabi/7.3.1/../../../../arm-none-eabi/lib/thumb/v7e-m/fpv5/hard\libnosys.a
END GROUP
LOAD c:/st/stm32cubeide_1.4.0/stm32cubeide/plugins/com.st.stm32cube.ide.mcu.externaltools.gnu-tools-for-stm32.7-2018-q2-update.win32_1.4.0.202007081208/tools/bin/../lib/gcc/arm-none-eabi/7.3.1/thumb/v7e-m/fpv5/hard/crtend.o
LOAD c:/st/stm32cubeide_1.4.0/stm32cubeide/plugins/com.st.stm32cube.ide.mcu.externaltools.gnu-tools-for-stm32.7-2018-q2-update.win32_1.4.0.202007081208/tools/bin/../lib/gcc/arm-none-eabi/7.3.1/thumb/v7e-m/fpv5/hard/crtn.o
                0x0000000024080000                _estack = (ORIGIN (RAM_D1) + LENGTH (RAM_D1))
                0x0000000000000200                _Min_Heap_Size = 0x200
                0x0000000000000400                _Min_Stack_Size = 0x400

.isr_vector     0x0000000008000000      0x298
                0x0000000008000000                . = ALIGN (0x4)
 *(.isr_vector)
 .isr_vector    0x0000000008000000      0x298 Core/Startup/startup_stm32h743zitx.o
                0x0000000008000000                g_pfnVectors
                0x0000000008000298                . = ALIGN (0x4)

.text           0x00000000080002a0     0xcb08
                0x00000000080002a0                . = ALIGN (0x4)
 *(.text)
 .text          0x00000000080002a0       0x40 c:/st/stm32cubeide_1.4.0/stm32cubeide/plugins/com.st.stm32cube.ide.mcu.externaltools.gnu-tools-for-stm32.7-2018-q2-update.win32_1.4.0.202007081208/tools/bin/../lib/gcc/arm-none-eabi/7.3.1/thumb/v7e-m/fpv5/hard/crtbegin.o
 .text          0x00000000080002e0       0x10 c:/st/stm32cubeide_1.4.0/stm32cubeide/plugins/com.st.stm32cube.ide.mcu.externaltools.gnu-tools-for-stm32.7-2018-q2-update.win32_1.4.0.202007081208/tools/bin/../lib/gcc/arm-none-eabi/7.3.1/../../../../arm-none-eabi/lib/thumb/v7e-m/fpv5/hard\libc_nano.a(lib_a-strlen.o)
                0x00000000080002e0                strlen
 .text          0x00000000080002f0       0xa0 c:/st/stm32cubeide_1.4.0/stm32cubeide/plugins/com.st.stm32cube.ide.mcu.externaltools.gnu-tools-for-stm32.7-2018-q2-update.win32_1.4.0.202007081208/tools/bin/../lib/gcc/arm-none-eabi/7.3.1/../../../../arm-none-eabi/lib/thumb/v7e-m/fpv5/hard\libc_nano.a(lib_a-memchr.o)
                0x00000000080002f0                memchr
 .text          0x0000000008000390       0x30 c:/st/stm32cubeide_1.4.0/stm32cubeide/plugins/com.st.stm32cube.ide.mcu.externaltools.gnu-tools-for-stm32.7-2018-q2-update.win32_1.4.0.202007081208/tools/bin/../lib/gcc/arm-none-eabi/7.3.1/thumb/v7e-m/fpv5/hard\libgcc.a(_aeabi_uldivmod.o)
                0x0000000008000390                __aeabi_uldivmod
 .text          0x00000000080003c0      0x2cc c:/st/stm32cubeide_1.4.0/stm32cubeide/plugins/com.st.stm32cube.ide.mcu.externaltools.gnu-tools-for-stm32.7-2018-q2-update.win32_1.4.0.202007081208/tools/bin/../lib/gcc/arm-none-eabi/7.3.1/thumb/v7e-m/fpv5/hard\libgcc.a(_udivmoddi4.o)
                0x00000000080003c0                __udivmoddi4
 .text          0x000000000800068c        0x4 c:/st/stm32cubeide_1.4.0/stm32cubeide/plugins/com.st.stm32cube.ide.mcu.externaltools.gnu-tools-for-stm32.7-2018-q2-update.win32_1.4.0.202007081208/tools/bin/../lib/gcc/arm-none-eabi/7.3.1/thumb/v7e-m/fpv5/hard\libgcc.a(_dvmd_tls.o)
                0x000000000800068c                __aeabi_idiv0
                0x000000000800068c                __aeabi_ldiv0
 *(.text*)
 .text._ZN6FatDMA10initialiseEv
                0x0000000008000690       0x44 Core/Src/FatDMA.o
                0x0000000008000690                FatDMA::initialise()
 .text._ZN6FatDMA7f_writeEP3FILPKvjPj
                0x00000000080006d4       0x30 Core/Src/FatDMA.o
                0x00000000080006d4                FatDMA::f_write(FIL*, void const*, unsigned int, unsigned int*)
 .text._ZN6FatDMA16on_block_writtenEv
                0x0000000008000704       0x6a Core/Src/FatDMA.o
                0x0000000008000704                FatDMA::on_block_written()
 .text._ZN6FatDMAC2Ev
                0x000000000800076e       0x2a Core/Src/main.o
                0x000000000800076e                FatDMA::FatDMA()
                0x000000000800076e                FatDMA::FatDMA()
 .text._ZN6FatDMAD2Ev
                0x0000000008000798       0x16 Core/Src/main.o
                0x0000000008000798                FatDMA::~FatDMA()
                0x0000000008000798                FatDMA::~FatDMA()
 *fill*         0x00000000080007ae        0x2 
 .text._Z8myprintfPKcz
                0x00000000080007b0       0x4c Core/Src/main.o
                0x00000000080007b0                myprintf(char const*, ...)
 .text.main     0x00000000080007fc      0x304 Core/Src/main.o
                0x00000000080007fc                main
 .text.HAL_SPI_TxCpltCallback
                0x0000000008000b00       0x1c Core/Src/main.o
                0x0000000008000b00                HAL_SPI_TxCpltCallback
 .text._Z18SystemClock_Configv
                0x0000000008000b1c      0x1a0 Core/Src/main.o
                0x0000000008000b1c                SystemClock_Config()
 .text._ZL12MX_SPI3_Initv
                0x0000000008000cbc       0xb8 Core/Src/main.o
 .text._ZL19MX_USART3_UART_Initv
                0x0000000008000d74       0xc0 Core/Src/main.o
 .text._ZL12MX_GPIO_Initv
                0x0000000008000e34      0x28c Core/Src/main.o
 .text.Error_Handler
                0x00000000080010c0        0xe Core/Src/main.o
                0x00000000080010c0                Error_Handler
 *fill*         0x00000000080010ce        0x2 
 .text._Z41__static_initialization_and_destruction_0ii
                0x00000000080010d0       0x44 Core/Src/main.o
 .text._GLOBAL__sub_I_hspi3
                0x0000000008001114       0x10 Core/Src/main.o
 .text._GLOBAL__sub_D_hspi3
                0x0000000008001124       0x10 Core/Src/main.o
 .text.HAL_MspInit
                0x0000000008001134       0x34 Core/Src/stm32h7xx_hal_msp.o
                0x0000000008001134                HAL_MspInit
 .text.HAL_SPI_MspInit
                0x0000000008001168      0x108 Core/Src/stm32h7xx_hal_msp.o
                0x0000000008001168                HAL_SPI_MspInit
 .text.HAL_UART_MspInit
                0x0000000008001270       0x94 Core/Src/stm32h7xx_hal_msp.o
                0x0000000008001270                HAL_UART_MspInit
 .text.NMI_Handler
                0x0000000008001304        0xe Core/Src/stm32h7xx_it.o
                0x0000000008001304                NMI_Handler
 .text.HardFault_Handler
                0x0000000008001312        0x6 Core/Src/stm32h7xx_it.o
                0x0000000008001312                HardFault_Handler
 .text.MemManage_Handler
                0x0000000008001318        0x6 Core/Src/stm32h7xx_it.o
                0x0000000008001318                MemManage_Handler
 .text.BusFault_Handler
                0x000000000800131e        0x6 Core/Src/stm32h7xx_it.o
                0x000000000800131e                BusFault_Handler
 .text.UsageFault_Handler
                0x0000000008001324        0x6 Core/Src/stm32h7xx_it.o
                0x0000000008001324                UsageFault_Handler
 .text.SVC_Handler
                0x000000000800132a        0xe Core/Src/stm32h7xx_it.o
                0x000000000800132a                SVC_Handler
 .text.DebugMon_Handler
                0x0000000008001338        0xe Core/Src/stm32h7xx_it.o
                0x0000000008001338                DebugMon_Handler
 .text.PendSV_Handler
                0x0000000008001346        0xe Core/Src/stm32h7xx_it.o
                0x0000000008001346                PendSV_Handler
 .text.SysTick_Handler
                0x0000000008001354        0xc Core/Src/stm32h7xx_it.o
                0x0000000008001354                SysTick_Handler
 .text.DMA1_Stream0_IRQHandler
                0x0000000008001360       0x14 Core/Src/stm32h7xx_it.o
                0x0000000008001360                DMA1_Stream0_IRQHandler
 .text.SPI3_IRQHandler
                0x0000000008001374       0x14 Core/Src/stm32h7xx_it.o
                0x0000000008001374                SPI3_IRQHandler
 .text._sbrk    0x0000000008001388       0x6c Core/Src/sysmem.o
                0x0000000008001388                _sbrk
 .text.SystemInit
                0x00000000080013f4      0x118 Core/Src/system_stm32h7xx.o
                0x00000000080013f4                SystemInit
 .text.Reset_Handler
                0x000000000800150c       0x50 Core/Startup/startup_stm32h743zitx.o
                0x000000000800150c                Reset_Handler
 .text.Default_Handler
                0x000000000800155c        0x2 Core/Startup/startup_stm32h743zitx.o
                0x000000000800155c                RTC_Alarm_IRQHandler
                0x000000000800155c                EXTI2_IRQHandler
                0x000000000800155c                TIM8_CC_IRQHandler
                0x000000000800155c                HRTIM1_Master_IRQHandler
                0x000000000800155c                UART8_IRQHandler
                0x000000000800155c                SPI4_IRQHandler
                0x000000000800155c                TIM1_CC_IRQHandler
                0x000000000800155c                BDMA_Channel6_IRQHandler
                0x000000000800155c                DMA2_Stream5_IRQHandler
                0x000000000800155c                HRTIM1_FLT_IRQHandler
                0x000000000800155c                JPEG_IRQHandler
                0x000000000800155c                DMA1_Stream5_IRQHandler
                0x000000000800155c                BDMA_Channel1_IRQHandler
                0x000000000800155c                HRTIM1_TIMD_IRQHandler
                0x000000000800155c                TAMP_STAMP_IRQHandler
                0x000000000800155c                EXTI3_IRQHandler
                0x000000000800155c                LPTIM4_IRQHandler
                0x000000000800155c                TIM8_TRG_COM_TIM14_IRQHandler
                0x000000000800155c                LPTIM2_IRQHandler
                0x000000000800155c                DFSDM1_FLT1_IRQHandler
                0x000000000800155c                DMAMUX2_OVR_IRQHandler
                0x000000000800155c                TIM8_UP_TIM13_IRQHandler
                0x000000000800155c                I2C3_ER_IRQHandler
                0x000000000800155c                DFSDM1_FLT2_IRQHandler
                0x000000000800155c                MDMA_IRQHandler
                0x000000000800155c                LPTIM3_IRQHandler
                0x000000000800155c                HSEM1_IRQHandler
                0x000000000800155c                EXTI0_IRQHandler
                0x000000000800155c                I2C2_EV_IRQHandler
                0x000000000800155c                DMA1_Stream2_IRQHandler
                0x000000000800155c                FPU_IRQHandler
                0x000000000800155c                OTG_HS_WKUP_IRQHandler
                0x000000000800155c                FDCAN1_IT1_IRQHandler
                0x000000000800155c                LTDC_ER_IRQHandler
                0x000000000800155c                DMA2_Stream2_IRQHandler
                0x000000000800155c                HRTIM1_TIME_IRQHandler
                0x000000000800155c                SPI1_IRQHandler
                0x000000000800155c                TIM6_DAC_IRQHandler
                0x000000000800155c                DCMI_IRQHandler
                0x000000000800155c                HRTIM1_TIMC_IRQHandler
                0x000000000800155c                DMA2_Stream3_IRQHandler
                0x000000000800155c                SAI2_IRQHandler
                0x000000000800155c                DFSDM1_FLT3_IRQHandler
                0x000000000800155c                USART6_IRQHandler
                0x000000000800155c                TIM17_IRQHandler
                0x000000000800155c                USART3_IRQHandler
                0x000000000800155c                BDMA_Channel7_IRQHandler
                0x000000000800155c                LPTIM5_IRQHandler
                0x000000000800155c                UART5_IRQHandler
                0x000000000800155c                ADC3_IRQHandler
                0x000000000800155c                DMA2_Stream0_IRQHandler
                0x000000000800155c                TIM4_IRQHandler
                0x000000000800155c                BDMA_Channel2_IRQHandler
                0x000000000800155c                QUADSPI_IRQHandler
                0x000000000800155c                I2C1_EV_IRQHandler
                0x000000000800155c                DMA1_Stream6_IRQHandler
                0x000000000800155c                DMAMUX1_OVR_IRQHandler
                0x000000000800155c                DMA1_Stream1_IRQHandler
                0x000000000800155c                TIM16_IRQHandler
                0x000000000800155c                UART4_IRQHandler
                0x000000000800155c                BDMA_Channel5_IRQHandler
                0x000000000800155c                TIM3_IRQHandler
                0x000000000800155c                RCC_IRQHandler
                0x000000000800155c                TIM8_BRK_TIM12_IRQHandler
                0x000000000800155c                TIM1_TRG_COM_IRQHandler
                0x000000000800155c                Default_Handler
                0x000000000800155c                ECC_IRQHandler
                0x000000000800155c                CEC_IRQHandler
                0x000000000800155c                EXTI15_10_IRQHandler
                0x000000000800155c                BDMA_Channel0_IRQHandler
                0x000000000800155c                ADC_IRQHandler
                0x000000000800155c                DMA1_Stream7_IRQHandler
                0x000000000800155c                HRTIM1_TIMA_IRQHandler
                0x000000000800155c                SPI5_IRQHandler
                0x000000000800155c                TIM7_IRQHandler
                0x000000000800155c                SDMMC1_IRQHandler
                0x000000000800155c                TIM5_IRQHandler
                0x000000000800155c                DMA2_Stream7_IRQHandler
                0x000000000800155c                TIM15_IRQHandler
                0x000000000800155c                PVD_AVD_IRQHandler
                0x000000000800155c                I2C3_EV_IRQHandler
                0x000000000800155c                EXTI9_5_IRQHandler
                0x000000000800155c                RTC_WKUP_IRQHandler
                0x000000000800155c                LTDC_IRQHandler
                0x000000000800155c                SAI3_IRQHandler
                0x000000000800155c                ETH_WKUP_IRQHandler
                0x000000000800155c                SPDIF_RX_IRQHandler
                0x000000000800155c                SPI2_IRQHandler
                0x000000000800155c                OTG_HS_EP1_IN_IRQHandler
                0x000000000800155c                CRS_IRQHandler
                0x000000000800155c                EXTI4_IRQHandler
                0x000000000800155c                RNG_IRQHandler
                0x000000000800155c                HRTIM1_TIMB_IRQHandler
                0x000000000800155c                FDCAN2_IT1_IRQHandler
                0x000000000800155c                ETH_IRQHandler
                0x000000000800155c                TIM1_UP_IRQHandler
                0x000000000800155c                BDMA_Channel4_IRQHandler
                0x000000000800155c                OTG_HS_EP1_OUT_IRQHandler
                0x000000000800155c                WWDG_IRQHandler
                0x000000000800155c                SPI6_IRQHandler
                0x000000000800155c                MDIOS_IRQHandler
                0x000000000800155c                I2C4_EV_IRQHandler
                0x000000000800155c                FDCAN2_IT0_IRQHandler
                0x000000000800155c                LPUART1_IRQHandler
                0x000000000800155c                FDCAN1_IT0_IRQHandler
                0x000000000800155c                TIM2_IRQHandler
                0x000000000800155c                OTG_FS_WKUP_IRQHandler
                0x000000000800155c                OTG_HS_IRQHandler
                0x000000000800155c                DMA2D_IRQHandler
                0x000000000800155c                TIM1_BRK_IRQHandler
                0x000000000800155c                EXTI1_IRQHandler
                0x000000000800155c                SDMMC2_IRQHandler
                0x000000000800155c                OTG_FS_EP1_OUT_IRQHandler
                0x000000000800155c                BDMA_Channel3_IRQHandler
                0x000000000800155c                UART7_IRQHandler
                0x000000000800155c                MDIOS_WKUP_IRQHandler
                0x000000000800155c                USART2_IRQHandler
                0x000000000800155c                DFSDM1_FLT0_IRQHandler
                0x000000000800155c                SAI4_IRQHandler
                0x000000000800155c                I2C2_ER_IRQHandler
                0x000000000800155c                DMA2_Stream1_IRQHandler
                0x000000000800155c                FLASH_IRQHandler
                0x000000000800155c                DMA2_Stream4_IRQHandler
                0x000000000800155c                USART1_IRQHandler
                0x000000000800155c                OTG_FS_IRQHandler
                0x000000000800155c                WAKEUP_PIN_IRQHandler
                0x000000000800155c                DMA1_Stream4_IRQHandler
                0x000000000800155c                OTG_FS_EP1_IN_IRQHandler
                0x000000000800155c                I2C1_ER_IRQHandler
                0x000000000800155c                FMC_IRQHandler
                0x000000000800155c                FDCAN_CAL_IRQHandler
                0x000000000800155c                SWPMI1_IRQHandler
                0x000000000800155c                COMP1_IRQHandler
                0x000000000800155c                LPTIM1_IRQHandler
                0x000000000800155c                I2C4_ER_IRQHandler
                0x000000000800155c                DMA2_Stream6_IRQHandler
                0x000000000800155c                SAI1_IRQHandler
                0x000000000800155c                DMA1_Stream3_IRQHandler
 *fill*         0x000000000800155e        0x2 
 .text.HAL_Init
                0x0000000008001560       0x78 Drivers/STM32H7xx_HAL_Driver/Src/stm32h7xx_hal.o
                0x0000000008001560                HAL_Init
 .text.HAL_InitTick
                0x00000000080015d8       0x6c Drivers/STM32H7xx_HAL_Driver/Src/stm32h7xx_hal.o
                0x00000000080015d8                HAL_InitTick
 .text.HAL_IncTick
                0x0000000008001644       0x28 Drivers/STM32H7xx_HAL_Driver/Src/stm32h7xx_hal.o
                0x0000000008001644                HAL_IncTick
 .text.HAL_GetTick
                0x000000000800166c       0x18 Drivers/STM32H7xx_HAL_Driver/Src/stm32h7xx_hal.o
                0x000000000800166c                HAL_GetTick
 .text.HAL_Delay
                0x0000000008001684       0x44 Drivers/STM32H7xx_HAL_Driver/Src/stm32h7xx_hal.o
                0x0000000008001684                HAL_Delay
 .text.HAL_GetREVID
                0x00000000080016c8       0x18 Drivers/STM32H7xx_HAL_Driver/Src/stm32h7xx_hal.o
                0x00000000080016c8                HAL_GetREVID
 .text.__NVIC_SetPriorityGrouping
                0x00000000080016e0       0x48 Drivers/STM32H7xx_HAL_Driver/Src/stm32h7xx_hal_cortex.o
 .text.__NVIC_GetPriorityGrouping
                0x0000000008001728       0x1c Drivers/STM32H7xx_HAL_Driver/Src/stm32h7xx_hal_cortex.o
 .text.__NVIC_EnableIRQ
                0x0000000008001744       0x3c Drivers/STM32H7xx_HAL_Driver/Src/stm32h7xx_hal_cortex.o
 .text.__NVIC_SetPriority
                0x0000000008001780       0x54 Drivers/STM32H7xx_HAL_Driver/Src/stm32h7xx_hal_cortex.o
 .text.NVIC_EncodePriority
                0x00000000080017d4       0x66 Drivers/STM32H7xx_HAL_Driver/Src/stm32h7xx_hal_cortex.o
 *fill*         0x000000000800183a        0x2 
 .text.SysTick_Config
                0x000000000800183c       0x44 Drivers/STM32H7xx_HAL_Driver/Src/stm32h7xx_hal_cortex.o
 .text.HAL_NVIC_SetPriorityGrouping
                0x0000000008001880       0x16 Drivers/STM32H7xx_HAL_Driver/Src/stm32h7xx_hal_cortex.o
                0x0000000008001880                HAL_NVIC_SetPriorityGrouping
 .text.HAL_NVIC_SetPriority
                0x0000000008001896       0x34 Drivers/STM32H7xx_HAL_Driver/Src/stm32h7xx_hal_cortex.o
                0x0000000008001896                HAL_NVIC_SetPriority
 .text.HAL_NVIC_EnableIRQ
                0x00000000080018ca       0x1c Drivers/STM32H7xx_HAL_Driver/Src/stm32h7xx_hal_cortex.o
                0x00000000080018ca                HAL_NVIC_EnableIRQ
 .text.HAL_SYSTICK_Config
                0x00000000080018e6       0x18 Drivers/STM32H7xx_HAL_Driver/Src/stm32h7xx_hal_cortex.o
                0x00000000080018e6                HAL_SYSTICK_Config
 *fill*         0x00000000080018fe        0x2 
 .text.HAL_DMA_Init
                0x0000000008001900      0x6b8 Drivers/STM32H7xx_HAL_Driver/Src/stm32h7xx_hal_dma.o
                0x0000000008001900                HAL_DMA_Init
 .text.HAL_DMA_Start_IT
                0x0000000008001fb8      0x4d4 Drivers/STM32H7xx_HAL_Driver/Src/stm32h7xx_hal_dma.o
                0x0000000008001fb8                HAL_DMA_Start_IT
 .text.HAL_DMA_Abort_IT
                0x000000000800248c      0x488 Drivers/STM32H7xx_HAL_Driver/Src/stm32h7xx_hal_dma.o
                0x000000000800248c                HAL_DMA_Abort_IT
 .text.HAL_DMA_IRQHandler
                0x0000000008002914      0xe54 Drivers/STM32H7xx_HAL_Driver/Src/stm32h7xx_hal_dma.o
                0x0000000008002914                HAL_DMA_IRQHandler
 .text.HAL_DMA_GetError
                0x0000000008003768       0x18 Drivers/STM32H7xx_HAL_Driver/Src/stm32h7xx_hal_dma.o
                0x0000000008003768                HAL_DMA_GetError
 .text.DMA_SetConfig
                0x0000000008003780      0x358 Drivers/STM32H7xx_HAL_Driver/Src/stm32h7xx_hal_dma.o
 .text.DMA_CalcBaseAndBitshift
                0x0000000008003ad8      0x164 Drivers/STM32H7xx_HAL_Driver/Src/stm32h7xx_hal_dma.o
 .text.DMA_CheckFifoParam
                0x0000000008003c3c       0xf8 Drivers/STM32H7xx_HAL_Driver/Src/stm32h7xx_hal_dma.o
 .text.DMA_CalcDMAMUXChannelBaseAndMask
                0x0000000008003d34      0x134 Drivers/STM32H7xx_HAL_Driver/Src/stm32h7xx_hal_dma.o
 .text.DMA_CalcDMAMUXRequestGenBaseAndMask
                0x0000000008003e68       0xe8 Drivers/STM32H7xx_HAL_Driver/Src/stm32h7xx_hal_dma.o
 .text.HAL_GPIO_Init
                0x0000000008003f50      0x360 Drivers/STM32H7xx_HAL_Driver/Src/stm32h7xx_hal_gpio.o
                0x0000000008003f50                HAL_GPIO_Init
 .text.HAL_GPIO_WritePin
                0x00000000080042b0       0x32 Drivers/STM32H7xx_HAL_Driver/Src/stm32h7xx_hal_gpio.o
                0x00000000080042b0                HAL_GPIO_WritePin
 *fill*         0x00000000080042e2        0x2 
 .text.HAL_PWREx_ConfigSupply
                0x00000000080042e4       0x74 Drivers/STM32H7xx_HAL_Driver/Src/stm32h7xx_hal_pwr_ex.o
                0x00000000080042e4                HAL_PWREx_ConfigSupply
 .text.HAL_RCC_OscConfig
                0x0000000008004358      0x820 Drivers/STM32H7xx_HAL_Driver/Src/stm32h7xx_hal_rcc.o
                0x0000000008004358                HAL_RCC_OscConfig
 .text.HAL_RCC_ClockConfig
                0x0000000008004b78      0x36c Drivers/STM32H7xx_HAL_Driver/Src/stm32h7xx_hal_rcc.o
                0x0000000008004b78                HAL_RCC_ClockConfig
 .text.HAL_RCC_GetSysClockFreq
                0x0000000008004ee4      0x2e4 Drivers/STM32H7xx_HAL_Driver/Src/stm32h7xx_hal_rcc.o
                0x0000000008004ee4                HAL_RCC_GetSysClockFreq
 .text.HAL_RCC_GetHCLKFreq
                0x00000000080051c8       0x60 Drivers/STM32H7xx_HAL_Driver/Src/stm32h7xx_hal_rcc.o
                0x00000000080051c8                HAL_RCC_GetHCLKFreq
 .text.HAL_RCC_GetPCLK1Freq
                0x0000000008005228       0x2c Drivers/STM32H7xx_HAL_Driver/Src/stm32h7xx_hal_rcc.o
                0x0000000008005228                HAL_RCC_GetPCLK1Freq
 .text.HAL_RCC_GetPCLK2Freq
                0x0000000008005254       0x2c Drivers/STM32H7xx_HAL_Driver/Src/stm32h7xx_hal_rcc.o
                0x0000000008005254                HAL_RCC_GetPCLK2Freq
 .text.HAL_RCCEx_PeriphCLKConfig
                0x0000000008005280      0xddc Drivers/STM32H7xx_HAL_Driver/Src/stm32h7xx_hal_rcc_ex.o
                0x0000000008005280                HAL_RCCEx_PeriphCLKConfig
 .text.HAL_RCCEx_GetD3PCLK1Freq
                0x000000000800605c       0x2c Drivers/STM32H7xx_HAL_Driver/Src/stm32h7xx_hal_rcc_ex.o
                0x000000000800605c                HAL_RCCEx_GetD3PCLK1Freq
 .text.HAL_RCCEx_GetPLL2ClockFreq
                0x0000000008006088      0x298 Drivers/STM32H7xx_HAL_Driver/Src/stm32h7xx_hal_rcc_ex.o
                0x0000000008006088                HAL_RCCEx_GetPLL2ClockFreq
 .text.HAL_RCCEx_GetPLL3ClockFreq
                0x0000000008006320      0x298 Drivers/STM32H7xx_HAL_Driver/Src/stm32h7xx_hal_rcc_ex.o
                0x0000000008006320                HAL_RCCEx_GetPLL3ClockFreq
 .text.RCCEx_PLL2_Config
                0x00000000080065b8      0x164 Drivers/STM32H7xx_HAL_Driver/Src/stm32h7xx_hal_rcc_ex.o
 .text.RCCEx_PLL3_Config
                0x000000000800671c      0x164 Drivers/STM32H7xx_HAL_Driver/Src/stm32h7xx_hal_rcc_ex.o
 .text.HAL_SPI_Init
                0x0000000008006880      0x1f0 Drivers/STM32H7xx_HAL_Driver/Src/stm32h7xx_hal_spi.o
                0x0000000008006880                HAL_SPI_Init
 .text.HAL_SPI_TransmitReceive
                0x0000000008006a70      0x5d8 Drivers/STM32H7xx_HAL_Driver/Src/stm32h7xx_hal_spi.o
                0x0000000008006a70                HAL_SPI_TransmitReceive
 .text.HAL_SPI_Transmit_DMA
                0x0000000008007048      0x28c Drivers/STM32H7xx_HAL_Driver/Src/stm32h7xx_hal_spi.o
                0x0000000008007048                HAL_SPI_Transmit_DMA
 .text.HAL_SPI_IRQHandler
                0x00000000080072d4      0x3c4 Drivers/STM32H7xx_HAL_Driver/Src/stm32h7xx_hal_spi.o
                0x00000000080072d4                HAL_SPI_IRQHandler
 .text.HAL_SPI_RxCpltCallback
                0x0000000008007698       0x14 Drivers/STM32H7xx_HAL_Driver/Src/stm32h7xx_hal_spi.o
                0x0000000008007698                HAL_SPI_RxCpltCallback
 .text.HAL_SPI_TxRxCpltCallback
                0x00000000080076ac       0x14 Drivers/STM32H7xx_HAL_Driver/Src/stm32h7xx_hal_spi.o
                0x00000000080076ac                HAL_SPI_TxRxCpltCallback
 .text.HAL_SPI_TxHalfCpltCallback
                0x00000000080076c0       0x14 Drivers/STM32H7xx_HAL_Driver/Src/stm32h7xx_hal_spi.o
                0x00000000080076c0                HAL_SPI_TxHalfCpltCallback
 .text.HAL_SPI_ErrorCallback
                0x00000000080076d4       0x14 Drivers/STM32H7xx_HAL_Driver/Src/stm32h7xx_hal_spi.o
                0x00000000080076d4                HAL_SPI_ErrorCallback
 .text.SPI_DMATransmitCplt
                0x00000000080076e8       0x46 Drivers/STM32H7xx_HAL_Driver/Src/stm32h7xx_hal_spi.o
 .text.SPI_DMAHalfTransmitCplt
                0x000000000800772e       0x1c Drivers/STM32H7xx_HAL_Driver/Src/stm32h7xx_hal_spi.o
 .text.SPI_DMAError
                0x000000000800774a       0x46 Drivers/STM32H7xx_HAL_Driver/Src/stm32h7xx_hal_spi.o
 .text.SPI_DMAAbortOnError
                0x0000000008007790       0x34 Drivers/STM32H7xx_HAL_Driver/Src/stm32h7xx_hal_spi.o
 .text.SPI_CloseTransfer
                0x00000000080077c4      0x140 Drivers/STM32H7xx_HAL_Driver/Src/stm32h7xx_hal_spi.o
 .text.SPI_WaitOnFlagUntilTimeout
                0x0000000008007904       0x5c Drivers/STM32H7xx_HAL_Driver/Src/stm32h7xx_hal_spi.o
 .text.SPI_GetPacketSize
                0x0000000008007960       0x36 Drivers/STM32H7xx_HAL_Driver/Src/stm32h7xx_hal_spi.o
 .text.HAL_UART_Init
                0x0000000008007996       0xa0 Drivers/STM32H7xx_HAL_Driver/Src/stm32h7xx_hal_uart.o
                0x0000000008007996                HAL_UART_Init
 .text.HAL_UART_Transmit
                0x0000000008007a36      0x12c Drivers/STM32H7xx_HAL_Driver/Src/stm32h7xx_hal_uart.o
                0x0000000008007a36                HAL_UART_Transmit
 *fill*         0x0000000008007b62        0x2 
 .text.UART_SetConfig
                0x0000000008007b64      0xb60 Drivers/STM32H7xx_HAL_Driver/Src/stm32h7xx_hal_uart.o
                0x0000000008007b64                UART_SetConfig
 .text.UART_AdvFeatureConfig
                0x00000000080086c4      0x144 Drivers/STM32H7xx_HAL_Driver/Src/stm32h7xx_hal_uart.o
                0x00000000080086c4                UART_AdvFeatureConfig
 .text.UART_CheckIdleState
                0x0000000008008808       0x90 Drivers/STM32H7xx_HAL_Driver/Src/stm32h7xx_hal_uart.o
                0x0000000008008808                UART_CheckIdleState
 .text.UART_WaitOnFlagUntilTimeout
                0x0000000008008898      0x100 Drivers/STM32H7xx_HAL_Driver/Src/stm32h7xx_hal_uart.o
                0x0000000008008898                UART_WaitOnFlagUntilTimeout
 .text.HAL_UARTEx_DisableFifoMode
                0x0000000008008998       0x72 Drivers/STM32H7xx_HAL_Driver/Src/stm32h7xx_hal_uart_ex.o
                0x0000000008008998                HAL_UARTEx_DisableFifoMode
 .text.HAL_UARTEx_SetTxFifoThreshold
                0x0000000008008a0a       0x7c Drivers/STM32H7xx_HAL_Driver/Src/stm32h7xx_hal_uart_ex.o
                0x0000000008008a0a                HAL_UARTEx_SetTxFifoThreshold
 .text.HAL_UARTEx_SetRxFifoThreshold
                0x0000000008008a86       0x7c Drivers/STM32H7xx_HAL_Driver/Src/stm32h7xx_hal_uart_ex.o
                0x0000000008008a86                HAL_UARTEx_SetRxFifoThreshold
 *fill*         0x0000000008008b02        0x2 
 .text.UARTEx_SetNbDataToProcess
                0x0000000008008b04       0xd0 Drivers/STM32H7xx_HAL_Driver/Src/stm32h7xx_hal_uart_ex.o
 .text.MX_FATFS_Init
                0x0000000008008bd4       0x24 FATFS/App/fatfs.o
                0x0000000008008bd4                MX_FATFS_Init
 .text.get_fattime
                0x0000000008008bf8       0x10 FATFS/App/fatfs.o
                0x0000000008008bf8                get_fattime
 .text._Z15USER_initializeh
                0x0000000008008c08       0x1c FATFS/Target/user_diskio.o
                0x0000000008008c08                USER_initialize(unsigned char)
 .text._Z11USER_statush
                0x0000000008008c24       0x1c FATFS/Target/user_diskio.o
                0x0000000008008c24                USER_status(unsigned char)
 .text._Z9USER_readhPhmj
                0x0000000008008c40       0x26 FATFS/Target/user_diskio.o
                0x0000000008008c40                USER_read(unsigned char, unsigned char*, unsigned long, unsigned int)
 .text._Z10USER_writehPKhmj
                0x0000000008008c66       0x26 FATFS/Target/user_diskio.o
                0x0000000008008c66                USER_write(unsigned char, unsigned char const*, unsigned long, unsigned int)
 .text._Z14USER_write_dmahPKhmj
                0x0000000008008c8c       0x26 FATFS/Target/user_diskio.o
                0x0000000008008c8c                USER_write_dma(unsigned char, unsigned char const*, unsigned long, unsigned int)
 .text._Z10USER_ioctlhhPv
                0x0000000008008cb2       0x26 FATFS/Target/user_diskio.o
                0x0000000008008cb2                USER_ioctl(unsigned char, unsigned char, void*)
 .text._Z12SPI_Timer_Onm
                0x0000000008008cd8       0x28 FATFS/Target/user_diskio_spi.o
                0x0000000008008cd8                SPI_Timer_On(unsigned long)
 .text._Z16SPI_Timer_Statusv
                0x0000000008008d00       0x2c FATFS/Target/user_diskio_spi.o
                0x0000000008008d00                SPI_Timer_Status()
 .text._ZL8xchg_spih
                0x0000000008008d2c       0x2c FATFS/Target/user_diskio_spi.o
 .text._ZL14rcvr_spi_multiPhj
                0x0000000008008d58       0x36 FATFS/Target/user_diskio_spi.o
 .text._ZL14xmit_spi_multiPKhj
                0x0000000008008d8e       0x34 FATFS/Target/user_diskio_spi.o
 .text._ZL10wait_readyj
                0x0000000008008dc2       0x52 FATFS/Target/user_diskio_spi.o
 .text._ZL11despiselectv
                0x0000000008008e14       0x20 FATFS/Target/user_diskio_spi.o
 .text._ZL9spiselectv
                0x0000000008008e34       0x40 FATFS/Target/user_diskio_spi.o
 .text._ZL14rcvr_datablockPhj
                0x0000000008008e74       0x5e FATFS/Target/user_diskio_spi.o
 .text._ZL14xmit_datablockPKhh
                0x0000000008008ed2       0x6e FATFS/Target/user_diskio_spi.o
 .text._ZL18xmit_datablock_dmaPKhh
                0x0000000008008f40       0x7c FATFS/Target/user_diskio_spi.o
 .text._ZN6FatDMA14xmit_datablockEPKhh
                0x0000000008008fbc       0x70 FATFS/Target/user_diskio_spi.o
                0x0000000008008fbc                FatDMA::xmit_datablock(unsigned char const*, unsigned char)
 .text._ZN6FatDMA19xmit_datablock_cpltEv
                0x000000000800902c       0x34 FATFS/Target/user_diskio_spi.o
                0x000000000800902c                FatDMA::xmit_datablock_cplt()
 .text._ZL8send_cmdhm
                0x0000000008009060       0xf4 FATFS/Target/user_diskio_spi.o
 .text._Z19USER_SPI_initializeh
                0x0000000008009154      0x210 FATFS/Target/user_diskio_spi.o
                0x0000000008009154                USER_SPI_initialize(unsigned char)
 .text._Z15USER_SPI_statush
                0x0000000008009364       0x2c FATFS/Target/user_diskio_spi.o
                0x0000000008009364                USER_SPI_status(unsigned char)
 .text._Z13USER_SPI_readhPhmj
                0x0000000008009390      0x100 FATFS/Target/user_diskio_spi.o
                0x0000000008009390                USER_SPI_read(unsigned char, unsigned char*, unsigned long, unsigned int)
 .text._Z14USER_SPI_writehPKhmj
                0x0000000008009490      0x140 FATFS/Target/user_diskio_spi.o
                0x0000000008009490                USER_SPI_write(unsigned char, unsigned char const*, unsigned long, unsigned int)
 .text._Z18USER_SPI_write_dmahPKhmj
                0x00000000080095d0      0x140 FATFS/Target/user_diskio_spi.o
                0x00000000080095d0                USER_SPI_write_dma(unsigned char, unsigned char const*, unsigned long, unsigned int)
 .text._ZN6FatDMA24USER_SPI_write_dma_startEhPKhmj
                0x0000000008009710      0x120 FATFS/Target/user_diskio_spi.o
                0x0000000008009710                FatDMA::USER_SPI_write_dma_start(unsigned char, unsigned char const*, unsigned long, unsigned int)
 .text._ZN6FatDMA23USER_SPI_write_dma_cpltEv
                0x0000000008009830       0x3a FATFS/Target/user_diskio_spi.o
                0x0000000008009830                FatDMA::USER_SPI_write_dma_cplt()
 *fill*         0x000000000800986a        0x2 
 .text._Z14USER_SPI_ioctlhhPv
                0x000000000800986c      0x320 FATFS/Target/user_diskio_spi.o
                0x000000000800986c                USER_SPI_ioctl(unsigned char, unsigned char, void*)
 .text.disk_status
                0x0000000008009b8c       0x34 Middlewares/Third_Party/FatFs/src/diskio.o
                0x0000000008009b8c                disk_status
 .text.disk_initialize
                0x0000000008009bc0       0x4c Middlewares/Third_Party/FatFs/src/diskio.o
                0x0000000008009bc0                disk_initialize
 .text.disk_read
                0x0000000008009c0c       0x40 Middlewares/Third_Party/FatFs/src/diskio.o
                0x0000000008009c0c                disk_read
 .text.disk_write
                0x0000000008009c4c       0x40 Middlewares/Third_Party/FatFs/src/diskio.o
                0x0000000008009c4c                disk_write
 .text.disk_ioctl
                0x0000000008009c8c       0x3c Middlewares/Third_Party/FatFs/src/diskio.o
                0x0000000008009c8c                disk_ioctl
 .text._ZL7ld_wordPKh
                0x0000000008009cc8       0x30 Middlewares/Third_Party/FatFs/src/ff.o
 .text._ZL8ld_dwordPKh
                0x0000000008009cf8       0x46 Middlewares/Third_Party/FatFs/src/ff.o
 .text._ZL7st_wordPht
                0x0000000008009d3e       0x36 Middlewares/Third_Party/FatFs/src/ff.o
 .text._ZL8st_dwordPhm
                0x0000000008009d74       0x58 Middlewares/Third_Party/FatFs/src/ff.o
 .text._ZL7mem_cpyPvPKvj
                0x0000000008009dcc       0x4e Middlewares/Third_Party/FatFs/src/ff.o
 .text._ZL7mem_setPvij
                0x0000000008009e1a       0x40 Middlewares/Third_Party/FatFs/src/ff.o
 .text._ZL7mem_cmpPKvS0_j
                0x0000000008009e5a       0x5a Middlewares/Third_Party/FatFs/src/ff.o
 .text._ZL7chk_chrPKci
                0x0000000008009eb4       0x36 Middlewares/Third_Party/FatFs/src/ff.o
 *fill*         0x0000000008009eea        0x2 
 .text._ZL8chk_lockP3DIRi
                0x0000000008009eec       0xb8 Middlewares/Third_Party/FatFs/src/ff.o
 .text._ZL8enq_lockv
                0x0000000008009fa4       0x44 Middlewares/Third_Party/FatFs/src/ff.o
 .text._ZL8inc_lockP3DIRi
                0x0000000008009fe8      0x11c Middlewares/Third_Party/FatFs/src/ff.o
 .text._ZL8dec_lockj
                0x000000000800a104       0x80 Middlewares/Third_Party/FatFs/src/ff.o
 .text._ZL10clear_lockP5FATFS
                0x000000000800a184       0x48 Middlewares/Third_Party/FatFs/src/ff.o
 .text._ZL11sync_windowP5FATFS
                0x000000000800a1cc       0x92 Middlewares/Third_Party/FatFs/src/ff.o
 .text._ZL11move_windowP5FATFSm
                0x000000000800a25e       0x64 Middlewares/Third_Party/FatFs/src/ff.o
 *fill*         0x000000000800a2c2        0x2 
 .text._ZL7sync_fsP5FATFS
                0x000000000800a2c4       0xe8 Middlewares/Third_Party/FatFs/src/ff.o
 .text._ZL10clust2sectP5FATFSm
                0x000000000800a3ac       0x3e Middlewares/Third_Party/FatFs/src/ff.o
 .text._ZL7get_fatP5_FDIDm
                0x000000000800a3ea      0x174 Middlewares/Third_Party/FatFs/src/ff.o
 .text._ZL7put_fatP5FATFSmm
                0x000000000800a55e      0x1cc Middlewares/Third_Party/FatFs/src/ff.o
 .text._ZL12remove_chainP5_FDIDmm
                0x000000000800a72a       0xca Middlewares/Third_Party/FatFs/src/ff.o
 .text._ZL12create_chainP5_FDIDm
                0x000000000800a7f4      0x130 Middlewares/Third_Party/FatFs/src/ff.o
 .text._ZL10clmt_clustP3FILm
                0x000000000800a924       0x68 Middlewares/Third_Party/FatFs/src/ff.o
 .text._ZL7dir_sdiP3DIRm
                0x000000000800a98c       0xf6 Middlewares/Third_Party/FatFs/src/ff.o
 .text._ZL8dir_nextP3DIRi
                0x000000000800aa82      0x1a0 Middlewares/Third_Party/FatFs/src/ff.o
 .text._ZL9dir_allocP3DIRj
                0x000000000800ac22       0x98 Middlewares/Third_Party/FatFs/src/ff.o
 .text._ZL8ld_clustP5FATFSPKh
                0x000000000800acba       0x3e Middlewares/Third_Party/FatFs/src/ff.o
 .text._ZL8st_clustP5FATFSPhm
                0x000000000800acf8       0x40 Middlewares/Third_Party/FatFs/src/ff.o
 .text._ZL8dir_findP3DIR
                0x000000000800ad38       0xb4 Middlewares/Third_Party/FatFs/src/ff.o
 .text._ZL12dir_registerP3DIR
                0x000000000800adec       0x64 Middlewares/Third_Party/FatFs/src/ff.o
 .text._ZL11create_nameP3DIRPPKc
                0x000000000800ae50      0x134 Middlewares/Third_Party/FatFs/src/ff.o
 .text._ZL11follow_pathP3DIRPKc
                0x000000000800af84       0xe2 Middlewares/Third_Party/FatFs/src/ff.o
 .text._ZL12get_ldnumberPPKc
                0x000000000800b066       0x88 Middlewares/Third_Party/FatFs/src/ff.o
 *fill*         0x000000000800b0ee        0x2 
 .text._ZL8check_fsP5FATFSm
                0x000000000800b0f0       0xd4 Middlewares/Third_Party/FatFs/src/ff.o
 .text._ZL11find_volumePPKcPP5FATFSh
                0x000000000800b1c4      0x4cc Middlewares/Third_Party/FatFs/src/ff.o
 .text._ZL8validateP5_FDIDPP5FATFS
                0x000000000800b690       0x74 Middlewares/Third_Party/FatFs/src/ff.o
 .text.f_mount  0x000000000800b704       0x8c Middlewares/Third_Party/FatFs/src/ff.o
                0x000000000800b704                f_mount
 .text.f_open   0x000000000800b790      0x38c Middlewares/Third_Party/FatFs/src/ff.o
                0x000000000800b790                f_open
 .text.f_read   0x000000000800bb1c      0x2a4 Middlewares/Third_Party/FatFs/src/ff.o
                0x000000000800bb1c                f_read
 .text._ZN6FatDMA17f_write_dma_startEP3FILPKvj
                0x000000000800bdc0       0xbe Middlewares/Third_Party/FatFs/src/ff.o
                0x000000000800bdc0                FatDMA::f_write_dma_start(FIL*, void const*, unsigned int)
 .text._ZN6FatDMA16f_write_dma_loopEv
                0x000000000800be7e      0x362 Middlewares/Third_Party/FatFs/src/ff.o
                0x000000000800be7e                FatDMA::f_write_dma_loop()
 .text._ZN6FatDMA16f_write_dma_cpltEv
                0x000000000800c1e0       0xf4 Middlewares/Third_Party/FatFs/src/ff.o
                0x000000000800c1e0                FatDMA::f_write_dma_cplt()
 .text.f_sync   0x000000000800c2d4      0x106 Middlewares/Third_Party/FatFs/src/ff.o
                0x000000000800c2d4                f_sync
 .text.f_close  0x000000000800c3da       0x54 Middlewares/Third_Party/FatFs/src/ff.o
                0x000000000800c3da                f_close
 *fill*         0x000000000800c42e        0x2 
 .text.FATFS_LinkDriverEx
                0x000000000800c430       0x98 Middlewares/Third_Party/FatFs/src/ff_gen_drv.o
                0x000000000800c430                FATFS_LinkDriverEx
 .text.FATFS_LinkDriver
                0x000000000800c4c8       0x1e Middlewares/Third_Party/FatFs/src/ff_gen_drv.o
                0x000000000800c4c8                FATFS_LinkDriver
 *fill*         0x000000000800c4e6        0x2 
 .text.__errno  0x000000000800c4e8        0xc c:/st/stm32cubeide_1.4.0/stm32cubeide/plugins/com.st.stm32cube.ide.mcu.externaltools.gnu-tools-for-stm32.7-2018-q2-update.win32_1.4.0.202007081208/tools/bin/../lib/gcc/arm-none-eabi/7.3.1/../../../../arm-none-eabi/lib/thumb/v7e-m/fpv5/hard\libc_nano.a(lib_a-errno.o)
                0x000000000800c4e8                __errno
 .text.__libc_init_array
                0x000000000800c4f4       0x48 c:/st/stm32cubeide_1.4.0/stm32cubeide/plugins/com.st.stm32cube.ide.mcu.externaltools.gnu-tools-for-stm32.7-2018-q2-update.win32_1.4.0.202007081208/tools/bin/../lib/gcc/arm-none-eabi/7.3.1/../../../../arm-none-eabi/lib/thumb/v7e-m/fpv5/hard\libc_nano.a(lib_a-init.o)
                0x000000000800c4f4                __libc_init_array
 .text.memcpy   0x000000000800c53c       0x16 c:/st/stm32cubeide_1.4.0/stm32cubeide/plugins/com.st.stm32cube.ide.mcu.externaltools.gnu-tools-for-stm32.7-2018-q2-update.win32_1.4.0.202007081208/tools/bin/../lib/gcc/arm-none-eabi/7.3.1/../../../../arm-none-eabi/lib/thumb/v7e-m/fpv5/hard\libc_nano.a(lib_a-memcpy-stub.o)
                0x000000000800c53c                memcpy
 .text.memset   0x000000000800c552       0x10 c:/st/stm32cubeide_1.4.0/stm32cubeide/plugins/com.st.stm32cube.ide.mcu.externaltools.gnu-tools-for-stm32.7-2018-q2-update.win32_1.4.0.202007081208/tools/bin/../lib/gcc/arm-none-eabi/7.3.1/../../../../arm-none-eabi/lib/thumb/v7e-m/fpv5/hard\libc_nano.a(lib_a-memset.o)
                0x000000000800c552                memset
 .text._vsnprintf_r
                0x000000000800c562       0x58 c:/st/stm32cubeide_1.4.0/stm32cubeide/plugins/com.st.stm32cube.ide.mcu.externaltools.gnu-tools-for-stm32.7-2018-q2-update.win32_1.4.0.202007081208/tools/bin/../lib/gcc/arm-none-eabi/7.3.1/../../../../arm-none-eabi/lib/thumb/v7e-m/fpv5/hard\libc_nano.a(lib_a-vsnprintf.o)
                0x000000000800c562                _vsniprintf_r
                0x000000000800c562                _vsnprintf_r
 *fill*         0x000000000800c5ba        0x2 
 .text.vsnprintf
                0x000000000800c5bc       0x1c c:/st/stm32cubeide_1.4.0/stm32cubeide/plugins/com.st.stm32cube.ide.mcu.externaltools.gnu-tools-for-stm32.7-2018-q2-update.win32_1.4.0.202007081208/tools/bin/../lib/gcc/arm-none-eabi/7.3.1/../../../../arm-none-eabi/lib/thumb/v7e-m/fpv5/hard\libc_nano.a(lib_a-vsnprintf.o)
                0x000000000800c5bc                vsniprintf
                0x000000000800c5bc                vsnprintf
 .text.__ssputs_r
                0x000000000800c5d8       0xb4 c:/st/stm32cubeide_1.4.0/stm32cubeide/plugins/com.st.stm32cube.ide.mcu.externaltools.gnu-tools-for-stm32.7-2018-q2-update.win32_1.4.0.202007081208/tools/bin/../lib/gcc/arm-none-eabi/7.3.1/../../../../arm-none-eabi/lib/thumb/v7e-m/fpv5/hard\libc_nano.a(lib_a-nano-svfprintf.o)
                0x000000000800c5d8                __ssputs_r
 .text._svfprintf_r
                0x000000000800c68c      0x1f0 c:/st/stm32cubeide_1.4.0/stm32cubeide/plugins/com.st.stm32cube.ide.mcu.externaltools.gnu-tools-for-stm32.7-2018-q2-update.win32_1.4.0.202007081208/tools/bin/../lib/gcc/arm-none-eabi/7.3.1/../../../../arm-none-eabi/lib/thumb/v7e-m/fpv5/hard\libc_nano.a(lib_a-nano-svfprintf.o)
                0x000000000800c68c                _svfiprintf_r
                0x000000000800c68c                _svfprintf_r
 .text._printf_common
                0x000000000800c87c       0xea c:/st/stm32cubeide_1.4.0/stm32cubeide/plugins/com.st.stm32cube.ide.mcu.externaltools.gnu-tools-for-stm32.7-2018-q2-update.win32_1.4.0.202007081208/tools/bin/../lib/gcc/arm-none-eabi/7.3.1/../../../../arm-none-eabi/lib/thumb/v7e-m/fpv5/hard\libc_nano.a(lib_a-nano-vfprintf_i.o)
                0x000000000800c87c                _printf_common
 *fill*         0x000000000800c966        0x2 
 .text._printf_i
                0x000000000800c968      0x224 c:/st/stm32cubeide_1.4.0/stm32cubeide/plugins/com.st.stm32cube.ide.mcu.externaltools.gnu-tools-for-stm32.7-2018-q2-update.win32_1.4.0.202007081208/tools/bin/../lib/gcc/arm-none-eabi/7.3.1/../../../../arm-none-eabi/lib/thumb/v7e-m/fpv5/hard\libc_nano.a(lib_a-nano-vfprintf_i.o)
                0x000000000800c968                _printf_i
 .text.memmove  0x000000000800cb8c       0x32 c:/st/stm32cubeide_1.4.0/stm32cubeide/plugins/com.st.stm32cube.ide.mcu.externaltools.gnu-tools-for-stm32.7-2018-q2-update.win32_1.4.0.202007081208/tools/bin/../lib/gcc/arm-none-eabi/7.3.1/../../../../arm-none-eabi/lib/thumb/v7e-m/fpv5/hard\libc_nano.a(lib_a-memmove.o)
                0x000000000800cb8c                memmove
 *fill*         0x000000000800cbbe        0x2 
 .text._free_r  0x000000000800cbc0       0x9c c:/st/stm32cubeide_1.4.0/stm32cubeide/plugins/com.st.stm32cube.ide.mcu.externaltools.gnu-tools-for-stm32.7-2018-q2-update.win32_1.4.0.202007081208/tools/bin/../lib/gcc/arm-none-eabi/7.3.1/../../../../arm-none-eabi/lib/thumb/v7e-m/fpv5/hard\libc_nano.a(lib_a-nano-freer.o)
                0x000000000800cbc0                _free_r
 .text._malloc_r
                0x000000000800cc5c       0xb4 c:/st/stm32cubeide_1.4.0/stm32cubeide/plugins/com.st.stm32cube.ide.mcu.externaltools.gnu-tools-for-stm32.7-2018-q2-update.win32_1.4.0.202007081208/tools/bin/../lib/gcc/arm-none-eabi/7.3.1/../../../../arm-none-eabi/lib/thumb/v7e-m/fpv5/hard\libc_nano.a(lib_a-nano-mallocr.o)
                0x000000000800cc5c                _malloc_r
 .text._realloc_r
                0x000000000800cd10       0x4c c:/st/stm32cubeide_1.4.0/stm32cubeide/plugins/com.st.stm32cube.ide.mcu.externaltools.gnu-tools-for-stm32.7-2018-q2-update.win32_1.4.0.202007081208/tools/bin/../lib/gcc/arm-none-eabi/7.3.1/../../../../arm-none-eabi/lib/thumb/v7e-m/fpv5/hard\libc_nano.a(lib_a-nano-reallocr.o)
                0x000000000800cd10                _realloc_r
 .text._sbrk_r  0x000000000800cd5c       0x20 c:/st/stm32cubeide_1.4.0/stm32cubeide/plugins/com.st.stm32cube.ide.mcu.externaltools.gnu-tools-for-stm32.7-2018-q2-update.win32_1.4.0.202007081208/tools/bin/../lib/gcc/arm-none-eabi/7.3.1/../../../../arm-none-eabi/lib/thumb/v7e-m/fpv5/hard\libc_nano.a(lib_a-sbrkr.o)
                0x000000000800cd5c                _sbrk_r
 .text.__malloc_lock
                0x000000000800cd7c        0x2 c:/st/stm32cubeide_1.4.0/stm32cubeide/plugins/com.st.stm32cube.ide.mcu.externaltools.gnu-tools-for-stm32.7-2018-q2-update.win32_1.4.0.202007081208/tools/bin/../lib/gcc/arm-none-eabi/7.3.1/../../../../arm-none-eabi/lib/thumb/v7e-m/fpv5/hard\libc_nano.a(lib_a-mlock.o)
                0x000000000800cd7c                __malloc_lock
 .text.__malloc_unlock
                0x000000000800cd7e        0x2 c:/st/stm32cubeide_1.4.0/stm32cubeide/plugins/com.st.stm32cube.ide.mcu.externaltools.gnu-tools-for-stm32.7-2018-q2-update.win32_1.4.0.202007081208/tools/bin/../lib/gcc/arm-none-eabi/7.3.1/../../../../arm-none-eabi/lib/thumb/v7e-m/fpv5/hard\libc_nano.a(lib_a-mlock.o)
                0x000000000800cd7e                __malloc_unlock
 .text._malloc_usable_size_r
                0x000000000800cd80       0x10 c:/st/stm32cubeide_1.4.0/stm32cubeide/plugins/com.st.stm32cube.ide.mcu.externaltools.gnu-tools-for-stm32.7-2018-q2-update.win32_1.4.0.202007081208/tools/bin/../lib/gcc/arm-none-eabi/7.3.1/../../../../arm-none-eabi/lib/thumb/v7e-m/fpv5/hard\libc_nano.a(lib_a-nano-msizer.o)
                0x000000000800cd80                _malloc_usable_size_r
 *(.glue_7)
 .glue_7        0x000000000800cd90        0x0 linker stubs
 *(.glue_7t)
 .glue_7t       0x000000000800cd90        0x0 linker stubs
 *(.eh_frame)
 .eh_frame      0x000000000800cd90        0x0 c:/st/stm32cubeide_1.4.0/stm32cubeide/plugins/com.st.stm32cube.ide.mcu.externaltools.gnu-tools-for-stm32.7-2018-q2-update.win32_1.4.0.202007081208/tools/bin/../lib/gcc/arm-none-eabi/7.3.1/thumb/v7e-m/fpv5/hard/crtbegin.o
 *(.init)
 .init          0x000000000800cd90        0x4 c:/st/stm32cubeide_1.4.0/stm32cubeide/plugins/com.st.stm32cube.ide.mcu.externaltools.gnu-tools-for-stm32.7-2018-q2-update.win32_1.4.0.202007081208/tools/bin/../lib/gcc/arm-none-eabi/7.3.1/thumb/v7e-m/fpv5/hard/crti.o
                0x000000000800cd90                _init
 .init          0x000000000800cd94        0x8 c:/st/stm32cubeide_1.4.0/stm32cubeide/plugins/com.st.stm32cube.ide.mcu.externaltools.gnu-tools-for-stm32.7-2018-q2-update.win32_1.4.0.202007081208/tools/bin/../lib/gcc/arm-none-eabi/7.3.1/thumb/v7e-m/fpv5/hard/crtn.o
 *(.fini)
 .fini          0x000000000800cd9c        0x4 c:/st/stm32cubeide_1.4.0/stm32cubeide/plugins/com.st.stm32cube.ide.mcu.externaltools.gnu-tools-for-stm32.7-2018-q2-update.win32_1.4.0.202007081208/tools/bin/../lib/gcc/arm-none-eabi/7.3.1/thumb/v7e-m/fpv5/hard/crti.o
                0x000000000800cd9c                _fini
 .fini          0x000000000800cda0        0x8 c:/st/stm32cubeide_1.4.0/stm32cubeide/plugins/com.st.stm32cube.ide.mcu.externaltools.gnu-tools-for-stm32.7-2018-q2-update.win32_1.4.0.202007081208/tools/bin/../lib/gcc/arm-none-eabi/7.3.1/thumb/v7e-m/fpv5/hard/crtn.o
                0x000000000800cda8                . = ALIGN (0x4)
                0x000000000800cda8                _etext = .

.vfp11_veneer   0x000000000800cda8        0x0
 .vfp11_veneer  0x000000000800cda8        0x0 linker stubs

.v4_bx          0x000000000800cda8        0x0
 .v4_bx         0x000000000800cda8        0x0 linker stubs

.iplt           0x000000000800cda8        0x0
 .iplt          0x000000000800cda8        0x0 c:/st/stm32cubeide_1.4.0/stm32cubeide/plugins/com.st.stm32cube.ide.mcu.externaltools.gnu-tools-for-stm32.7-2018-q2-update.win32_1.4.0.202007081208/tools/bin/../lib/gcc/arm-none-eabi/7.3.1/thumb/v7e-m/fpv5/hard/crtbegin.o

.rodata         0x000000000800cda8      0x250
                0x000000000800cda8                . = ALIGN (0x4)
 *(.rodata)
 .rodata        0x000000000800cda8      0x116 Core/Src/main.o
 *fill*         0x000000000800cebe        0x2 
 .rodata        0x000000000800cec0       0x10 Drivers/STM32H7xx_HAL_Driver/Src/stm32h7xx_hal_uart_ex.o
 .rodata        0x000000000800ced0       0x44 Middlewares/Third_Party/FatFs/src/ff.o
 *(.rodata*)
 .rodata.D1CorePrescTable
                0x000000000800cf14       0x10 Core/Src/system_stm32h7xx.o
                0x000000000800cf14                D1CorePrescTable
 .rodata.flagBitshiftOffset.10322
                0x000000000800cf24        0x8 Drivers/STM32H7xx_HAL_Driver/Src/stm32h7xx_hal_dma.o
 .rodata.UARTPrescTable
                0x000000000800cf2c       0x18 Drivers/STM32H7xx_HAL_Driver/Src/stm32h7xx_hal_uart.o
                0x000000000800cf2c                UARTPrescTable
 .rodata._ZL5ExCvt
                0x000000000800cf44       0x80 Middlewares/Third_Party/FatFs/src/ff.o
 .rodata._svfprintf_r.str1.1
                0x000000000800cfc4       0x11 c:/st/stm32cubeide_1.4.0/stm32cubeide/plugins/com.st.stm32cube.ide.mcu.externaltools.gnu-tools-for-stm32.7-2018-q2-update.win32_1.4.0.202007081208/tools/bin/../lib/gcc/arm-none-eabi/7.3.1/../../../../arm-none-eabi/lib/thumb/v7e-m/fpv5/hard\libc_nano.a(lib_a-nano-svfprintf.o)
 .rodata._printf_i.str1.1
                0x000000000800cfd5       0x22 c:/st/stm32cubeide_1.4.0/stm32cubeide/plugins/com.st.stm32cube.ide.mcu.externaltools.gnu-tools-for-stm32.7-2018-q2-update.win32_1.4.0.202007081208/tools/bin/../lib/gcc/arm-none-eabi/7.3.1/../../../../arm-none-eabi/lib/thumb/v7e-m/fpv5/hard\libc_nano.a(lib_a-nano-vfprintf_i.o)
                0x000000000800cff8                . = ALIGN (0x4)
 *fill*         0x000000000800cff7        0x1 

.ARM.extab      0x000000000800cff8        0x0
                0x000000000800cff8                . = ALIGN (0x4)
 *(.ARM.extab* .gnu.linkonce.armextab.*)
                0x000000000800cff8                . = ALIGN (0x4)

.ARM            0x000000000800cff8        0x8
                0x000000000800cff8                . = ALIGN (0x4)
                0x000000000800cff8                __exidx_start = .
 *(.ARM.exidx*)
 .ARM.exidx     0x000000000800cff8        0x8 c:/st/stm32cubeide_1.4.0/stm32cubeide/plugins/com.st.stm32cube.ide.mcu.externaltools.gnu-tools-for-stm32.7-2018-q2-update.win32_1.4.0.202007081208/tools/bin/../lib/gcc/arm-none-eabi/7.3.1/thumb/v7e-m/fpv5/hard\libgcc.a(_udivmoddi4.o)
                0x000000000800d000                __exidx_end = .
                0x000000000800d000                . = ALIGN (0x4)

.rel.dyn        0x000000000800d000        0x0
 .rel.iplt      0x000000000800d000        0x0 c:/st/stm32cubeide_1.4.0/stm32cubeide/plugins/com.st.stm32cube.ide.mcu.externaltools.gnu-tools-for-stm32.7-2018-q2-update.win32_1.4.0.202007081208/tools/bin/../lib/gcc/arm-none-eabi/7.3.1/thumb/v7e-m/fpv5/hard/crtbegin.o

.preinit_array  0x000000000800d000        0x0
                0x000000000800d000                . = ALIGN (0x4)
                0x000000000800d000                PROVIDE (__preinit_array_start = .)
 *(.preinit_array*)
                0x000000000800d000                PROVIDE (__preinit_array_end = .)
                0x000000000800d000                . = ALIGN (0x4)

.init_array     0x000000000800d000        0x8
                0x000000000800d000                . = ALIGN (0x4)
                0x000000000800d000                PROVIDE (__init_array_start = .)
 *(SORT_BY_NAME(.init_array.*))
 *(.init_array*)
 .init_array    0x000000000800d000        0x4 c:/st/stm32cubeide_1.4.0/stm32cubeide/plugins/com.st.stm32cube.ide.mcu.externaltools.gnu-tools-for-stm32.7-2018-q2-update.win32_1.4.0.202007081208/tools/bin/../lib/gcc/arm-none-eabi/7.3.1/thumb/v7e-m/fpv5/hard/crtbegin.o
 .init_array    0x000000000800d004        0x4 Core/Src/main.o
                0x000000000800d008                PROVIDE (__init_array_end = .)
                0x000000000800d008                . = ALIGN (0x4)

.fini_array     0x000000000800d008        0x8
                0x000000000800d008                . = ALIGN (0x4)
                [!provide]                        PROVIDE (__fini_array_start = .)
 *(SORT_BY_NAME(.fini_array.*))
 *(.fini_array*)
 .fini_array    0x000000000800d008        0x4 c:/st/stm32cubeide_1.4.0/stm32cubeide/plugins/com.st.stm32cube.ide.mcu.externaltools.gnu-tools-for-stm32.7-2018-q2-update.win32_1.4.0.202007081208/tools/bin/../lib/gcc/arm-none-eabi/7.3.1/thumb/v7e-m/fpv5/hard/crtbegin.o
 .fini_array    0x000000000800d00c        0x4 Core/Src/main.o
                [!provide]                        PROVIDE (__fini_array_end = .)
                0x000000000800d010                . = ALIGN (0x4)
                0x000000000800d010                _sidata = LOADADDR (.data)

.data           0x0000000024000000       0x94 load address 0x000000000800d010
                0x0000000024000000                . = ALIGN (0x4)
                0x0000000024000000                _sdata = .
 *(.data)
 *(.data*)
 .data.n_blocks
                0x0000000024000000        0x4 Core/Src/main.o
                0x0000000024000000                n_blocks
 .data.SystemCoreClock
                0x0000000024000004        0x4 Core/Src/system_stm32h7xx.o
                0x0000000024000004                SystemCoreClock
 .data.SystemD2Clock
                0x0000000024000008        0x4 Core/Src/system_stm32h7xx.o
                0x0000000024000008                SystemD2Clock
 .data.uwTickPrio
                0x000000002400000c        0x4 Drivers/STM32H7xx_HAL_Driver/Src/stm32h7xx_hal.o
                0x000000002400000c                uwTickPrio
 .data.uwTickFreq
                0x0000000024000010        0x1 Drivers/STM32H7xx_HAL_Driver/Src/stm32h7xx_hal.o
                0x0000000024000010                uwTickFreq
 *fill*         0x0000000024000011        0x3 
 .data.USER_Driver
                0x0000000024000014       0x18 FATFS/Target/user_diskio.o
                0x0000000024000014                USER_Driver
 .data._ZL4Stat
                0x000000002400002c        0x1 FATFS/Target/user_diskio_spi.o
 *fill*         0x000000002400002d        0x3 
 .data._impure_ptr
                0x0000000024000030        0x4 c:/st/stm32cubeide_1.4.0/stm32cubeide/plugins/com.st.stm32cube.ide.mcu.externaltools.gnu-tools-for-stm32.7-2018-q2-update.win32_1.4.0.202007081208/tools/bin/../lib/gcc/arm-none-eabi/7.3.1/../../../../arm-none-eabi/lib/thumb/v7e-m/fpv5/hard\libc_nano.a(lib_a-impure.o)
                0x0000000024000030                _impure_ptr
 .data.impure_data
                0x0000000024000034       0x60 c:/st/stm32cubeide_1.4.0/stm32cubeide/plugins/com.st.stm32cube.ide.mcu.externaltools.gnu-tools-for-stm32.7-2018-q2-update.win32_1.4.0.202007081208/tools/bin/../lib/gcc/arm-none-eabi/7.3.1/../../../../arm-none-eabi/lib/thumb/v7e-m/fpv5/hard\libc_nano.a(lib_a-impure.o)
                0x0000000024000094                . = ALIGN (0x4)
                0x0000000024000094                _edata = .

.igot.plt       0x0000000024000094        0x0 load address 0x000000000800d0a4
 .igot.plt      0x0000000024000094        0x0 c:/st/stm32cubeide_1.4.0/stm32cubeide/plugins/com.st.stm32cube.ide.mcu.externaltools.gnu-tools-for-stm32.7-2018-q2-update.win32_1.4.0.202007081208/tools/bin/../lib/gcc/arm-none-eabi/7.3.1/thumb/v7e-m/fpv5/hard/crtbegin.o
                0x0000000024000094                . = ALIGN (0x4)

.bss            0x0000000024000094      0xe84 load address 0x000000000800d0a4
                0x0000000024000094                _sbss = .
                0x0000000024000094                __bss_start__ = _sbss
 *(.bss)
 .bss           0x0000000024000094       0x1c c:/st/stm32cubeide_1.4.0/stm32cubeide/plugins/com.st.stm32cube.ide.mcu.externaltools.gnu-tools-for-stm32.7-2018-q2-update.win32_1.4.0.202007081208/tools/bin/../lib/gcc/arm-none-eabi/7.3.1/thumb/v7e-m/fpv5/hard/crtbegin.o
 *(.bss*)
 .bss.hspi3     0x00000000240000b0       0x88 Core/Src/main.o
                0x00000000240000b0                hspi3
 .bss.hdma_spi3_tx
                0x0000000024000138       0x78 Core/Src/main.o
                0x0000000024000138                hdma_spi3_tx
 .bss.huart3    0x00000000240001b0       0x8c Core/Src/main.o
                0x00000000240001b0                huart3
 .bss.FatFs     0x000000002400023c      0x230 Core/Src/main.o
                0x000000002400023c                FatFs
 .bss.fil       0x000000002400046c      0x230 Core/Src/main.o
                0x000000002400046c                fil
 .bss.fres      0x000000002400069c        0x1 Core/Src/main.o
                0x000000002400069c                fres
 *fill*         0x000000002400069d        0x3 
 .bss.bytesWrote
                0x00000000240006a0        0x4 Core/Src/main.o
                0x00000000240006a0                bytesWrote
 .bss.fatDma    0x00000000240006a4       0xb8 Core/Src/main.o
                0x00000000240006a4                fatDma
 .bss._ZZ8myprintfPKczE6buffer
                0x000000002400075c      0x100 Core/Src/main.o
 .bss.block     0x000000002400085c      0x200 Core/Src/main.o
                0x000000002400085c                block
 .bss.__sbrk_heap_end
                0x0000000024000a5c        0x4 Core/Src/sysmem.o
 .bss._ZL8CardType
                0x0000000024000a60        0x1 FATFS/Target/user_diskio_spi.o
 *fill*         0x0000000024000a61        0x3 
 .bss.spiTimerTickStart
                0x0000000024000a64        0x4 FATFS/Target/user_diskio_spi.o
                0x0000000024000a64                spiTimerTickStart
 .bss.spiTimerTickDelay
                0x0000000024000a68        0x4 FATFS/Target/user_diskio_spi.o
                0x0000000024000a68                spiTimerTickDelay
 .bss._ZL5FatFs
                0x0000000024000a6c        0x4 Middlewares/Third_Party/FatFs/src/ff.o
 .bss._ZL4Fsid  0x0000000024000a70        0x2 Middlewares/Third_Party/FatFs/src/ff.o
 *fill*         0x0000000024000a72        0x2 
 .bss._ZL5Files
                0x0000000024000a74       0x20 Middlewares/Third_Party/FatFs/src/ff.o
 .bss.disk      0x0000000024000a94        0xc Middlewares/Third_Party/FatFs/src/ff_gen_drv.o
                0x0000000024000a94                disk
 .bss.__malloc_free_list
                0x0000000024000aa0        0x4 c:/st/stm32cubeide_1.4.0/stm32cubeide/plugins/com.st.stm32cube.ide.mcu.externaltools.gnu-tools-for-stm32.7-2018-q2-update.win32_1.4.0.202007081208/tools/bin/../lib/gcc/arm-none-eabi/7.3.1/../../../../arm-none-eabi/lib/thumb/v7e-m/fpv5/hard\libc_nano.a(lib_a-nano-mallocr.o)
                0x0000000024000aa0                __malloc_free_list
 .bss.__malloc_sbrk_start
                0x0000000024000aa4        0x4 c:/st/stm32cubeide_1.4.0/stm32cubeide/plugins/com.st.stm32cube.ide.mcu.externaltools.gnu-tools-for-stm32.7-2018-q2-update.win32_1.4.0.202007081208/tools/bin/../lib/gcc/arm-none-eabi/7.3.1/../../../../arm-none-eabi/lib/thumb/v7e-m/fpv5/hard\libc_nano.a(lib_a-nano-mallocr.o)
                0x0000000024000aa4                __malloc_sbrk_start
 *(COMMON)
 COMMON         0x0000000024000aa8        0x4 Drivers/STM32H7xx_HAL_Driver/Src/stm32h7xx_hal.o
                0x0000000024000aa8                uwTick
 COMMON         0x0000000024000aac      0x468 FATFS/App/fatfs.o
                0x0000000024000aac                USERPath
                0x0000000024000ab0                retUSER
                0x0000000024000ab4                USERFile
                0x0000000024000ce4                USERFatFS
 COMMON         0x0000000024000f14        0x4 c:/st/stm32cubeide_1.4.0/stm32cubeide/plugins/com.st.stm32cube.ide.mcu.externaltools.gnu-tools-for-stm32.7-2018-q2-update.win32_1.4.0.202007081208/tools/bin/../lib/gcc/arm-none-eabi/7.3.1/../../../../arm-none-eabi/lib/thumb/v7e-m/fpv5/hard\libc_nano.a(lib_a-reent.o)
                0x0000000024000f14                errno
                0x0000000024000f18                . = ALIGN (0x4)
                0x0000000024000f18                _ebss = .
                0x0000000024000f18                __bss_end__ = _ebss

._user_heap_stack
                0x0000000024000f18      0x600 load address 0x000000000800d0a4
                0x0000000024000f18                . = ALIGN (0x8)
                [!provide]                        PROVIDE (end = .)
                0x0000000024000f18                PROVIDE (_end = .)
                0x0000000024001118                . = (. + _Min_Heap_Size)
 *fill*         0x0000000024000f18      0x200 
                0x0000000024001518                . = (. + _Min_Stack_Size)
 *fill*         0x0000000024001118      0x400 
                0x0000000024001518                . = ALIGN (0x8)

/DISCARD/
 libc.a(*)
 libm.a(*)
 libgcc.a(*)

.ARM.attributes
                0x0000000000000000       0x2e
 *(.ARM.attributes)
 .ARM.attributes
                0x0000000000000000       0x20 c:/st/stm32cubeide_1.4.0/stm32cubeide/plugins/com.st.stm32cube.ide.mcu.externaltools.gnu-tools-for-stm32.7-2018-q2-update.win32_1.4.0.202007081208/tools/bin/../lib/gcc/arm-none-eabi/7.3.1/thumb/v7e-m/fpv5/hard/crti.o
 .ARM.attributes
                0x0000000000000020       0x32 c:/st/stm32cubeide_1.4.0/stm32cubeide/plugins/com.st.stm32cube.ide.mcu.externaltools.gnu-tools-for-stm32.7-2018-q2-update.win32_1.4.0.202007081208/tools/bin/../lib/gcc/arm-none-eabi/7.3.1/thumb/v7e-m/fpv5/hard/crtbegin.o
 .ARM.attributes
                0x0000000000000052       0x37 Core/Src/FatDMA.o
 .ARM.attributes
                0x0000000000000089       0x37 Core/Src/main.o
 .ARM.attributes
                0x00000000000000c0       0x37 Core/Src/stm32h7xx_hal_msp.o
 .ARM.attributes
                0x00000000000000f7       0x37 Core/Src/stm32h7xx_it.o
 .ARM.attributes
                0x000000000000012e       0x37 Core/Src/sysmem.o
 .ARM.attributes
                0x0000000000000165       0x37 Core/Src/system_stm32h7xx.o
 .ARM.attributes
                0x000000000000019c       0x21 Core/Startup/startup_stm32h743zitx.o
 .ARM.attributes
                0x00000000000001bd       0x37 Drivers/STM32H7xx_HAL_Driver/Src/stm32h7xx_hal.o
 .ARM.attributes
                0x00000000000001f4       0x37 Drivers/STM32H7xx_HAL_Driver/Src/stm32h7xx_hal_cortex.o
 .ARM.attributes
                0x000000000000022b       0x37 Drivers/STM32H7xx_HAL_Driver/Src/stm32h7xx_hal_dma.o
 .ARM.attributes
                0x0000000000000262       0x37 Drivers/STM32H7xx_HAL_Driver/Src/stm32h7xx_hal_gpio.o
 .ARM.attributes
                0x0000000000000299       0x37 Drivers/STM32H7xx_HAL_Driver/Src/stm32h7xx_hal_pwr_ex.o
 .ARM.attributes
                0x00000000000002d0       0x37 Drivers/STM32H7xx_HAL_Driver/Src/stm32h7xx_hal_rcc.o
 .ARM.attributes
                0x0000000000000307       0x37 Drivers/STM32H7xx_HAL_Driver/Src/stm32h7xx_hal_rcc_ex.o
 .ARM.attributes
                0x000000000000033e       0x37 Drivers/STM32H7xx_HAL_Driver/Src/stm32h7xx_hal_spi.o
 .ARM.attributes
                0x0000000000000375       0x37 Drivers/STM32H7xx_HAL_Driver/Src/stm32h7xx_hal_uart.o
 .ARM.attributes
                0x00000000000003ac       0x37 Drivers/STM32H7xx_HAL_Driver/Src/stm32h7xx_hal_uart_ex.o
 .ARM.attributes
                0x00000000000003e3       0x37 FATFS/App/fatfs.o
 .ARM.attributes
                0x000000000000041a       0x37 FATFS/Target/user_diskio.o
 .ARM.attributes
                0x0000000000000451       0x37 FATFS/Target/user_diskio_spi.o
 .ARM.attributes
                0x0000000000000488       0x37 Middlewares/Third_Party/FatFs/src/diskio.o
 .ARM.attributes
                0x00000000000004bf       0x37 Middlewares/Third_Party/FatFs/src/ff.o
 .ARM.attributes
                0x00000000000004f6       0x37 Middlewares/Third_Party/FatFs/src/ff_gen_drv.o
 .ARM.attributes
                0x000000000000052d       0x32 c:/st/stm32cubeide_1.4.0/stm32cubeide/plugins/com.st.stm32cube.ide.mcu.externaltools.gnu-tools-for-stm32.7-2018-q2-update.win32_1.4.0.202007081208/tools/bin/../lib/gcc/arm-none-eabi/7.3.1/../../../../arm-none-eabi/lib/thumb/v7e-m/fpv5/hard\libc_nano.a(lib_a-errno.o)
 .ARM.attributes
                0x000000000000055f       0x32 c:/st/stm32cubeide_1.4.0/stm32cubeide/plugins/com.st.stm32cube.ide.mcu.externaltools.gnu-tools-for-stm32.7-2018-q2-update.win32_1.4.0.202007081208/tools/bin/../lib/gcc/arm-none-eabi/7.3.1/../../../../arm-none-eabi/lib/thumb/v7e-m/fpv5/hard\libc_nano.a(lib_a-impure.o)
 .ARM.attributes
                0x0000000000000591       0x32 c:/st/stm32cubeide_1.4.0/stm32cubeide/plugins/com.st.stm32cube.ide.mcu.externaltools.gnu-tools-for-stm32.7-2018-q2-update.win32_1.4.0.202007081208/tools/bin/../lib/gcc/arm-none-eabi/7.3.1/../../../../arm-none-eabi/lib/thumb/v7e-m/fpv5/hard\libc_nano.a(lib_a-init.o)
 .ARM.attributes
                0x00000000000005c3       0x32 c:/st/stm32cubeide_1.4.0/stm32cubeide/plugins/com.st.stm32cube.ide.mcu.externaltools.gnu-tools-for-stm32.7-2018-q2-update.win32_1.4.0.202007081208/tools/bin/../lib/gcc/arm-none-eabi/7.3.1/../../../../arm-none-eabi/lib/thumb/v7e-m/fpv5/hard\libc_nano.a(lib_a-memcpy-stub.o)
 .ARM.attributes
                0x00000000000005f5       0x32 c:/st/stm32cubeide_1.4.0/stm32cubeide/plugins/com.st.stm32cube.ide.mcu.externaltools.gnu-tools-for-stm32.7-2018-q2-update.win32_1.4.0.202007081208/tools/bin/../lib/gcc/arm-none-eabi/7.3.1/../../../../arm-none-eabi/lib/thumb/v7e-m/fpv5/hard\libc_nano.a(lib_a-memset.o)
 .ARM.attributes
                0x0000000000000627       0x19 c:/st/stm32cubeide_1.4.0/stm32cubeide/plugins/com.st.stm32cube.ide.mcu.externaltools.gnu-tools-for-stm32.7-2018-q2-update.win32_1.4.0.202007081208/tools/bin/../lib/gcc/arm-none-eabi/7.3.1/../../../../arm-none-eabi/lib/thumb/v7e-m/fpv5/hard\libc_nano.a(lib_a-strlen.o)
 .ARM.attributes
                0x0000000000000640       0x32 c:/st/stm32cubeide_1.4.0/stm32cubeide/plugins/com.st.stm32cube.ide.mcu.externaltools.gnu-tools-for-stm32.7-2018-q2-update.win32_1.4.0.202007081208/tools/bin/../lib/gcc/arm-none-eabi/7.3.1/../../../../arm-none-eabi/lib/thumb/v7e-m/fpv5/hard\libc_nano.a(lib_a-vsnprintf.o)
 .ARM.attributes
                0x0000000000000672       0x32 c:/st/stm32cubeide_1.4.0/stm32cubeide/plugins/com.st.stm32cube.ide.mcu.externaltools.gnu-tools-for-stm32.7-2018-q2-update.win32_1.4.0.202007081208/tools/bin/../lib/gcc/arm-none-eabi/7.3.1/../../../../arm-none-eabi/lib/thumb/v7e-m/fpv5/hard\libc_nano.a(lib_a-nano-svfprintf.o)
 .ARM.attributes
                0x00000000000006a4       0x32 c:/st/stm32cubeide_1.4.0/stm32cubeide/plugins/com.st.stm32cube.ide.mcu.externaltools.gnu-tools-for-stm32.7-2018-q2-update.win32_1.4.0.202007081208/tools/bin/../lib/gcc/arm-none-eabi/7.3.1/../../../../arm-none-eabi/lib/thumb/v7e-m/fpv5/hard\libc_nano.a(lib_a-nano-vfprintf_i.o)
 .ARM.attributes
                0x00000000000006d6       0x1e c:/st/stm32cubeide_1.4.0/stm32cubeide/plugins/com.st.stm32cube.ide.mcu.externaltools.gnu-tools-for-stm32.7-2018-q2-update.win32_1.4.0.202007081208/tools/bin/../lib/gcc/arm-none-eabi/7.3.1/../../../../arm-none-eabi/lib/thumb/v7e-m/fpv5/hard\libc_nano.a(lib_a-memchr.o)
 .ARM.attributes
                0x00000000000006f4       0x32 c:/st/stm32cubeide_1.4.0/stm32cubeide/plugins/com.st.stm32cube.ide.mcu.externaltools.gnu-tools-for-stm32.7-2018-q2-update.win32_1.4.0.202007081208/tools/bin/../lib/gcc/arm-none-eabi/7.3.1/../../../../arm-none-eabi/lib/thumb/v7e-m/fpv5/hard\libc_nano.a(lib_a-memmove.o)
 .ARM.attributes
                0x0000000000000726       0x32 c:/st/stm32cubeide_1.4.0/stm32cubeide/plugins/com.st.stm32cube.ide.mcu.externaltools.gnu-tools-for-stm32.7-2018-q2-update.win32_1.4.0.202007081208/tools/bin/../lib/gcc/arm-none-eabi/7.3.1/../../../../arm-none-eabi/lib/thumb/v7e-m/fpv5/hard\libc_nano.a(lib_a-nano-freer.o)
 .ARM.attributes
                0x0000000000000758       0x32 c:/st/stm32cubeide_1.4.0/stm32cubeide/plugins/com.st.stm32cube.ide.mcu.externaltools.gnu-tools-for-stm32.7-2018-q2-update.win32_1.4.0.202007081208/tools/bin/../lib/gcc/arm-none-eabi/7.3.1/../../../../arm-none-eabi/lib/thumb/v7e-m/fpv5/hard\libc_nano.a(lib_a-nano-mallocr.o)
 .ARM.attributes
                0x000000000000078a       0x32 c:/st/stm32cubeide_1.4.0/stm32cubeide/plugins/com.st.stm32cube.ide.mcu.externaltools.gnu-tools-for-stm32.7-2018-q2-update.win32_1.4.0.202007081208/tools/bin/../lib/gcc/arm-none-eabi/7.3.1/../../../../arm-none-eabi/lib/thumb/v7e-m/fpv5/hard\libc_nano.a(lib_a-nano-reallocr.o)
 .ARM.attributes
                0x00000000000007bc       0x32 c:/st/stm32cubeide_1.4.0/stm32cubeide/plugins/com.st.stm32cube.ide.mcu.externaltools.gnu-tools-for-stm32.7-2018-q2-update.win32_1.4.0.202007081208/tools/bin/../lib/gcc/arm-none-eabi/7.3.1/../../../../arm-none-eabi/lib/thumb/v7e-m/fpv5/hard\libc_nano.a(lib_a-sbrkr.o)
 .ARM.attributes
                0x00000000000007ee       0x32 c:/st/stm32cubeide_1.4.0/stm32cubeide/plugins/com.st.stm32cube.ide.mcu.externaltools.gnu-tools-for-stm32.7-2018-q2-update.win32_1.4.0.202007081208/tools/bin/../lib/gcc/arm-none-eabi/7.3.1/../../../../arm-none-eabi/lib/thumb/v7e-m/fpv5/hard\libc_nano.a(lib_a-mlock.o)
 .ARM.attributes
                0x0000000000000820       0x32 c:/st/stm32cubeide_1.4.0/stm32cubeide/plugins/com.st.stm32cube.ide.mcu.externaltools.gnu-tools-for-stm32.7-2018-q2-update.win32_1.4.0.202007081208/tools/bin/../lib/gcc/arm-none-eabi/7.3.1/../../../../arm-none-eabi/lib/thumb/v7e-m/fpv5/hard\libc_nano.a(lib_a-nano-msizer.o)
 .ARM.attributes
                0x0000000000000852       0x32 c:/st/stm32cubeide_1.4.0/stm32cubeide/plugins/com.st.stm32cube.ide.mcu.externaltools.gnu-tools-for-stm32.7-2018-q2-update.win32_1.4.0.202007081208/tools/bin/../lib/gcc/arm-none-eabi/7.3.1/../../../../arm-none-eabi/lib/thumb/v7e-m/fpv5/hard\libc_nano.a(lib_a-reent.o)
 .ARM.attributes
                0x0000000000000884       0x20 c:/st/stm32cubeide_1.4.0/stm32cubeide/plugins/com.st.stm32cube.ide.mcu.externaltools.gnu-tools-for-stm32.7-2018-q2-update.win32_1.4.0.202007081208/tools/bin/../lib/gcc/arm-none-eabi/7.3.1/thumb/v7e-m/fpv5/hard\libgcc.a(_aeabi_uldivmod.o)
 .ARM.attributes
                0x00000000000008a4       0x32 c:/st/stm32cubeide_1.4.0/stm32cubeide/plugins/com.st.stm32cube.ide.mcu.externaltools.gnu-tools-for-stm32.7-2018-q2-update.win32_1.4.0.202007081208/tools/bin/../lib/gcc/arm-none-eabi/7.3.1/thumb/v7e-m/fpv5/hard\libgcc.a(_udivmoddi4.o)
 .ARM.attributes
                0x00000000000008d6       0x20 c:/st/stm32cubeide_1.4.0/stm32cubeide/plugins/com.st.stm32cube.ide.mcu.externaltools.gnu-tools-for-stm32.7-2018-q2-update.win32_1.4.0.202007081208/tools/bin/../lib/gcc/arm-none-eabi/7.3.1/thumb/v7e-m/fpv5/hard\libgcc.a(_dvmd_tls.o)
 .ARM.attributes
                0x00000000000008f6       0x20 c:/st/stm32cubeide_1.4.0/stm32cubeide/plugins/com.st.stm32cube.ide.mcu.externaltools.gnu-tools-for-stm32.7-2018-q2-update.win32_1.4.0.202007081208/tools/bin/../lib/gcc/arm-none-eabi/7.3.1/thumb/v7e-m/fpv5/hard/crtn.o
OUTPUT(SD_Test_with_DMA_Class.elf elf32-littlearm)

.debug_info     0x0000000000000000    0x2710d
 .debug_info    0x0000000000000000     0x27f6 Core/Src/FatDMA.o
 .debug_info    0x00000000000027f6     0x3dc6 Core/Src/main.o
 .debug_info    0x00000000000065bc     0x1de8 Core/Src/stm32h7xx_hal_msp.o
 .debug_info    0x00000000000083a4     0x11d9 Core/Src/stm32h7xx_it.o
 .debug_info    0x000000000000957d      0x985 Core/Src/sysmem.o
 .debug_info    0x0000000000009f02     0x161d Core/Src/system_stm32h7xx.o
 .debug_info    0x000000000000b51f       0x22 Core/Startup/startup_stm32h743zitx.o
 .debug_info    0x000000000000b541     0x1e3c Drivers/STM32H7xx_HAL_Driver/Src/stm32h7xx_hal.o
 .debug_info    0x000000000000d37d     0x1ab0 Drivers/STM32H7xx_HAL_Driver/Src/stm32h7xx_hal_cortex.o
 .debug_info    0x000000000000ee2d     0x15f3 Drivers/STM32H7xx_HAL_Driver/Src/stm32h7xx_hal_dma.o
 .debug_info    0x0000000000010420     0x1666 Drivers/STM32H7xx_HAL_Driver/Src/stm32h7xx_hal_gpio.o
 .debug_info    0x0000000000011a86     0x1951 Drivers/STM32H7xx_HAL_Driver/Src/stm32h7xx_hal_pwr_ex.o
 .debug_info    0x00000000000133d7     0x17c7 Drivers/STM32H7xx_HAL_Driver/Src/stm32h7xx_hal_rcc.o
 .debug_info    0x0000000000014b9e     0x1b37 Drivers/STM32H7xx_HAL_Driver/Src/stm32h7xx_hal_rcc_ex.o
 .debug_info    0x00000000000166d5     0x1dc6 Drivers/STM32H7xx_HAL_Driver/Src/stm32h7xx_hal_spi.o
 .debug_info    0x000000000001849b     0x24aa Drivers/STM32H7xx_HAL_Driver/Src/stm32h7xx_hal_uart.o
 .debug_info    0x000000000001a945     0x14a9 Drivers/STM32H7xx_HAL_Driver/Src/stm32h7xx_hal_uart_ex.o
 .debug_info    0x000000000001bdee      0xee3 FATFS/App/fatfs.o
 .debug_info    0x000000000001ccd1     0x1b89 FATFS/Target/user_diskio.o
 .debug_info    0x000000000001e85a     0x2c16 FATFS/Target/user_diskio_spi.o
 .debug_info    0x0000000000021470      0xe9e Middlewares/Third_Party/FatFs/src/diskio.o
 .debug_info    0x000000000002230e     0x4029 Middlewares/Third_Party/FatFs/src/ff.o
 .debug_info    0x0000000000026337      0xdd6 Middlewares/Third_Party/FatFs/src/ff_gen_drv.o

.debug_abbrev   0x0000000000000000     0x40b5
 .debug_abbrev  0x0000000000000000      0x3ea Core/Src/FatDMA.o
 .debug_abbrev  0x00000000000003ea      0x55e Core/Src/main.o
 .debug_abbrev  0x0000000000000948      0x226 Core/Src/stm32h7xx_hal_msp.o
 .debug_abbrev  0x0000000000000b6e      0x1d6 Core/Src/stm32h7xx_it.o
 .debug_abbrev  0x0000000000000d44      0x19b Core/Src/sysmem.o
 .debug_abbrev  0x0000000000000edf      0x22e Core/Src/system_stm32h7xx.o
 .debug_abbrev  0x000000000000110d       0x12 Core/Startup/startup_stm32h743zitx.o
 .debug_abbrev  0x000000000000111f      0x2d9 Drivers/STM32H7xx_HAL_Driver/Src/stm32h7xx_hal.o
 .debug_abbrev  0x00000000000013f8      0x3b5 Drivers/STM32H7xx_HAL_Driver/Src/stm32h7xx_hal_cortex.o
 .debug_abbrev  0x00000000000017ad      0x289 Drivers/STM32H7xx_HAL_Driver/Src/stm32h7xx_hal_dma.o
 .debug_abbrev  0x0000000000001a36      0x28f Drivers/STM32H7xx_HAL_Driver/Src/stm32h7xx_hal_gpio.o
 .debug_abbrev  0x0000000000001cc5      0x311 Drivers/STM32H7xx_HAL_Driver/Src/stm32h7xx_hal_pwr_ex.o
 .debug_abbrev  0x0000000000001fd6      0x2e2 Drivers/STM32H7xx_HAL_Driver/Src/stm32h7xx_hal_rcc.o
 .debug_abbrev  0x00000000000022b8      0x2db Drivers/STM32H7xx_HAL_Driver/Src/stm32h7xx_hal_rcc_ex.o
 .debug_abbrev  0x0000000000002593      0x2d5 Drivers/STM32H7xx_HAL_Driver/Src/stm32h7xx_hal_spi.o
 .debug_abbrev  0x0000000000002868      0x2bb Drivers/STM32H7xx_HAL_Driver/Src/stm32h7xx_hal_uart.o
 .debug_abbrev  0x0000000000002b23      0x26f Drivers/STM32H7xx_HAL_Driver/Src/stm32h7xx_hal_uart_ex.o
 .debug_abbrev  0x0000000000002d92      0x1fb FATFS/App/fatfs.o
 .debug_abbrev  0x0000000000002f8d      0x317 FATFS/Target/user_diskio.o
 .debug_abbrev  0x00000000000032a4      0x521 FATFS/Target/user_diskio_spi.o
 .debug_abbrev  0x00000000000037c5      0x225 Middlewares/Third_Party/FatFs/src/diskio.o
 .debug_abbrev  0x00000000000039ea      0x479 Middlewares/Third_Party/FatFs/src/ff.o
 .debug_abbrev  0x0000000000003e63      0x252 Middlewares/Third_Party/FatFs/src/ff_gen_drv.o

.debug_aranges  0x0000000000000000     0x10c8
 .debug_aranges
                0x0000000000000000       0x30 Core/Src/FatDMA.o
 .debug_aranges
                0x0000000000000030       0x88 Core/Src/main.o
 .debug_aranges
                0x00000000000000b8       0x40 Core/Src/stm32h7xx_hal_msp.o
 .debug_aranges
                0x00000000000000f8       0x70 Core/Src/stm32h7xx_it.o
 .debug_aranges
                0x0000000000000168       0x20 Core/Src/sysmem.o
 .debug_aranges
                0x0000000000000188       0x28 Core/Src/system_stm32h7xx.o
 .debug_aranges
                0x00000000000001b0       0x28 Core/Startup/startup_stm32h743zitx.o
 .debug_aranges
                0x00000000000001d8      0x1b8 Drivers/STM32H7xx_HAL_Driver/Src/stm32h7xx_hal.o
 .debug_aranges
                0x0000000000000390      0x120 Drivers/STM32H7xx_HAL_Driver/Src/stm32h7xx_hal_cortex.o
 .debug_aranges
                0x00000000000004b0       0xa0 Drivers/STM32H7xx_HAL_Driver/Src/stm32h7xx_hal_dma.o
 .debug_aranges
                0x0000000000000550       0x58 Drivers/STM32H7xx_HAL_Driver/Src/stm32h7xx_hal_gpio.o
 .debug_aranges
                0x00000000000005a8      0x158 Drivers/STM32H7xx_HAL_Driver/Src/stm32h7xx_hal_pwr_ex.o
 .debug_aranges
                0x0000000000000700       0x88 Drivers/STM32H7xx_HAL_Driver/Src/stm32h7xx_hal_rcc.o
 .debug_aranges
                0x0000000000000788       0xf8 Drivers/STM32H7xx_HAL_Driver/Src/stm32h7xx_hal_rcc_ex.o
 .debug_aranges
                0x0000000000000880      0x1a0 Drivers/STM32H7xx_HAL_Driver/Src/stm32h7xx_hal_spi.o
 .debug_aranges
                0x0000000000000a20      0x230 Drivers/STM32H7xx_HAL_Driver/Src/stm32h7xx_hal_uart.o
 .debug_aranges
                0x0000000000000c50       0x88 Drivers/STM32H7xx_HAL_Driver/Src/stm32h7xx_hal_uart_ex.o
 .debug_aranges
                0x0000000000000cd8       0x28 FATFS/App/fatfs.o
 .debug_aranges
                0x0000000000000d00       0x48 FATFS/Target/user_diskio.o
 .debug_aranges
                0x0000000000000d48       0xc8 FATFS/Target/user_diskio_spi.o
 .debug_aranges
                0x0000000000000e10       0x50 Middlewares/Third_Party/FatFs/src/diskio.o
 .debug_aranges
                0x0000000000000e60      0x228 Middlewares/Third_Party/FatFs/src/ff.o
 .debug_aranges
                0x0000000000001088       0x40 Middlewares/Third_Party/FatFs/src/ff_gen_drv.o

.debug_ranges   0x0000000000000000      0xf60
 .debug_ranges  0x0000000000000000       0x20 Core/Src/FatDMA.o
 .debug_ranges  0x0000000000000020       0x78 Core/Src/main.o
 .debug_ranges  0x0000000000000098       0x30 Core/Src/stm32h7xx_hal_msp.o
 .debug_ranges  0x00000000000000c8       0x60 Core/Src/stm32h7xx_it.o
 .debug_ranges  0x0000000000000128       0x10 Core/Src/sysmem.o
 .debug_ranges  0x0000000000000138       0x18 Core/Src/system_stm32h7xx.o
 .debug_ranges  0x0000000000000150       0x20 Core/Startup/startup_stm32h743zitx.o
 .debug_ranges  0x0000000000000170      0x1a8 Drivers/STM32H7xx_HAL_Driver/Src/stm32h7xx_hal.o
 .debug_ranges  0x0000000000000318      0x110 Drivers/STM32H7xx_HAL_Driver/Src/stm32h7xx_hal_cortex.o
 .debug_ranges  0x0000000000000428       0x90 Drivers/STM32H7xx_HAL_Driver/Src/stm32h7xx_hal_dma.o
 .debug_ranges  0x00000000000004b8       0x48 Drivers/STM32H7xx_HAL_Driver/Src/stm32h7xx_hal_gpio.o
 .debug_ranges  0x0000000000000500      0x148 Drivers/STM32H7xx_HAL_Driver/Src/stm32h7xx_hal_pwr_ex.o
 .debug_ranges  0x0000000000000648       0x78 Drivers/STM32H7xx_HAL_Driver/Src/stm32h7xx_hal_rcc.o
 .debug_ranges  0x00000000000006c0       0xe8 Drivers/STM32H7xx_HAL_Driver/Src/stm32h7xx_hal_rcc_ex.o
 .debug_ranges  0x00000000000007a8      0x190 Drivers/STM32H7xx_HAL_Driver/Src/stm32h7xx_hal_spi.o
 .debug_ranges  0x0000000000000938      0x220 Drivers/STM32H7xx_HAL_Driver/Src/stm32h7xx_hal_uart.o
 .debug_ranges  0x0000000000000b58       0x78 Drivers/STM32H7xx_HAL_Driver/Src/stm32h7xx_hal_uart_ex.o
 .debug_ranges  0x0000000000000bd0       0x18 FATFS/App/fatfs.o
 .debug_ranges  0x0000000000000be8       0x38 FATFS/Target/user_diskio.o
 .debug_ranges  0x0000000000000c20       0xb8 FATFS/Target/user_diskio_spi.o
 .debug_ranges  0x0000000000000cd8       0x40 Middlewares/Third_Party/FatFs/src/diskio.o
 .debug_ranges  0x0000000000000d18      0x218 Middlewares/Third_Party/FatFs/src/ff.o
 .debug_ranges  0x0000000000000f30       0x30 Middlewares/Third_Party/FatFs/src/ff_gen_drv.o

.debug_macro    0x0000000000000000    0x3b880
 .debug_macro   0x0000000000000000      0x399 Core/Src/FatDMA.o
 .debug_macro   0x0000000000000399      0xb38 Core/Src/FatDMA.o
 .debug_macro   0x0000000000000ed1      0x238 Core/Src/FatDMA.o
 .debug_macro   0x0000000000001109       0x2e Core/Src/FatDMA.o
 .debug_macro   0x0000000000001137       0x3b Core/Src/FatDMA.o
 .debug_macro   0x0000000000001172       0x1c Core/Src/FatDMA.o
 .debug_macro   0x000000000000118e       0x22 Core/Src/FatDMA.o
 .debug_macro   0x00000000000011b0       0x8e Core/Src/FatDMA.o
 .debug_macro   0x000000000000123e       0x51 Core/Src/FatDMA.o
 .debug_macro   0x000000000000128f       0xef Core/Src/FatDMA.o
 .debug_macro   0x000000000000137e       0x6a Core/Src/FatDMA.o
 .debug_macro   0x00000000000013e8      0x1df Core/Src/FatDMA.o
 .debug_macro   0x00000000000015c7       0x1c Core/Src/FatDMA.o
 .debug_macro   0x00000000000015e3       0x22 Core/Src/FatDMA.o
 .debug_macro   0x0000000000001605       0xdf Core/Src/FatDMA.o
 .debug_macro   0x00000000000016e4     0x12cd Core/Src/FatDMA.o
 .debug_macro   0x00000000000029b1      0x11f Core/Src/FatDMA.o
 .debug_macro   0x0000000000002ad0       0x19 Core/Src/FatDMA.o
 .debug_macro   0x0000000000002ae9    0x2538b Core/Src/FatDMA.o
 .debug_macro   0x0000000000027e74       0x43 Core/Src/FatDMA.o
 .debug_macro   0x0000000000027eb7     0x3cd3 Core/Src/FatDMA.o
 .debug_macro   0x000000000002bb8a      0x17b Core/Src/FatDMA.o
 .debug_macro   0x000000000002bd05      0x168 Core/Src/FatDMA.o
 .debug_macro   0x000000000002be6d       0x10 Core/Src/FatDMA.o
 .debug_macro   0x000000000002be7d      0x3f4 Core/Src/FatDMA.o
 .debug_macro   0x000000000002c271       0x18 Core/Src/FatDMA.o
 .debug_macro   0x000000000002c289       0x46 Core/Src/FatDMA.o
 .debug_macro   0x000000000002c2cf       0x17 Core/Src/FatDMA.o
 .debug_macro   0x000000000002c2e6       0x3c Core/Src/FatDMA.o
 .debug_macro   0x000000000002c322       0x34 Core/Src/FatDMA.o
 .debug_macro   0x000000000002c356       0x52 Core/Src/FatDMA.o
 .debug_macro   0x000000000002c3a8       0x1f Core/Src/FatDMA.o
 .debug_macro   0x000000000002c3c7       0x43 Core/Src/FatDMA.o
 .debug_macro   0x000000000002c40a       0x20 Core/Src/FatDMA.o
 .debug_macro   0x000000000002c42a      0x1a3 Core/Src/FatDMA.o
 .debug_macro   0x000000000002c5cd      0x34d Core/Src/FatDMA.o
 .debug_macro   0x000000000002c91a      0x1da Core/Src/FatDMA.o
 .debug_macro   0x000000000002caf4       0x10 Core/Src/FatDMA.o
 .debug_macro   0x000000000002cb04       0x16 Core/Src/FatDMA.o
 .debug_macro   0x000000000002cb1a       0x35 Core/Src/FatDMA.o
 .debug_macro   0x000000000002cb4f       0x16 Core/Src/FatDMA.o
 .debug_macro   0x000000000002cb65       0x29 Core/Src/FatDMA.o
 .debug_macro   0x000000000002cb8e       0x10 Core/Src/FatDMA.o
 .debug_macro   0x000000000002cb9e      0x3c7 Core/Src/FatDMA.o
 .debug_macro   0x000000000002cf65       0x54 Core/Src/FatDMA.o
 .debug_macro   0x000000000002cfb9     0x2382 Core/Src/FatDMA.o
 .debug_macro   0x000000000002f33b     0x1009 Core/Src/FatDMA.o
 .debug_macro   0x0000000000030344      0x138 Core/Src/FatDMA.o
 .debug_macro   0x000000000003047c      0x117 Core/Src/FatDMA.o
 .debug_macro   0x0000000000030593      0x3b2 Core/Src/FatDMA.o
 .debug_macro   0x0000000000030945       0x27 Core/Src/FatDMA.o
 .debug_macro   0x000000000003096c      0x72d Core/Src/FatDMA.o
 .debug_macro   0x0000000000031099      0x229 Core/Src/FatDMA.o
 .debug_macro   0x00000000000312c2       0x66 Core/Src/FatDMA.o
 .debug_macro   0x0000000000031328      0x3bb Core/Src/FatDMA.o
 .debug_macro   0x00000000000316e3      0x3e5 Core/Src/FatDMA.o
 .debug_macro   0x0000000000031ac8      0x275 Core/Src/FatDMA.o
 .debug_macro   0x0000000000031d3d      0x3cb Core/Src/FatDMA.o
 .debug_macro   0x0000000000032108      0x41d Core/Src/FatDMA.o
 .debug_macro   0x0000000000032525       0x51 Core/Src/FatDMA.o
 .debug_macro   0x0000000000032576       0x4a Core/Src/FatDMA.o
 .debug_macro   0x00000000000325c0      0x22c Core/Src/FatDMA.o
 .debug_macro   0x00000000000327ec       0x64 Core/Src/FatDMA.o
 .debug_macro   0x0000000000032850       0xa5 Core/Src/FatDMA.o
 .debug_macro   0x00000000000328f5      0x1c5 Core/Src/FatDMA.o
 .debug_macro   0x0000000000032aba      0x25f Core/Src/FatDMA.o
 .debug_macro   0x0000000000032d19       0x35 Core/Src/FatDMA.o
 .debug_macro   0x0000000000032d4e      0x5dd Core/Src/FatDMA.o
 .debug_macro   0x000000000003332b       0x9e Core/Src/FatDMA.o
 .debug_macro   0x00000000000333c9      0x662 Core/Src/FatDMA.o
 .debug_macro   0x0000000000033a2b       0xa6 Core/Src/FatDMA.o
 .debug_macro   0x0000000000033ad1      0x5a0 Core/Src/FatDMA.o
 .debug_macro   0x0000000000034071       0x76 Core/Src/FatDMA.o
 .debug_macro   0x00000000000340e7       0xeb Core/Src/FatDMA.o
 .debug_macro   0x00000000000341d2       0xf0 Core/Src/FatDMA.o
 .debug_macro   0x00000000000342c2       0x12 Core/Src/FatDMA.o
 .debug_macro   0x00000000000342d4       0xe2 Core/Src/FatDMA.o
 .debug_macro   0x00000000000343b6       0x8e Core/Src/FatDMA.o
 .debug_macro   0x0000000000034444      0x4bd Core/Src/main.o
 .debug_macro   0x0000000000034901       0x1c Core/Src/main.o
 .debug_macro   0x000000000003491d       0x10 Core/Src/main.o
 .debug_macro   0x000000000003492d       0x10 Core/Src/main.o
 .debug_macro   0x000000000003493d       0x1c Core/Src/main.o
 .debug_macro   0x0000000000034959       0x52 Core/Src/main.o
 .debug_macro   0x00000000000349ab       0x40 Core/Src/main.o