Archive member included to satisfy reference by file (symbol)

c:/st/stm32cubeide_1.4.0/stm32cubeide/plugins/com.st.stm32cube.ide.mcu.externaltools.gnu-tools-for-stm32.7-2018-q2-update.win32_1.4.0.202007081208/tools/bin/../lib/gcc/arm-none-eabi/7.3.1/../../../../arm-none-eabi/lib/thumb/v7e-m/fpv5/hard\libc_nano.a(lib_a-errno.o)
                              Core/Src/syscalls.o (__errno)
c:/st/stm32cubeide_1.4.0/stm32cubeide/plugins/com.st.stm32cube.ide.mcu.externaltools.gnu-tools-for-stm32.7-2018-q2-update.win32_1.4.0.202007081208/tools/bin/../lib/gcc/arm-none-eabi/7.3.1/../../../../arm-none-eabi/lib/thumb/v7e-m/fpv5/hard\libc_nano.a(lib_a-exit.o)
                              c:/st/stm32cubeide_1.4.0/stm32cubeide/plugins/com.st.stm32cube.ide.mcu.externaltools.gnu-tools-for-stm32.7-2018-q2-update.win32_1.4.0.202007081208/tools/bin/../lib/gcc/arm-none-eabi/7.3.1/../../../../arm-none-eabi/lib/thumb/v7e-m/fpv5/hard/crt0.o (exit)
c:/st/stm32cubeide_1.4.0/stm32cubeide/plugins/com.st.stm32cube.ide.mcu.externaltools.gnu-tools-for-stm32.7-2018-q2-update.win32_1.4.0.202007081208/tools/bin/../lib/gcc/arm-none-eabi/7.3.1/../../../../arm-none-eabi/lib/thumb/v7e-m/fpv5/hard\libc_nano.a(lib_a-impure.o)
                              c:/st/stm32cubeide_1.4.0/stm32cubeide/plugins/com.st.stm32cube.ide.mcu.externaltools.gnu-tools-for-stm32.7-2018-q2-update.win32_1.4.0.202007081208/tools/bin/../lib/gcc/arm-none-eabi/7.3.1/../../../../arm-none-eabi/lib/thumb/v7e-m/fpv5/hard\libc_nano.a(lib_a-exit.o) (_global_impure_ptr)
c:/st/stm32cubeide_1.4.0/stm32cubeide/plugins/com.st.stm32cube.ide.mcu.externaltools.gnu-tools-for-stm32.7-2018-q2-update.win32_1.4.0.202007081208/tools/bin/../lib/gcc/arm-none-eabi/7.3.1/../../../../arm-none-eabi/lib/thumb/v7e-m/fpv5/hard\libc_nano.a(lib_a-init.o)
                              c:/st/stm32cubeide_1.4.0/stm32cubeide/plugins/com.st.stm32cube.ide.mcu.externaltools.gnu-tools-for-stm32.7-2018-q2-update.win32_1.4.0.202007081208/tools/bin/../lib/gcc/arm-none-eabi/7.3.1/../../../../arm-none-eabi/lib/thumb/v7e-m/fpv5/hard/crt0.o (__libc_init_array)
c:/st/stm32cubeide_1.4.0/stm32cubeide/plugins/com.st.stm32cube.ide.mcu.externaltools.gnu-tools-for-stm32.7-2018-q2-update.win32_1.4.0.202007081208/tools/bin/../lib/gcc/arm-none-eabi/7.3.1/../../../../arm-none-eabi/lib/thumb/v7e-m/fpv5/hard\libc_nano.a(lib_a-memset.o)
                              c:/st/stm32cubeide_1.4.0/stm32cubeide/plugins/com.st.stm32cube.ide.mcu.externaltools.gnu-tools-for-stm32.7-2018-q2-update.win32_1.4.0.202007081208/tools/bin/../lib/gcc/arm-none-eabi/7.3.1/../../../../arm-none-eabi/lib/thumb/v7e-m/fpv5/hard/crt0.o (memset)
c:/st/stm32cubeide_1.4.0/stm32cubeide/plugins/com.st.stm32cube.ide.mcu.externaltools.gnu-tools-for-stm32.7-2018-q2-update.win32_1.4.0.202007081208/tools/bin/../lib/gcc/arm-none-eabi/7.3.1/../../../../arm-none-eabi/lib/thumb/v7e-m/fpv5/hard\libc_nano.a(lib_a-strlen.o)
                              Core/Src/main.o (strlen)
c:/st/stm32cubeide_1.4.0/stm32cubeide/plugins/com.st.stm32cube.ide.mcu.externaltools.gnu-tools-for-stm32.7-2018-q2-update.win32_1.4.0.202007081208/tools/bin/../lib/gcc/arm-none-eabi/7.3.1/../../../../arm-none-eabi/lib/thumb/v7e-m/fpv5/hard\libc_nano.a(lib_a-vsnprintf.o)
                              Core/Src/main.o (vsnprintf)
c:/st/stm32cubeide_1.4.0/stm32cubeide/plugins/com.st.stm32cube.ide.mcu.externaltools.gnu-tools-for-stm32.7-2018-q2-update.win32_1.4.0.202007081208/tools/bin/../lib/gcc/arm-none-eabi/7.3.1/../../../../arm-none-eabi/lib/thumb/v7e-m/fpv5/hard\libc_nano.a(lib_a-nano-svfprintf.o)
                              c:/st/stm32cubeide_1.4.0/stm32cubeide/plugins/com.st.stm32cube.ide.mcu.externaltools.gnu-tools-for-stm32.7-2018-q2-update.win32_1.4.0.202007081208/tools/bin/../lib/gcc/arm-none-eabi/7.3.1/../../../../arm-none-eabi/lib/thumb/v7e-m/fpv5/hard\libc_nano.a(lib_a-vsnprintf.o) (_svfprintf_r)
c:/st/stm32cubeide_1.4.0/stm32cubeide/plugins/com.st.stm32cube.ide.mcu.externaltools.gnu-tools-for-stm32.7-2018-q2-update.win32_1.4.0.202007081208/tools/bin/../lib/gcc/arm-none-eabi/7.3.1/../../../../arm-none-eabi/lib/thumb/v7e-m/fpv5/hard\libc_nano.a(lib_a-nano-vfprintf_i.o)
                              c:/st/stm32cubeide_1.4.0/stm32cubeide/plugins/com.st.stm32cube.ide.mcu.externaltools.gnu-tools-for-stm32.7-2018-q2-update.win32_1.4.0.202007081208/tools/bin/../lib/gcc/arm-none-eabi/7.3.1/../../../../arm-none-eabi/lib/thumb/v7e-m/fpv5/hard\libc_nano.a(lib_a-nano-svfprintf.o) (_printf_i)
c:/st/stm32cubeide_1.4.0/stm32cubeide/plugins/com.st.stm32cube.ide.mcu.externaltools.gnu-tools-for-stm32.7-2018-q2-update.win32_1.4.0.202007081208/tools/bin/../lib/gcc/arm-none-eabi/7.3.1/../../../../arm-none-eabi/lib/thumb/v7e-m/fpv5/hard\libc_nano.a(lib_a-memchr.o)
[...]
Memory Configuration

Name             Origin             Length             Attributes
DTCMRAM          0x0000000020000000 0x0000000000020000 xrw
ITCMRAM          0x0000000000000000 0x0000000000010000 xrw
RAM_D1           0x0000000024000000 0x0000000000080000 xrw
RAM_D2           0x0000000030000000 0x0000000000048000 xrw
RAM_D3           0x0000000038000000 0x0000000000010000 xrw
FLASH            0x0000000008000000 0x0000000000200000 xr
*default*        0x0000000000000000 0xffffffffffffffff

Linker script and memory map

LOAD c:/st/stm32cubeide_1.4.0/stm32cubeide/plugins/com.st.stm32cube.ide.mcu.externaltools.gnu-tools-for-stm32.7-2018-q2-update.win32_1.4.0.202007081208/tools/bin/../lib/gcc/arm-none-eabi/7.3.1/thumb/v7e-m/fpv5/hard/crti.o
LOAD c:/st/stm32cubeide_1.4.0/stm32cubeide/plugins/com.st.stm32cube.ide.mcu.externaltools.gnu-tools-for-stm32.7-2018-q2-update.win32_1.4.0.202007081208/tools/bin/../lib/gcc/arm-none-eabi/7.3.1/thumb/v7e-m/fpv5/hard/crtbegin.o
LOAD c:/st/stm32cubeide_1.4.0/stm32cubeide/plugins/com.st.stm32cube.ide.mcu.externaltools.gnu-tools-for-stm32.7-2018-q2-update.win32_1.4.0.202007081208/tools/bin/../lib/gcc/arm-none-eabi/7.3.1/../../../../arm-none-eabi/lib/thumb/v7e-m/fpv5/hard/crt0.o
LOAD Core/Src/main.o
LOAD Core/Src/stm32h7xx_hal_msp.o
LOAD Core/Src/stm32h7xx_it.o
LOAD Core/Src/syscalls.o
LOAD Core/Src/sysmem.o
LOAD Core/Src/system_stm32h7xx.o
LOAD Core/Startup/startup_stm32h743zitx.o
LOAD Drivers/STM32H7xx_HAL_Driver/Src/stm32h7xx_hal.o
LOAD Drivers/STM32H7xx_HAL_Driver/Src/stm32h7xx_hal_cortex.o
LOAD Drivers/STM32H7xx_HAL_Driver/Src/stm32h7xx_hal_dma.o
LOAD Drivers/STM32H7xx_HAL_Driver/Src/stm32h7xx_hal_dma_ex.o
LOAD Drivers/STM32H7xx_HAL_Driver/Src/stm32h7xx_hal_exti.o
LOAD Drivers/STM32H7xx_HAL_Driver/Src/stm32h7xx_hal_flash.o
LOAD Drivers/STM32H7xx_HAL_Driver/Src/stm32h7xx_hal_flash_ex.o
LOAD Drivers/STM32H7xx_HAL_Driver/Src/stm32h7xx_hal_gpio.o
LOAD Drivers/STM32H7xx_HAL_Driver/Src/stm32h7xx_hal_hsem.o
LOAD Drivers/STM32H7xx_HAL_Driver/Src/stm32h7xx_hal_i2c.o
LOAD Drivers/STM32H7xx_HAL_Driver/Src/stm32h7xx_hal_i2c_ex.o
LOAD Drivers/STM32H7xx_HAL_Driver/Src/stm32h7xx_hal_mdma.o
LOAD Drivers/STM32H7xx_HAL_Driver/Src/stm32h7xx_hal_pwr.o
LOAD Drivers/STM32H7xx_HAL_Driver/Src/stm32h7xx_hal_pwr_ex.o
LOAD Drivers/STM32H7xx_HAL_Driver/Src/stm32h7xx_hal_rcc.o
LOAD Drivers/STM32H7xx_HAL_Driver/Src/stm32h7xx_hal_rcc_ex.o
LOAD Drivers/STM32H7xx_HAL_Driver/Src/stm32h7xx_hal_spi.o
LOAD Drivers/STM32H7xx_HAL_Driver/Src/stm32h7xx_hal_spi_ex.o
LOAD Drivers/STM32H7xx_HAL_Driver/Src/stm32h7xx_hal_tim.o
LOAD Drivers/STM32H7xx_HAL_Driver/Src/stm32h7xx_hal_tim_ex.o
LOAD Drivers/STM32H7xx_HAL_Driver/Src/stm32h7xx_hal_uart.o
LOAD Drivers/STM32H7xx_HAL_Driver/Src/stm32h7xx_hal_uart_ex.o
LOAD FATFS/App/fatfs.o
LOAD FATFS/Target/user_diskio.o
LOAD FATFS/Target/user_diskio_spi.o
LOAD Middlewares/Third_Party/FatFs/src/diskio.o
LOAD Middlewares/Third_Party/FatFs/src/ff.o
LOAD Middlewares/Third_Party/FatFs/src/ff_gen_drv.o
LOAD Middlewares/Third_Party/FatFs/src/option/syscall.o
START GROUP
LOAD c:/st/stm32cubeide_1.4.0/stm32cubeide/plugins/com.st.stm32cube.ide.mcu.externaltools.gnu-tools-for-stm32.7-2018-q2-update.win32_1.4.0.202007081208/tools/bin/../lib/gcc/arm-none-eabi/7.3.1/../../../../arm-none-eabi/lib/thumb/v7e-m/fpv5/hard\libstdc++_nano.a
LOAD c:/st/stm32cubeide_1.4.0/stm32cubeide/plugins/com.st.stm32cube.ide.mcu.externaltools.gnu-tools-for-stm32.7-2018-q2-update.win32_1.4.0.202007081208/tools/bin/../lib/gcc/arm-none-eabi/7.3.1/../../../../arm-none-eabi/lib/thumb/v7e-m/fpv5/hard\libsupc++_nano.a
END GROUP
LOAD c:/st/stm32cubeide_1.4.0/stm32cubeide/plugins/com.st.stm32cube.ide.mcu.externaltools.gnu-tools-for-stm32.7-2018-q2-update.win32_1.4.0.202007081208/tools/bin/../lib/gcc/arm-none-eabi/7.3.1/../../../../arm-none-eabi/lib/thumb/v7e-m/fpv5/hard\libstdc++_nano.a
LOAD c:/st/stm32cubeide_1.4.0/stm32cubeide/plugins/com.st.stm32cube.ide.mcu.externaltools.gnu-tools-for-stm32.7-2018-q2-update.win32_1.4.0.202007081208/tools/bin/../lib/gcc/arm-none-eabi/7.3.1/../../../../arm-none-eabi/lib/thumb/v7e-m/fpv5/hard\libm.a
LOAD c:/st/stm32cubeide_1.4.0/stm32cubeide/plugins/com.st.stm32cube.ide.mcu.externaltools.gnu-tools-for-stm32.7-2018-q2-update.win32_1.4.0.202007081208/tools/bin/../lib/gcc/arm-none-eabi/7.3.1/../../../../arm-none-eabi/lib/thumb/v7e-m/fpv5/hard\libc_nano.a
START GROUP
LOAD c:/st/stm32cubeide_1.4.0/stm32cubeide/plugins/com.st.stm32cube.ide.mcu.externaltools.gnu-tools-for-stm32.7-2018-q2-update.win32_1.4.0.202007081208/tools/bin/../lib/gcc/arm-none-eabi/7.3.1/thumb/v7e-m/fpv5/hard\libgcc.a
LOAD c:/st/stm32cubeide_1.4.0/stm32cubeide/plugins/com.st.stm32cube.ide.mcu.externaltools.gnu-tools-for-stm32.7-2018-q2-update.win32_1.4.0.202007081208/tools/bin/../lib/gcc/arm-none-eabi/7.3.1/../../../../arm-none-eabi/lib/thumb/v7e-m/fpv5/hard\libc_nano.a
END GROUP
START GROUP
LOAD c:/st/stm32cubeide_1.4.0/stm32cubeide/plugins/com.st.stm32cube.ide.mcu.externaltools.gnu-tools-for-stm32.7-2018-q2-update.win32_1.4.0.202007081208/tools/bin/../lib/gcc/arm-none-eabi/7.3.1/thumb/v7e-m/fpv5/hard\libgcc.a
LOAD c:/st/stm32cubeide_1.4.0/stm32cubeide/plugins/com.st.stm32cube.ide.mcu.externaltools.gnu-tools-for-stm32.7-2018-q2-update.win32_1.4.0.202007081208/tools/bin/../lib/gcc/arm-none-eabi/7.3.1/../../../../arm-none-eabi/lib/thumb/v7e-m/fpv5/hard\libc_nano.a
LOAD c:/st/stm32cubeide_1.4.0/stm32cubeide/plugins/com.st.stm32cube.ide.mcu.externaltools.gnu-tools-for-stm32.7-2018-q2-update.win32_1.4.0.202007081208/tools/bin/../lib/gcc/arm-none-eabi/7.3.1/../../../../arm-none-eabi/lib/thumb/v7e-m/fpv5/hard\libnosys.a
END GROUP
START GROUP
LOAD c:/st/stm32cubeide_1.4.0/stm32cubeide/plugins/com.st.stm32cube.ide.mcu.externaltools.gnu-tools-for-stm32.7-2018-q2-update.win32_1.4.0.202007081208/tools/bin/../lib/gcc/arm-none-eabi/7.3.1/thumb/v7e-m/fpv5/hard\libgcc.a
LOAD c:/st/stm32cubeide_1.4.0/stm32cubeide/plugins/com.st.stm32cube.ide.mcu.externaltools.gnu-tools-for-stm32.7-2018-q2-update.win32_1.4.0.202007081208/tools/bin/../lib/gcc/arm-none-eabi/7.3.1/../../../../arm-none-eabi/lib/thumb/v7e-m/fpv5/hard\libc_nano.a
LOAD c:/st/stm32cubeide_1.4.0/stm32cubeide/plugins/com.st.stm32cube.ide.mcu.externaltools.gnu-tools-for-stm32.7-2018-q2-update.win32_1.4.0.202007081208/tools/bin/../lib/gcc/arm-none-eabi/7.3.1/../../../../arm-none-eabi/lib/thumb/v7e-m/fpv5/hard\libnosys.a
END GROUP
LOAD c:/st/stm32cubeide_1.4.0/stm32cubeide/plugins/com.st.stm32cube.ide.mcu.externaltools.gnu-tools-for-stm32.7-2018-q2-update.win32_1.4.0.202007081208/tools/bin/../lib/gcc/arm-none-eabi/7.3.1/thumb/v7e-m/fpv5/hard/crtend.o
LOAD c:/st/stm32cubeide_1.4.0/stm32cubeide/plugins/com.st.stm32cube.ide.mcu.externaltools.gnu-tools-for-stm32.7-2018-q2-update.win32_1.4.0.202007081208/tools/bin/../lib/gcc/arm-none-eabi/7.3.1/thumb/v7e-m/fpv5/hard/crtn.o
                0x0000000024080000                _estack = (ORIGIN (RAM_D1) + LENGTH (RAM_D1))
                0x0000000000000200                _Min_Heap_Size = 0x200
                0x0000000000000400                _Min_Stack_Size = 0x400

.isr_vector     0x0000000008000000      0x298
                0x0000000008000000                . = ALIGN (0x4)
 *(.isr_vector)
 .isr_vector    0x0000000008000000      0x298 Core/Startup/startup_stm32h743zitx.o
                0x0000000008000000                g_pfnVectors
                0x0000000008000298                . = ALIGN (0x4)

.text           0x00000000080002a0     0xc584
                0x00000000080002a0                . = ALIGN (0x4)
 *(.text)
 .text          0x00000000080002a0       0x40 c:/st/stm32cubeide_1.4.0/stm32cubeide/plugins/com.st.stm32cube.ide.mcu.externaltools.gnu-tools-for-stm32.7-2018-q2-update.win32_1.4.0.202007081208/tools/bin/../lib/gcc/arm-none-eabi/7.3.1/thumb/v7e-m/fpv5/hard/crtbegin.o
 .text          0x00000000080002e0       0x10 c:/st/stm32cubeide_1.4.0/stm32cubeide/plugins/com.st.stm32cube.ide.mcu.externaltools.gnu-tools-for-stm32.7-2018-q2-update.win32_1.4.0.202007081208/tools/bin/../lib/gcc/arm-none-eabi/7.3.1/../../../../arm-none-eabi/lib/thumb/v7e-m/fpv5/hard\libc_nano.a(lib_a-strlen.o)
                0x00000000080002e0                strlen
 .text          0x00000000080002f0       0xa0 c:/st/stm32cubeide_1.4.0/stm32cubeide/plugins/com.st.stm32cube.ide.mcu.externaltools.gnu-tools-for-stm32.7-2018-q2-update.win32_1.4.0.202007081208/tools/bin/../lib/gcc/arm-none-eabi/7.3.1/../../../../arm-none-eabi/lib/thumb/v7e-m/fpv5/hard\libc_nano.a(lib_a-memchr.o)
                0x00000000080002f0                memchr
 .text          0x0000000008000390       0x30 c:/st/stm32cubeide_1.4.0/stm32cubeide/plugins/com.st.stm32cube.ide.mcu.externaltools.gnu-tools-for-stm32.7-2018-q2-update.win32_1.4.0.202007081208/tools/bin/../lib/gcc/arm-none-eabi/7.3.1/thumb/v7e-m/fpv5/hard\libgcc.a(_aeabi_uldivmod.o)
                0x0000000008000390                __aeabi_uldivmod
 .text          0x00000000080003c0      0x2cc c:/st/stm32cubeide_1.4.0/stm32cubeide/plugins/com.st.stm32cube.ide.mcu.externaltools.gnu-tools-for-stm32.7-2018-q2-update.win32_1.4.0.202007081208/tools/bin/../lib/gcc/arm-none-eabi/7.3.1/thumb/v7e-m/fpv5/hard\libgcc.a(_udivmoddi4.o)
                0x00000000080003c0                __udivmoddi4
 .text          0x000000000800068c        0x4 c:/st/stm32cubeide_1.4.0/stm32cubeide/plugins/com.st.stm32cube.ide.mcu.externaltools.gnu-tools-for-stm32.7-2018-q2-update.win32_1.4.0.202007081208/tools/bin/../lib/gcc/arm-none-eabi/7.3.1/thumb/v7e-m/fpv5/hard\libgcc.a(_dvmd_tls.o)
                0x000000000800068c                __aeabi_idiv0
                0x000000000800068c                __aeabi_ldiv0
 *(.text*)
 .text._Z8myprintfPKcz
                0x0000000008000690       0x4c Core/Src/main.o
                0x0000000008000690                myprintf(char const*, ...)
 .text.main     0x00000000080006dc      0x1f8 Core/Src/main.o
                0x00000000080006dc                main
 .text.HAL_SPI_TxCpltCallback
                0x00000000080008d4       0x60 Core/Src/main.o
                0x00000000080008d4                HAL_SPI_TxCpltCallback
 .text._Z18SystemClock_Configv
                0x0000000008000934      0x1a0 Core/Src/main.o
                0x0000000008000934                SystemClock_Config()
 .text._ZL12MX_SPI3_Initv
                0x0000000008000ad4       0xb8 Core/Src/main.o
 .text._ZL19MX_USART3_UART_Initv
                0x0000000008000b8c       0xc0 Core/Src/main.o
 .text._ZL11MX_DMA_Initv
                0x0000000008000c4c       0x40 Core/Src/main.o
 .text._ZL12MX_GPIO_Initv
                0x0000000008000c8c      0x28c Core/Src/main.o
 .text.Error_Handler
                0x0000000008000f18        0xe Core/Src/main.o
                0x0000000008000f18                Error_Handler
 *fill*         0x0000000008000f26        0x2 
 .text.HAL_MspInit
                0x0000000008000f28       0x34 Core/Src/stm32h7xx_hal_msp.o
                0x0000000008000f28                HAL_MspInit
 .text.HAL_SPI_MspInit
                0x0000000008000f5c      0x108 Core/Src/stm32h7xx_hal_msp.o
                0x0000000008000f5c                HAL_SPI_MspInit
 .text.HAL_UART_MspInit
                0x0000000008001064       0x94 Core/Src/stm32h7xx_hal_msp.o
                0x0000000008001064                HAL_UART_MspInit
 .text.NMI_Handler
                0x00000000080010f8        0xe Core/Src/stm32h7xx_it.o
                0x00000000080010f8                NMI_Handler
 .text.HardFault_Handler
                0x0000000008001106        0x6 Core/Src/stm32h7xx_it.o
                0x0000000008001106                HardFault_Handler
 .text.MemManage_Handler
                0x000000000800110c        0x6 Core/Src/stm32h7xx_it.o
                0x000000000800110c                MemManage_Handler
 .text.BusFault_Handler
                0x0000000008001112        0x6 Core/Src/stm32h7xx_it.o
                0x0000000008001112                BusFault_Handler
 .text.UsageFault_Handler
                0x0000000008001118        0x6 Core/Src/stm32h7xx_it.o
                0x0000000008001118                UsageFault_Handler
 .text.SVC_Handler
                0x000000000800111e        0xe Core/Src/stm32h7xx_it.o
                0x000000000800111e                SVC_Handler
 .text.DebugMon_Handler
                0x000000000800112c        0xe Core/Src/stm32h7xx_it.o
                0x000000000800112c                DebugMon_Handler
 .text.PendSV_Handler
                0x000000000800113a        0xe Core/Src/stm32h7xx_it.o
                0x000000000800113a                PendSV_Handler
 .text.SysTick_Handler
                0x0000000008001148        0xc Core/Src/stm32h7xx_it.o
                0x0000000008001148                SysTick_Handler
 .text.DMA1_Stream0_IRQHandler
                0x0000000008001154       0x14 Core/Src/stm32h7xx_it.o
                0x0000000008001154                DMA1_Stream0_IRQHandler
 .text.SPI3_IRQHandler
                0x0000000008001168       0x14 Core/Src/stm32h7xx_it.o
                0x0000000008001168                SPI3_IRQHandler
 .text._sbrk    0x000000000800117c       0x6c Core/Src/sysmem.o
                0x000000000800117c                _sbrk
 .text.SystemInit
                0x00000000080011e8      0x118 Core/Src/system_stm32h7xx.o
                0x00000000080011e8                SystemInit
 .text.Reset_Handler
                0x0000000008001300       0x50 Core/Startup/startup_stm32h743zitx.o
                0x0000000008001300                Reset_Handler
 .text.Default_Handler
                0x0000000008001350        0x2 Core/Startup/startup_stm32h743zitx.o
                0x0000000008001350                RTC_Alarm_IRQHandler
                0x0000000008001350                EXTI2_IRQHandler
                0x0000000008001350                TIM8_CC_IRQHandler
                0x0000000008001350                HRTIM1_Master_IRQHandler
                0x0000000008001350                UART8_IRQHandler
                0x0000000008001350                SPI4_IRQHandler
                0x0000000008001350                TIM1_CC_IRQHandler
                0x0000000008001350                BDMA_Channel6_IRQHandler
                0x0000000008001350                DMA2_Stream5_IRQHandler
                0x0000000008001350                HRTIM1_FLT_IRQHandler
                0x0000000008001350                JPEG_IRQHandler
                0x0000000008001350                DMA1_Stream5_IRQHandler
                0x0000000008001350                BDMA_Channel1_IRQHandler
                0x0000000008001350                HRTIM1_TIMD_IRQHandler
                0x0000000008001350                TAMP_STAMP_IRQHandler
                0x0000000008001350                EXTI3_IRQHandler
                0x0000000008001350                LPTIM4_IRQHandler
                0x0000000008001350                TIM8_TRG_COM_TIM14_IRQHandler
                0x0000000008001350                LPTIM2_IRQHandler
                0x0000000008001350                DFSDM1_FLT1_IRQHandler
                0x0000000008001350                DMAMUX2_OVR_IRQHandler
                0x0000000008001350                TIM8_UP_TIM13_IRQHandler
                0x0000000008001350                I2C3_ER_IRQHandler
                0x0000000008001350                DFSDM1_FLT2_IRQHandler
                0x0000000008001350                MDMA_IRQHandler
                0x0000000008001350                LPTIM3_IRQHandler
                0x0000000008001350                HSEM1_IRQHandler
                0x0000000008001350                EXTI0_IRQHandler
                0x0000000008001350                I2C2_EV_IRQHandler
                0x0000000008001350                DMA1_Stream2_IRQHandler
                0x0000000008001350                FPU_IRQHandler
                0x0000000008001350                OTG_HS_WKUP_IRQHandler
                0x0000000008001350                FDCAN1_IT1_IRQHandler
                0x0000000008001350                LTDC_ER_IRQHandler
                0x0000000008001350                DMA2_Stream2_IRQHandler
                0x0000000008001350                HRTIM1_TIME_IRQHandler
                0x0000000008001350                SPI1_IRQHandler
                0x0000000008001350                TIM6_DAC_IRQHandler
                0x0000000008001350                DCMI_IRQHandler
                0x0000000008001350                HRTIM1_TIMC_IRQHandler
                0x0000000008001350                DMA2_Stream3_IRQHandler
                0x0000000008001350                SAI2_IRQHandler
                0x0000000008001350                DFSDM1_FLT3_IRQHandler
                0x0000000008001350                USART6_IRQHandler
                0x0000000008001350                TIM17_IRQHandler
                0x0000000008001350                USART3_IRQHandler
                0x0000000008001350                BDMA_Channel7_IRQHandler
                0x0000000008001350                LPTIM5_IRQHandler
                0x0000000008001350                UART5_IRQHandler
                0x0000000008001350                ADC3_IRQHandler
                0x0000000008001350                DMA2_Stream0_IRQHandler
                0x0000000008001350                TIM4_IRQHandler
                0x0000000008001350                BDMA_Channel2_IRQHandler
                0x0000000008001350                QUADSPI_IRQHandler
                0x0000000008001350                I2C1_EV_IRQHandler
                0x0000000008001350                DMA1_Stream6_IRQHandler
                0x0000000008001350                DMAMUX1_OVR_IRQHandler
                0x0000000008001350                DMA1_Stream1_IRQHandler
                0x0000000008001350                TIM16_IRQHandler
                0x0000000008001350                UART4_IRQHandler
                0x0000000008001350                BDMA_Channel5_IRQHandler
                0x0000000008001350                TIM3_IRQHandler
                0x0000000008001350                RCC_IRQHandler
                0x0000000008001350                TIM8_BRK_TIM12_IRQHandler
                0x0000000008001350                TIM1_TRG_COM_IRQHandler
                0x0000000008001350                Default_Handler
                0x0000000008001350                ECC_IRQHandler
                0x0000000008001350                CEC_IRQHandler
                0x0000000008001350                EXTI15_10_IRQHandler
                0x0000000008001350                BDMA_Channel0_IRQHandler
                0x0000000008001350                ADC_IRQHandler
                0x0000000008001350                DMA1_Stream7_IRQHandler
                0x0000000008001350                HRTIM1_TIMA_IRQHandler
                0x0000000008001350                SPI5_IRQHandler
                0x0000000008001350                TIM7_IRQHandler
                0x0000000008001350                SDMMC1_IRQHandler
                0x0000000008001350                TIM5_IRQHandler
                0x0000000008001350                DMA2_Stream7_IRQHandler
                0x0000000008001350                TIM15_IRQHandler
                0x0000000008001350                PVD_AVD_IRQHandler
                0x0000000008001350                I2C3_EV_IRQHandler
                0x0000000008001350                EXTI9_5_IRQHandler
                0x0000000008001350                RTC_WKUP_IRQHandler
                0x0000000008001350                LTDC_IRQHandler
                0x0000000008001350                SAI3_IRQHandler
                0x0000000008001350                ETH_WKUP_IRQHandler
                0x0000000008001350                SPDIF_RX_IRQHandler
                0x0000000008001350                SPI2_IRQHandler
                0x0000000008001350                OTG_HS_EP1_IN_IRQHandler
                0x0000000008001350                CRS_IRQHandler
                0x0000000008001350                EXTI4_IRQHandler
                0x0000000008001350                RNG_IRQHandler
                0x0000000008001350                HRTIM1_TIMB_IRQHandler
                0x0000000008001350                FDCAN2_IT1_IRQHandler
                0x0000000008001350                ETH_IRQHandler
                0x0000000008001350                TIM1_UP_IRQHandler
                0x0000000008001350                BDMA_Channel4_IRQHandler
                0x0000000008001350                OTG_HS_EP1_OUT_IRQHandler
                0x0000000008001350                WWDG_IRQHandler
                0x0000000008001350                SPI6_IRQHandler
                0x0000000008001350                MDIOS_IRQHandler
                0x0000000008001350                I2C4_EV_IRQHandler
                0x0000000008001350                FDCAN2_IT0_IRQHandler
                0x0000000008001350                LPUART1_IRQHandler
                0x0000000008001350                FDCAN1_IT0_IRQHandler
                0x0000000008001350                TIM2_IRQHandler
                0x0000000008001350                OTG_FS_WKUP_IRQHandler
                0x0000000008001350                OTG_HS_IRQHandler
                0x0000000008001350                DMA2D_IRQHandler
                0x0000000008001350                TIM1_BRK_IRQHandler
                0x0000000008001350                EXTI1_IRQHandler
                0x0000000008001350                SDMMC2_IRQHandler
                0x0000000008001350                OTG_FS_EP1_OUT_IRQHandler
                0x0000000008001350                BDMA_Channel3_IRQHandler
                0x0000000008001350                UART7_IRQHandler
                0x0000000008001350                MDIOS_WKUP_IRQHandler
                0x0000000008001350                USART2_IRQHandler
                0x0000000008001350                DFSDM1_FLT0_IRQHandler
                0x0000000008001350                SAI4_IRQHandler
                0x0000000008001350                I2C2_ER_IRQHandler
                0x0000000008001350                DMA2_Stream1_IRQHandler
                0x0000000008001350                FLASH_IRQHandler
                0x0000000008001350                DMA2_Stream4_IRQHandler
                0x0000000008001350                USART1_IRQHandler
                0x0000000008001350                OTG_FS_IRQHandler
                0x0000000008001350                WAKEUP_PIN_IRQHandler
                0x0000000008001350                DMA1_Stream4_IRQHandler
                0x0000000008001350                OTG_FS_EP1_IN_IRQHandler
                0x0000000008001350                I2C1_ER_IRQHandler
                0x0000000008001350                FMC_IRQHandler
                0x0000000008001350                FDCAN_CAL_IRQHandler
                0x0000000008001350                SWPMI1_IRQHandler
                0x0000000008001350                COMP1_IRQHandler
                0x0000000008001350                LPTIM1_IRQHandler
                0x0000000008001350                I2C4_ER_IRQHandler
                0x0000000008001350                DMA2_Stream6_IRQHandler
                0x0000000008001350                SAI1_IRQHandler
                0x0000000008001350                DMA1_Stream3_IRQHandler
 *fill*         0x0000000008001352        0x2 
 .text.HAL_Init
                0x0000000008001354       0x78 Drivers/STM32H7xx_HAL_Driver/Src/stm32h7xx_hal.o
                0x0000000008001354                HAL_Init
 .text.HAL_InitTick
                0x00000000080013cc       0x6c Drivers/STM32H7xx_HAL_Driver/Src/stm32h7xx_hal.o
                0x00000000080013cc                HAL_InitTick
 .text.HAL_IncTick
                0x0000000008001438       0x28 Drivers/STM32H7xx_HAL_Driver/Src/stm32h7xx_hal.o
                0x0000000008001438                HAL_IncTick
 .text.HAL_GetTick
                0x0000000008001460       0x18 Drivers/STM32H7xx_HAL_Driver/Src/stm32h7xx_hal.o
                0x0000000008001460                HAL_GetTick
 .text.HAL_Delay
                0x0000000008001478       0x44 Drivers/STM32H7xx_HAL_Driver/Src/stm32h7xx_hal.o
                0x0000000008001478                HAL_Delay
 .text.HAL_GetREVID
                0x00000000080014bc       0x18 Drivers/STM32H7xx_HAL_Driver/Src/stm32h7xx_hal.o
                0x00000000080014bc                HAL_GetREVID
 .text.__NVIC_SetPriorityGrouping
                0x00000000080014d4       0x48 Drivers/STM32H7xx_HAL_Driver/Src/stm32h7xx_hal_cortex.o
 .text.__NVIC_GetPriorityGrouping
                0x000000000800151c       0x1c Drivers/STM32H7xx_HAL_Driver/Src/stm32h7xx_hal_cortex.o
 .text.__NVIC_EnableIRQ
                0x0000000008001538       0x3c Drivers/STM32H7xx_HAL_Driver/Src/stm32h7xx_hal_cortex.o
 .text.__NVIC_SetPriority
                0x0000000008001574       0x54 Drivers/STM32H7xx_HAL_Driver/Src/stm32h7xx_hal_cortex.o
 .text.NVIC_EncodePriority
                0x00000000080015c8       0x66 Drivers/STM32H7xx_HAL_Driver/Src/stm32h7xx_hal_cortex.o
 *fill*         0x000000000800162e        0x2 
 .text.SysTick_Config
                0x0000000008001630       0x44 Drivers/STM32H7xx_HAL_Driver/Src/stm32h7xx_hal_cortex.o
 .text.HAL_NVIC_SetPriorityGrouping
                0x0000000008001674       0x16 Drivers/STM32H7xx_HAL_Driver/Src/stm32h7xx_hal_cortex.o
                0x0000000008001674                HAL_NVIC_SetPriorityGrouping
 .text.HAL_NVIC_SetPriority
                0x000000000800168a       0x34 Drivers/STM32H7xx_HAL_Driver/Src/stm32h7xx_hal_cortex.o
                0x000000000800168a                HAL_NVIC_SetPriority
 .text.HAL_NVIC_EnableIRQ
                0x00000000080016be       0x1c Drivers/STM32H7xx_HAL_Driver/Src/stm32h7xx_hal_cortex.o
                0x00000000080016be                HAL_NVIC_EnableIRQ
 .text.HAL_SYSTICK_Config
                0x00000000080016da       0x18 Drivers/STM32H7xx_HAL_Driver/Src/stm32h7xx_hal_cortex.o
                0x00000000080016da                HAL_SYSTICK_Config
 *fill*         0x00000000080016f2        0x2 
 .text.HAL_DMA_Init
                0x00000000080016f4      0x6b8 Drivers/STM32H7xx_HAL_Driver/Src/stm32h7xx_hal_dma.o
                0x00000000080016f4                HAL_DMA_Init
 .text.HAL_DMA_Start_IT
                0x0000000008001dac      0x4d4 Drivers/STM32H7xx_HAL_Driver/Src/stm32h7xx_hal_dma.o
                0x0000000008001dac                HAL_DMA_Start_IT
 .text.HAL_DMA_Abort_IT
                0x0000000008002280      0x488 Drivers/STM32H7xx_HAL_Driver/Src/stm32h7xx_hal_dma.o
                0x0000000008002280                HAL_DMA_Abort_IT
 .text.HAL_DMA_IRQHandler
                0x0000000008002708      0xe54 Drivers/STM32H7xx_HAL_Driver/Src/stm32h7xx_hal_dma.o
                0x0000000008002708                HAL_DMA_IRQHandler
 .text.HAL_DMA_GetError
                0x000000000800355c       0x18 Drivers/STM32H7xx_HAL_Driver/Src/stm32h7xx_hal_dma.o
                0x000000000800355c                HAL_DMA_GetError
 .text.DMA_SetConfig
                0x0000000008003574      0x358 Drivers/STM32H7xx_HAL_Driver/Src/stm32h7xx_hal_dma.o
 .text.DMA_CalcBaseAndBitshift
                0x00000000080038cc      0x164 Drivers/STM32H7xx_HAL_Driver/Src/stm32h7xx_hal_dma.o
 .text.DMA_CheckFifoParam
                0x0000000008003a30       0xf8 Drivers/STM32H7xx_HAL_Driver/Src/stm32h7xx_hal_dma.o
 .text.DMA_CalcDMAMUXChannelBaseAndMask
                0x0000000008003b28      0x134 Drivers/STM32H7xx_HAL_Driver/Src/stm32h7xx_hal_dma.o
 .text.DMA_CalcDMAMUXRequestGenBaseAndMask
                0x0000000008003c5c       0xe8 Drivers/STM32H7xx_HAL_Driver/Src/stm32h7xx_hal_dma.o
 .text.HAL_GPIO_Init
                0x0000000008003d44      0x360 Drivers/STM32H7xx_HAL_Driver/Src/stm32h7xx_hal_gpio.o
                0x0000000008003d44                HAL_GPIO_Init
 .text.HAL_GPIO_WritePin
                0x00000000080040a4       0x32 Drivers/STM32H7xx_HAL_Driver/Src/stm32h7xx_hal_gpio.o
                0x00000000080040a4                HAL_GPIO_WritePin
 *fill*         0x00000000080040d6        0x2 
 .text.HAL_PWREx_ConfigSupply
                0x00000000080040d8       0x74 Drivers/STM32H7xx_HAL_Driver/Src/stm32h7xx_hal_pwr_ex.o
                0x00000000080040d8                HAL_PWREx_ConfigSupply
 .text.HAL_RCC_OscConfig
                0x000000000800414c      0x820 Drivers/STM32H7xx_HAL_Driver/Src/stm32h7xx_hal_rcc.o
                0x000000000800414c                HAL_RCC_OscConfig
 .text.HAL_RCC_ClockConfig
                0x000000000800496c      0x36c Drivers/STM32H7xx_HAL_Driver/Src/stm32h7xx_hal_rcc.o
                0x000000000800496c                HAL_RCC_ClockConfig
 .text.HAL_RCC_GetSysClockFreq
                0x0000000008004cd8      0x2e4 Drivers/STM32H7xx_HAL_Driver/Src/stm32h7xx_hal_rcc.o
                0x0000000008004cd8                HAL_RCC_GetSysClockFreq
 .text.HAL_RCC_GetHCLKFreq
                0x0000000008004fbc       0x60 Drivers/STM32H7xx_HAL_Driver/Src/stm32h7xx_hal_rcc.o
                0x0000000008004fbc                HAL_RCC_GetHCLKFreq
 .text.HAL_RCC_GetPCLK1Freq
                0x000000000800501c       0x2c Drivers/STM32H7xx_HAL_Driver/Src/stm32h7xx_hal_rcc.o
                0x000000000800501c                HAL_RCC_GetPCLK1Freq
 .text.HAL_RCC_GetPCLK2Freq
                0x0000000008005048       0x2c Drivers/STM32H7xx_HAL_Driver/Src/stm32h7xx_hal_rcc.o
                0x0000000008005048                HAL_RCC_GetPCLK2Freq
 .text.HAL_RCCEx_PeriphCLKConfig
                0x0000000008005074      0xddc Drivers/STM32H7xx_HAL_Driver/Src/stm32h7xx_hal_rcc_ex.o
                0x0000000008005074                HAL_RCCEx_PeriphCLKConfig
 .text.HAL_RCCEx_GetD3PCLK1Freq
                0x0000000008005e50       0x2c Drivers/STM32H7xx_HAL_Driver/Src/stm32h7xx_hal_rcc_ex.o
                0x0000000008005e50                HAL_RCCEx_GetD3PCLK1Freq
 .text.HAL_RCCEx_GetPLL2ClockFreq
                0x0000000008005e7c      0x298 Drivers/STM32H7xx_HAL_Driver/Src/stm32h7xx_hal_rcc_ex.o
                0x0000000008005e7c                HAL_RCCEx_GetPLL2ClockFreq
 .text.HAL_RCCEx_GetPLL3ClockFreq
                0x0000000008006114      0x298 Drivers/STM32H7xx_HAL_Driver/Src/stm32h7xx_hal_rcc_ex.o
                0x0000000008006114                HAL_RCCEx_GetPLL3ClockFreq
 .text.RCCEx_PLL2_Config
                0x00000000080063ac      0x164 Drivers/STM32H7xx_HAL_Driver/Src/stm32h7xx_hal_rcc_ex.o
 .text.RCCEx_PLL3_Config
                0x0000000008006510      0x164 Drivers/STM32H7xx_HAL_Driver/Src/stm32h7xx_hal_rcc_ex.o
 .text.HAL_SPI_Init
                0x0000000008006674      0x1f0 Drivers/STM32H7xx_HAL_Driver/Src/stm32h7xx_hal_spi.o
                0x0000000008006674                HAL_SPI_Init
 .text.HAL_SPI_TransmitReceive
                0x0000000008006864      0x5d8 Drivers/STM32H7xx_HAL_Driver/Src/stm32h7xx_hal_spi.o
                0x0000000008006864                HAL_SPI_TransmitReceive
 .text.HAL_SPI_Transmit_DMA
                0x0000000008006e3c      0x28c Drivers/STM32H7xx_HAL_Driver/Src/stm32h7xx_hal_spi.o
                0x0000000008006e3c                HAL_SPI_Transmit_DMA
 .text.HAL_SPI_IRQHandler
                0x00000000080070c8      0x3c4 Drivers/STM32H7xx_HAL_Driver/Src/stm32h7xx_hal_spi.o
                0x00000000080070c8                HAL_SPI_IRQHandler
 .text.HAL_SPI_RxCpltCallback
                0x000000000800748c       0x14 Drivers/STM32H7xx_HAL_Driver/Src/stm32h7xx_hal_spi.o
                0x000000000800748c                HAL_SPI_RxCpltCallback
 .text.HAL_SPI_TxRxCpltCallback
                0x00000000080074a0       0x14 Drivers/STM32H7xx_HAL_Driver/Src/stm32h7xx_hal_spi.o
                0x00000000080074a0                HAL_SPI_TxRxCpltCallback
 .text.HAL_SPI_TxHalfCpltCallback
                0x00000000080074b4       0x14 Drivers/STM32H7xx_HAL_Driver/Src/stm32h7xx_hal_spi.o
                0x00000000080074b4                HAL_SPI_TxHalfCpltCallback
 .text.HAL_SPI_ErrorCallback
                0x00000000080074c8       0x14 Drivers/STM32H7xx_HAL_Driver/Src/stm32h7xx_hal_spi.o
                0x00000000080074c8                HAL_SPI_ErrorCallback
 .text.SPI_DMATransmitCplt
                0x00000000080074dc       0x46 Drivers/STM32H7xx_HAL_Driver/Src/stm32h7xx_hal_spi.o
 .text.SPI_DMAHalfTransmitCplt
                0x0000000008007522       0x1c Drivers/STM32H7xx_HAL_Driver/Src/stm32h7xx_hal_spi.o
 .text.SPI_DMAError
                0x000000000800753e       0x46 Drivers/STM32H7xx_HAL_Driver/Src/stm32h7xx_hal_spi.o
 .text.SPI_DMAAbortOnError
                0x0000000008007584       0x34 Drivers/STM32H7xx_HAL_Driver/Src/stm32h7xx_hal_spi.o
 .text.SPI_CloseTransfer
                0x00000000080075b8      0x140 Drivers/STM32H7xx_HAL_Driver/Src/stm32h7xx_hal_spi.o
 .text.SPI_WaitOnFlagUntilTimeout
                0x00000000080076f8       0x5c Drivers/STM32H7xx_HAL_Driver/Src/stm32h7xx_hal_spi.o
 .text.SPI_GetPacketSize
                0x0000000008007754       0x36 Drivers/STM32H7xx_HAL_Driver/Src/stm32h7xx_hal_spi.o
 .text.HAL_UART_Init
                0x000000000800778a       0xa0 Drivers/STM32H7xx_HAL_Driver/Src/stm32h7xx_hal_uart.o
                0x000000000800778a                HAL_UART_Init
 .text.HAL_UART_Transmit
                0x000000000800782a      0x12c Drivers/STM32H7xx_HAL_Driver/Src/stm32h7xx_hal_uart.o
                0x000000000800782a                HAL_UART_Transmit
 *fill*         0x0000000008007956        0x2 
 .text.UART_SetConfig
                0x0000000008007958      0xb60 Drivers/STM32H7xx_HAL_Driver/Src/stm32h7xx_hal_uart.o
                0x0000000008007958                UART_SetConfig
 .text.UART_AdvFeatureConfig
                0x00000000080084b8      0x144 Drivers/STM32H7xx_HAL_Driver/Src/stm32h7xx_hal_uart.o
                0x00000000080084b8                UART_AdvFeatureConfig
 .text.UART_CheckIdleState
                0x00000000080085fc       0x90 Drivers/STM32H7xx_HAL_Driver/Src/stm32h7xx_hal_uart.o
                0x00000000080085fc                UART_CheckIdleState
 .text.UART_WaitOnFlagUntilTimeout
                0x000000000800868c      0x100 Drivers/STM32H7xx_HAL_Driver/Src/stm32h7xx_hal_uart.o
                0x000000000800868c                UART_WaitOnFlagUntilTimeout
 .text.HAL_UARTEx_DisableFifoMode
                0x000000000800878c       0x72 Drivers/STM32H7xx_HAL_Driver/Src/stm32h7xx_hal_uart_ex.o
                0x000000000800878c                HAL_UARTEx_DisableFifoMode
 .text.HAL_UARTEx_SetTxFifoThreshold
                0x00000000080087fe       0x7c Drivers/STM32H7xx_HAL_Driver/Src/stm32h7xx_hal_uart_ex.o
                0x00000000080087fe                HAL_UARTEx_SetTxFifoThreshold
 .text.HAL_UARTEx_SetRxFifoThreshold
                0x000000000800887a       0x7c Drivers/STM32H7xx_HAL_Driver/Src/stm32h7xx_hal_uart_ex.o
                0x000000000800887a                HAL_UARTEx_SetRxFifoThreshold
 *fill*         0x00000000080088f6        0x2 
 .text.UARTEx_SetNbDataToProcess
                0x00000000080088f8       0xd0 Drivers/STM32H7xx_HAL_Driver/Src/stm32h7xx_hal_uart_ex.o
 .text.MX_FATFS_Init
                0x00000000080089c8       0x24 FATFS/App/fatfs.o
                0x00000000080089c8                MX_FATFS_Init
 .text.get_fattime
                0x00000000080089ec       0x10 FATFS/App/fatfs.o
                0x00000000080089ec                get_fattime
 .text.USER_initialize
                0x00000000080089fc       0x1c FATFS/Target/user_diskio.o
                0x00000000080089fc                USER_initialize
 .text.USER_status
                0x0000000008008a18       0x1c FATFS/Target/user_diskio.o
                0x0000000008008a18                USER_status
 .text.USER_read
                0x0000000008008a34       0x26 FATFS/Target/user_diskio.o
                0x0000000008008a34                USER_read
 .text.USER_write
                0x0000000008008a5a       0x26 FATFS/Target/user_diskio.o
                0x0000000008008a5a                USER_write
 .text.USER_write_dma
                0x0000000008008a80       0x26 FATFS/Target/user_diskio.o
                0x0000000008008a80                USER_write_dma
 .text.USER_write_dma_start
                0x0000000008008aa6       0x26 FATFS/Target/user_diskio.o
                0x0000000008008aa6                USER_write_dma_start
 .text.USER_write_dma_cplt
                0x0000000008008acc        0xe FATFS/Target/user_diskio.o
                0x0000000008008acc                USER_write_dma_cplt
 .text.USER_ioctl
                0x0000000008008ada       0x26 FATFS/Target/user_diskio.o
                0x0000000008008ada                USER_ioctl
 .text.SPI_Timer_On
                0x0000000008008b00       0x28 FATFS/Target/user_diskio_spi.o
                0x0000000008008b00                SPI_Timer_On
 .text.SPI_Timer_Status
                0x0000000008008b28       0x2c FATFS/Target/user_diskio_spi.o
                0x0000000008008b28                SPI_Timer_Status
 .text.xchg_spi
                0x0000000008008b54       0x2c FATFS/Target/user_diskio_spi.o
 .text.rcvr_spi_multi
                0x0000000008008b80       0x36 FATFS/Target/user_diskio_spi.o
 .text.xmit_spi_multi
                0x0000000008008bb6       0x34 FATFS/Target/user_diskio_spi.o
 .text.wait_ready
                0x0000000008008bea       0x46 FATFS/Target/user_diskio_spi.o
 .text.despiselect
                0x0000000008008c30       0x20 FATFS/Target/user_diskio_spi.o
 .text.spiselect
                0x0000000008008c50       0x38 FATFS/Target/user_diskio_spi.o
 .text.rcvr_datablock
                0x0000000008008c88       0x52 FATFS/Target/user_diskio_spi.o
 .text.xmit_datablock
                0x0000000008008cda       0x64 FATFS/Target/user_diskio_spi.o
 *fill*         0x0000000008008d3e        0x2 
 .text.xmit_data_dma
                0x0000000008008d40       0x78 FATFS/Target/user_diskio_spi.o
 .text.xmit_data_dma_start
                0x0000000008008db8       0x64 FATFS/Target/user_diskio_spi.o
 .text.xmit_data_dma_cplt
                0x0000000008008e1c       0x34 FATFS/Target/user_diskio_spi.o
 .text.send_cmd
                0x0000000008008e50       0xde FATFS/Target/user_diskio_spi.o
 *fill*         0x0000000008008f2e        0x2 
 .text.USER_SPI_initialize
                0x0000000008008f30      0x1c0 FATFS/Target/user_diskio_spi.o
                0x0000000008008f30                USER_SPI_initialize
 .text.USER_SPI_status
                0x00000000080090f0       0x2c FATFS/Target/user_diskio_spi.o
                0x00000000080090f0                USER_SPI_status
 .text.USER_SPI_read
                0x000000000800911c       0xcc FATFS/Target/user_diskio_spi.o
                0x000000000800911c                USER_SPI_read
 .text.USER_SPI_write
                0x00000000080091e8       0xf8 FATFS/Target/user_diskio_spi.o
                0x00000000080091e8                USER_SPI_write
 .text.USER_SPI_write_dma
                0x00000000080092e0       0xfc FATFS/Target/user_diskio_spi.o
                0x00000000080092e0                USER_SPI_write_dma
 .text.USER_SPI_write_dma_start
                0x00000000080093dc       0xf8 FATFS/Target/user_diskio_spi.o
                0x00000000080093dc                USER_SPI_write_dma_start
 .text.USER_SPI_write_dma_cplt
                0x00000000080094d4       0x24 FATFS/Target/user_diskio_spi.o
                0x00000000080094d4                USER_SPI_write_dma_cplt
 .text.USER_SPI_ioctl
                0x00000000080094f8      0x2e0 FATFS/Target/user_diskio_spi.o
                0x00000000080094f8                USER_SPI_ioctl
 .text.disk_status
                0x00000000080097d8       0x34 Middlewares/Third_Party/FatFs/src/diskio.o
                0x00000000080097d8                disk_status
 .text.disk_initialize
                0x000000000800980c       0x4c Middlewares/Third_Party/FatFs/src/diskio.o
                0x000000000800980c                disk_initialize
 .text.disk_read
                0x0000000008009858       0x40 Middlewares/Third_Party/FatFs/src/diskio.o
                0x0000000008009858                disk_read
 .text.disk_write
                0x0000000008009898       0x40 Middlewares/Third_Party/FatFs/src/diskio.o
                0x0000000008009898                disk_write
 .text.disk_write_dma_start
                0x00000000080098d8       0x40 Middlewares/Third_Party/FatFs/src/diskio.o
                0x00000000080098d8                disk_write_dma_start
 .text.disk_write_dma_cplt
                0x0000000008009918       0x2c Middlewares/Third_Party/FatFs/src/diskio.o
                0x0000000008009918                disk_write_dma_cplt
 .text.disk_ioctl
                0x0000000008009944       0x3c Middlewares/Third_Party/FatFs/src/diskio.o
                0x0000000008009944                disk_ioctl
 .text.ld_word  0x0000000008009980       0x30 Middlewares/Third_Party/FatFs/src/ff.o
 .text.ld_dword
                0x00000000080099b0       0x46 Middlewares/Third_Party/FatFs/src/ff.o
 .text.st_word  0x00000000080099f6       0x36 Middlewares/Third_Party/FatFs/src/ff.o
 .text.st_dword
                0x0000000008009a2c       0x58 Middlewares/Third_Party/FatFs/src/ff.o
 .text.mem_cpy  0x0000000008009a84       0x42 Middlewares/Third_Party/FatFs/src/ff.o
 .text.mem_set  0x0000000008009ac6       0x34 Middlewares/Third_Party/FatFs/src/ff.o
 .text.mem_cmp  0x0000000008009afa       0x4e Middlewares/Third_Party/FatFs/src/ff.o
 .text.chk_chr  0x0000000008009b48       0x36 Middlewares/Third_Party/FatFs/src/ff.o
 *fill*         0x0000000008009b7e        0x2 
 .text.chk_lock
                0x0000000008009b80       0xb8 Middlewares/Third_Party/FatFs/src/ff.o
 .text.enq_lock
                0x0000000008009c38       0x44 Middlewares/Third_Party/FatFs/src/ff.o
 .text.inc_lock
                0x0000000008009c7c      0x11c Middlewares/Third_Party/FatFs/src/ff.o
 .text.dec_lock
                0x0000000008009d98       0x78 Middlewares/Third_Party/FatFs/src/ff.o
 .text.clear_lock
                0x0000000008009e10       0x48 Middlewares/Third_Party/FatFs/src/ff.o
 .text.sync_window
                0x0000000008009e58       0x88 Middlewares/Third_Party/FatFs/src/ff.o
 .text.move_window
                0x0000000008009ee0       0x5a Middlewares/Third_Party/FatFs/src/ff.o
 *fill*         0x0000000008009f3a        0x2 
 .text.sync_fs  0x0000000008009f3c       0xdc Middlewares/Third_Party/FatFs/src/ff.o
 .text.clust2sect
                0x000000000800a018       0x3e Middlewares/Third_Party/FatFs/src/ff.o
 .text.get_fat  0x000000000800a056      0x14a Middlewares/Third_Party/FatFs/src/ff.o
 .text.put_fat  0x000000000800a1a0      0x1ce Middlewares/Third_Party/FatFs/src/ff.o
 .text.remove_chain
                0x000000000800a36e       0xca Middlewares/Third_Party/FatFs/src/ff.o
 .text.create_chain
                0x000000000800a438      0x130 Middlewares/Third_Party/FatFs/src/ff.o
 .text.clmt_clust
                0x000000000800a568       0x68 Middlewares/Third_Party/FatFs/src/ff.o
 .text.dir_sdi  0x000000000800a5d0       0xf6 Middlewares/Third_Party/FatFs/src/ff.o
 .text.dir_next
                0x000000000800a6c6      0x18a Middlewares/Third_Party/FatFs/src/ff.o
 .text.dir_alloc
                0x000000000800a850       0x8e Middlewares/Third_Party/FatFs/src/ff.o
 .text.ld_clust
                0x000000000800a8de       0x3e Middlewares/Third_Party/FatFs/src/ff.o
 .text.st_clust
                0x000000000800a91c       0x40 Middlewares/Third_Party/FatFs/src/ff.o
 .text.dir_find
                0x000000000800a95c       0xaa Middlewares/Third_Party/FatFs/src/ff.o
 .text.dir_register
                0x000000000800aa06       0x64 Middlewares/Third_Party/FatFs/src/ff.o
 *fill*         0x000000000800aa6a        0x2 
 .text.create_name
                0x000000000800aa6c      0x128 Middlewares/Third_Party/FatFs/src/ff.o
 .text.follow_path
                0x000000000800ab94       0xe2 Middlewares/Third_Party/FatFs/src/ff.o
 .text.get_ldnumber
                0x000000000800ac76       0x88 Middlewares/Third_Party/FatFs/src/ff.o
 *fill*         0x000000000800acfe        0x2 
 .text.check_fs
                0x000000000800ad00       0xac Middlewares/Third_Party/FatFs/src/ff.o
 .text.find_volume
                0x000000000800adac      0x498 Middlewares/Third_Party/FatFs/src/ff.o
 .text.validate
                0x000000000800b244       0x6a Middlewares/Third_Party/FatFs/src/ff.o
 *fill*         0x000000000800b2ae        0x2 
 .text.f_mount  0x000000000800b2b0       0x8c Middlewares/Third_Party/FatFs/src/ff.o
                0x000000000800b2b0                f_mount
 .text.f_open   0x000000000800b33c      0x37c Middlewares/Third_Party/FatFs/src/ff.o
                0x000000000800b33c                f_open
 .text.f_read   0x000000000800b6b8      0x27e Middlewares/Third_Party/FatFs/src/ff.o
                0x000000000800b6b8                f_read
 .text.f_write_dma_start
                0x000000000800b936      0x252 Middlewares/Third_Party/FatFs/src/ff.o
                0x000000000800b936                f_write_dma_start
 .text.f_write_dma_cplt
                0x000000000800bb88      0x1d6 Middlewares/Third_Party/FatFs/src/ff.o
                0x000000000800bb88                f_write_dma_cplt
 .text.f_sync   0x000000000800bd5e       0xfc Middlewares/Third_Party/FatFs/src/ff.o
                0x000000000800bd5e                f_sync
 .text.f_close  0x000000000800be5a       0x54 Middlewares/Third_Party/FatFs/src/ff.o
                0x000000000800be5a                f_close
 *fill*         0x000000000800beae        0x2 
 .text.FATFS_LinkDriverEx
                0x000000000800beb0       0x98 Middlewares/Third_Party/FatFs/src/ff_gen_drv.o
                0x000000000800beb0                FATFS_LinkDriverEx
 .text.FATFS_LinkDriver
                0x000000000800bf48       0x1e Middlewares/Third_Party/FatFs/src/ff_gen_drv.o
                0x000000000800bf48                FATFS_LinkDriver
 *fill*         0x000000000800bf66        0x2 
 .text.__errno  0x000000000800bf68        0xc c:/st/stm32cubeide_1.4.0/stm32cubeide/plugins/com.st.stm32cube.ide.mcu.externaltools.gnu-tools-for-stm32.7-2018-q2-update.win32_1.4.0.202007081208/tools/bin/../lib/gcc/arm-none-eabi/7.3.1/../../../../arm-none-eabi/lib/thumb/v7e-m/fpv5/hard\libc_nano.a(lib_a-errno.o)
                0x000000000800bf68                __errno
 .text.__libc_init_array
                0x000000000800bf74       0x48 c:/st/stm32cubeide_1.4.0/stm32cubeide/plugins/com.st.stm32cube.ide.mcu.externaltools.gnu-tools-for-stm32.7-2018-q2-update.win32_1.4.0.202007081208/tools/bin/../lib/gcc/arm-none-eabi/7.3.1/../../../../arm-none-eabi/lib/thumb/v7e-m/fpv5/hard\libc_nano.a(lib_a-init.o)
                0x000000000800bf74                __libc_init_array
 .text.memset   0x000000000800bfbc       0x10 c:/st/stm32cubeide_1.4.0/stm32cubeide/plugins/com.st.stm32cube.ide.mcu.externaltools.gnu-tools-for-stm32.7-2018-q2-update.win32_1.4.0.202007081208/tools/bin/../lib/gcc/arm-none-eabi/7.3.1/../../../../arm-none-eabi/lib/thumb/v7e-m/fpv5/hard\libc_nano.a(lib_a-memset.o)
                0x000000000800bfbc                memset
 .text._vsnprintf_r
                0x000000000800bfcc       0x58 c:/st/stm32cubeide_1.4.0/stm32cubeide/plugins/com.st.stm32cube.ide.mcu.externaltools.gnu-tools-for-stm32.7-2018-q2-update.win32_1.4.0.202007081208/tools/bin/../lib/gcc/arm-none-eabi/7.3.1/../../../../arm-none-eabi/lib/thumb/v7e-m/fpv5/hard\libc_nano.a(lib_a-vsnprintf.o)
                0x000000000800bfcc                _vsniprintf_r
                0x000000000800bfcc                _vsnprintf_r
 .text.vsnprintf
                0x000000000800c024       0x1c c:/st/stm32cubeide_1.4.0/stm32cubeide/plugins/com.st.stm32cube.ide.mcu.externaltools.gnu-tools-for-stm32.7-2018-q2-update.win32_1.4.0.202007081208/tools/bin/../lib/gcc/arm-none-eabi/7.3.1/../../../../arm-none-eabi/lib/thumb/v7e-m/fpv5/hard\libc_nano.a(lib_a-vsnprintf.o)
                0x000000000800c024                vsniprintf
                0x000000000800c024                vsnprintf
 .text.__ssputs_r
                0x000000000800c040       0xb4 c:/st/stm32cubeide_1.4.0/stm32cubeide/plugins/com.st.stm32cube.ide.mcu.externaltools.gnu-tools-for-stm32.7-2018-q2-update.win32_1.4.0.202007081208/tools/bin/../lib/gcc/arm-none-eabi/7.3.1/../../../../arm-none-eabi/lib/thumb/v7e-m/fpv5/hard\libc_nano.a(lib_a-nano-svfprintf.o)
                0x000000000800c040                __ssputs_r
 .text._svfprintf_r
                0x000000000800c0f4      0x1f0 c:/st/stm32cubeide_1.4.0/stm32cubeide/plugins/com.st.stm32cube.ide.mcu.externaltools.gnu-tools-for-stm32.7-2018-q2-update.win32_1.4.0.202007081208/tools/bin/../lib/gcc/arm-none-eabi/7.3.1/../../../../arm-none-eabi/lib/thumb/v7e-m/fpv5/hard\libc_nano.a(lib_a-nano-svfprintf.o)
                0x000000000800c0f4                _svfiprintf_r
                0x000000000800c0f4                _svfprintf_r
 .text._printf_common
                0x000000000800c2e4       0xea c:/st/stm32cubeide_1.4.0/stm32cubeide/plugins/com.st.stm32cube.ide.mcu.externaltools.gnu-tools-for-stm32.7-2018-q2-update.win32_1.4.0.202007081208/tools/bin/../lib/gcc/arm-none-eabi/7.3.1/../../../../arm-none-eabi/lib/thumb/v7e-m/fpv5/hard\libc_nano.a(lib_a-nano-vfprintf_i.o)
                0x000000000800c2e4                _printf_common
 *fill*         0x000000000800c3ce        0x2 
 .text._printf_i
                0x000000000800c3d0      0x224 c:/st/stm32cubeide_1.4.0/stm32cubeide/plugins/com.st.stm32cube.ide.mcu.externaltools.gnu-tools-for-stm32.7-2018-q2-update.win32_1.4.0.202007081208/tools/bin/../lib/gcc/arm-none-eabi/7.3.1/../../../../arm-none-eabi/lib/thumb/v7e-m/fpv5/hard\libc_nano.a(lib_a-nano-vfprintf_i.o)
                0x000000000800c3d0                _printf_i
 .text.memcpy   0x000000000800c5f4       0x16 c:/st/stm32cubeide_1.4.0/stm32cubeide/plugins/com.st.stm32cube.ide.mcu.externaltools.gnu-tools-for-stm32.7-2018-q2-update.win32_1.4.0.202007081208/tools/bin/../lib/gcc/arm-none-eabi/7.3.1/../../../../arm-none-eabi/lib/thumb/v7e-m/fpv5/hard\libc_nano.a(lib_a-memcpy-stub.o)
                0x000000000800c5f4                memcpy
 .text.memmove  0x000000000800c60a       0x32 c:/st/stm32cubeide_1.4.0/stm32cubeide/plugins/com.st.stm32cube.ide.mcu.externaltools.gnu-tools-for-stm32.7-2018-q2-update.win32_1.4.0.202007081208/tools/bin/../lib/gcc/arm-none-eabi/7.3.1/../../../../arm-none-eabi/lib/thumb/v7e-m/fpv5/hard\libc_nano.a(lib_a-memmove.o)
                0x000000000800c60a                memmove
 .text._free_r  0x000000000800c63c       0x9c c:/st/stm32cubeide_1.4.0/stm32cubeide/plugins/com.st.stm32cube.ide.mcu.externaltools.gnu-tools-for-stm32.7-2018-q2-update.win32_1.4.0.202007081208/tools/bin/../lib/gcc/arm-none-eabi/7.3.1/../../../../arm-none-eabi/lib/thumb/v7e-m/fpv5/hard\libc_nano.a(lib_a-nano-freer.o)
                0x000000000800c63c                _free_r
 .text._malloc_r
                0x000000000800c6d8       0xb4 c:/st/stm32cubeide_1.4.0/stm32cubeide/plugins/com.st.stm32cube.ide.mcu.externaltools.gnu-tools-for-stm32.7-2018-q2-update.win32_1.4.0.202007081208/tools/bin/../lib/gcc/arm-none-eabi/7.3.1/../../../../arm-none-eabi/lib/thumb/v7e-m/fpv5/hard\libc_nano.a(lib_a-nano-mallocr.o)
                0x000000000800c6d8                _malloc_r
 .text._realloc_r
                0x000000000800c78c       0x4c c:/st/stm32cubeide_1.4.0/stm32cubeide/plugins/com.st.stm32cube.ide.mcu.externaltools.gnu-tools-for-stm32.7-2018-q2-update.win32_1.4.0.202007081208/tools/bin/../lib/gcc/arm-none-eabi/7.3.1/../../../../arm-none-eabi/lib/thumb/v7e-m/fpv5/hard\libc_nano.a(lib_a-nano-reallocr.o)
                0x000000000800c78c                _realloc_r
 .text._sbrk_r  0x000000000800c7d8       0x20 c:/st/stm32cubeide_1.4.0/stm32cubeide/plugins/com.st.stm32cube.ide.mcu.externaltools.gnu-tools-for-stm32.7-2018-q2-update.win32_1.4.0.202007081208/tools/bin/../lib/gcc/arm-none-eabi/7.3.1/../../../../arm-none-eabi/lib/thumb/v7e-m/fpv5/hard\libc_nano.a(lib_a-sbrkr.o)
                0x000000000800c7d8                _sbrk_r
 .text.__malloc_lock
                0x000000000800c7f8        0x2 c:/st/stm32cubeide_1.4.0/stm32cubeide/plugins/com.st.stm32cube.ide.mcu.externaltools.gnu-tools-for-stm32.7-2018-q2-update.win32_1.4.0.202007081208/tools/bin/../lib/gcc/arm-none-eabi/7.3.1/../../../../arm-none-eabi/lib/thumb/v7e-m/fpv5/hard\libc_nano.a(lib_a-mlock.o)
                0x000000000800c7f8                __malloc_lock
 .text.__malloc_unlock
                0x000000000800c7fa        0x2 c:/st/stm32cubeide_1.4.0/stm32cubeide/plugins/com.st.stm32cube.ide.mcu.externaltools.gnu-tools-for-stm32.7-2018-q2-update.win32_1.4.0.202007081208/tools/bin/../lib/gcc/arm-none-eabi/7.3.1/../../../../arm-none-eabi/lib/thumb/v7e-m/fpv5/hard\libc_nano.a(lib_a-mlock.o)
                0x000000000800c7fa                __malloc_unlock
 .text._malloc_usable_size_r
                0x000000000800c7fc       0x10 c:/st/stm32cubeide_1.4.0/stm32cubeide/plugins/com.st.stm32cube.ide.mcu.externaltools.gnu-tools-for-stm32.7-2018-q2-update.win32_1.4.0.202007081208/tools/bin/../lib/gcc/arm-none-eabi/7.3.1/../../../../arm-none-eabi/lib/thumb/v7e-m/fpv5/hard\libc_nano.a(lib_a-nano-msizer.o)
                0x000000000800c7fc                _malloc_usable_size_r
 *(.glue_7)
 .glue_7        0x000000000800c80c        0x0 linker stubs
 *(.glue_7t)
 .glue_7t       0x000000000800c80c        0x0 linker stubs
 *(.eh_frame)
 .eh_frame      0x000000000800c80c        0x0 c:/st/stm32cubeide_1.4.0/stm32cubeide/plugins/com.st.stm32cube.ide.mcu.externaltools.gnu-tools-for-stm32.7-2018-q2-update.win32_1.4.0.202007081208/tools/bin/../lib/gcc/arm-none-eabi/7.3.1/thumb/v7e-m/fpv5/hard/crtbegin.o
 *(.init)
 .init          0x000000000800c80c        0x4 c:/st/stm32cubeide_1.4.0/stm32cubeide/plugins/com.st.stm32cube.ide.mcu.externaltools.gnu-tools-for-stm32.7-2018-q2-update.win32_1.4.0.202007081208/tools/bin/../lib/gcc/arm-none-eabi/7.3.1/thumb/v7e-m/fpv5/hard/crti.o
                0x000000000800c80c                _init
 .init          0x000000000800c810        0x8 c:/st/stm32cubeide_1.4.0/stm32cubeide/plugins/com.st.stm32cube.ide.mcu.externaltools.gnu-tools-for-stm32.7-2018-q2-update.win32_1.4.0.202007081208/tools/bin/../lib/gcc/arm-none-eabi/7.3.1/thumb/v7e-m/fpv5/hard/crtn.o
 *(.fini)
 .fini          0x000000000800c818        0x4 c:/st/stm32cubeide_1.4.0/stm32cubeide/plugins/com.st.stm32cube.ide.mcu.externaltools.gnu-tools-for-stm32.7-2018-q2-update.win32_1.4.0.202007081208/tools/bin/../lib/gcc/arm-none-eabi/7.3.1/thumb/v7e-m/fpv5/hard/crti.o
                0x000000000800c818                _fini
 .fini          0x000000000800c81c        0x8 c:/st/stm32cubeide_1.4.0/stm32cubeide/plugins/com.st.stm32cube.ide.mcu.externaltools.gnu-tools-for-stm32.7-2018-q2-update.win32_1.4.0.202007081208/tools/bin/../lib/gcc/arm-none-eabi/7.3.1/thumb/v7e-m/fpv5/hard/crtn.o
                0x000000000800c824                . = ALIGN (0x4)
                0x000000000800c824                _etext = .

.vfp11_veneer   0x000000000800c824        0x0
 .vfp11_veneer  0x000000000800c824        0x0 linker stubs

.v4_bx          0x000000000800c824        0x0
 .v4_bx         0x000000000800c824        0x0 linker stubs

.iplt           0x000000000800c824        0x0
 .iplt          0x000000000800c824        0x0 c:/st/stm32cubeide_1.4.0/stm32cubeide/plugins/com.st.stm32cube.ide.mcu.externaltools.gnu-tools-for-stm32.7-2018-q2-update.win32_1.4.0.202007081208/tools/bin/../lib/gcc/arm-none-eabi/7.3.1/thumb/v7e-m/fpv5/hard/crtbegin.o

.rodata         0x000000000800c824      0x29c
                0x000000000800c824                . = ALIGN (0x4)
 *(.rodata)
 .rodata        0x000000000800c824      0x161 Core/Src/main.o
 *fill*         0x000000000800c985        0x3 
 .rodata        0x000000000800c988       0x10 Drivers/STM32H7xx_HAL_Driver/Src/stm32h7xx_hal_uart_ex.o
 .rodata        0x000000000800c998       0x44 Middlewares/Third_Party/FatFs/src/ff.o
 *(.rodata*)
 .rodata.D1CorePrescTable
                0x000000000800c9dc       0x10 Core/Src/system_stm32h7xx.o
                0x000000000800c9dc                D1CorePrescTable
 .rodata.flagBitshiftOffset.10322
                0x000000000800c9ec        0x8 Drivers/STM32H7xx_HAL_Driver/Src/stm32h7xx_hal_dma.o
 .rodata.UARTPrescTable
                0x000000000800c9f4       0x18 Drivers/STM32H7xx_HAL_Driver/Src/stm32h7xx_hal_uart.o
                0x000000000800c9f4                UARTPrescTable
 .rodata.ExCvt  0x000000000800ca0c       0x80 Middlewares/Third_Party/FatFs/src/ff.o
 .rodata._svfprintf_r.str1.1
                0x000000000800ca8c       0x11 c:/st/stm32cubeide_1.4.0/stm32cubeide/plugins/com.st.stm32cube.ide.mcu.externaltools.gnu-tools-for-stm32.7-2018-q2-update.win32_1.4.0.202007081208/tools/bin/../lib/gcc/arm-none-eabi/7.3.1/../../../../arm-none-eabi/lib/thumb/v7e-m/fpv5/hard\libc_nano.a(lib_a-nano-svfprintf.o)
 .rodata._printf_i.str1.1
                0x000000000800ca9d       0x22 c:/st/stm32cubeide_1.4.0/stm32cubeide/plugins/com.st.stm32cube.ide.mcu.externaltools.gnu-tools-for-stm32.7-2018-q2-update.win32_1.4.0.202007081208/tools/bin/../lib/gcc/arm-none-eabi/7.3.1/../../../../arm-none-eabi/lib/thumb/v7e-m/fpv5/hard\libc_nano.a(lib_a-nano-vfprintf_i.o)
                0x000000000800cac0                . = ALIGN (0x4)
 *fill*         0x000000000800cabf        0x1 

.ARM.extab      0x000000000800cac0        0x0
                0x000000000800cac0                . = ALIGN (0x4)
 *(.ARM.extab* .gnu.linkonce.armextab.*)
                0x000000000800cac0                . = ALIGN (0x4)

.ARM            0x000000000800cac0        0x8
                0x000000000800cac0                . = ALIGN (0x4)
                0x000000000800cac0                __exidx_start = .
 *(.ARM.exidx*)
 .ARM.exidx     0x000000000800cac0        0x8 c:/st/stm32cubeide_1.4.0/stm32cubeide/plugins/com.st.stm32cube.ide.mcu.externaltools.gnu-tools-for-stm32.7-2018-q2-update.win32_1.4.0.202007081208/tools/bin/../lib/gcc/arm-none-eabi/7.3.1/thumb/v7e-m/fpv5/hard\libgcc.a(_udivmoddi4.o)
                0x000000000800cac8                __exidx_end = .
                0x000000000800cac8                . = ALIGN (0x4)

.rel.dyn        0x000000000800cac8        0x0
 .rel.iplt      0x000000000800cac8        0x0 c:/st/stm32cubeide_1.4.0/stm32cubeide/plugins/com.st.stm32cube.ide.mcu.externaltools.gnu-tools-for-stm32.7-2018-q2-update.win32_1.4.0.202007081208/tools/bin/../lib/gcc/arm-none-eabi/7.3.1/thumb/v7e-m/fpv5/hard/crtbegin.o

.preinit_array  0x000000000800cac8        0x0
                0x000000000800cac8                . = ALIGN (0x4)
                0x000000000800cac8                PROVIDE (__preinit_array_start = .)
 *(.preinit_array*)
                0x000000000800cac8                PROVIDE (__preinit_array_end = .)
                0x000000000800cac8                . = ALIGN (0x4)

.init_array     0x000000000800cac8        0x4
                0x000000000800cac8                . = ALIGN (0x4)
                0x000000000800cac8                PROVIDE (__init_array_start = .)
 *(SORT_BY_NAME(.init_array.*))
 *(.init_array*)
 .init_array    0x000000000800cac8        0x4 c:/st/stm32cubeide_1.4.0/stm32cubeide/plugins/com.st.stm32cube.ide.mcu.externaltools.gnu-tools-for-stm32.7-2018-q2-update.win32_1.4.0.202007081208/tools/bin/../lib/gcc/arm-none-eabi/7.3.1/thumb/v7e-m/fpv5/hard/crtbegin.o
                0x000000000800cacc                PROVIDE (__init_array_end = .)
                0x000000000800cacc                . = ALIGN (0x4)

.fini_array     0x000000000800cacc        0x4
                0x000000000800cacc                . = ALIGN (0x4)
                [!provide]                        PROVIDE (__fini_array_start = .)
 *(SORT_BY_NAME(.fini_array.*))
 *(.fini_array*)
 .fini_array    0x000000000800cacc        0x4 c:/st/stm32cubeide_1.4.0/stm32cubeide/plugins/com.st.stm32cube.ide.mcu.externaltools.gnu-tools-for-stm32.7-2018-q2-update.win32_1.4.0.202007081208/tools/bin/../lib/gcc/arm-none-eabi/7.3.1/thumb/v7e-m/fpv5/hard/crtbegin.o
                [!provide]                        PROVIDE (__fini_array_end = .)
                0x000000000800cad0                . = ALIGN (0x4)
                0x000000000800cad0                _sidata = LOADADDR (.data)

.data           0x0000000024000000       0x98 load address 0x000000000800cad0
                0x0000000024000000                . = ALIGN (0x4)
                0x0000000024000000                _sdata = .
 *(.data)
 *(.data*)
 .data.SystemCoreClock
                0x0000000024000000        0x4 Core/Src/system_stm32h7xx.o
                0x0000000024000000                SystemCoreClock
 .data.SystemD2Clock
                0x0000000024000004        0x4 Core/Src/system_stm32h7xx.o
                0x0000000024000004                SystemD2Clock
 .data.uwTickPrio
                0x0000000024000008        0x4 Drivers/STM32H7xx_HAL_Driver/Src/stm32h7xx_hal.o
                0x0000000024000008                uwTickPrio
 .data.uwTickFreq
                0x000000002400000c        0x1 Drivers/STM32H7xx_HAL_Driver/Src/stm32h7xx_hal.o
                0x000000002400000c                uwTickFreq
 *fill*         0x000000002400000d        0x3 
 .data.USER_Driver
                0x0000000024000010       0x20 FATFS/Target/user_diskio.o
                0x0000000024000010                USER_Driver
 .data.Stat     0x0000000024000030        0x1 FATFS/Target/user_diskio_spi.o
 *fill*         0x0000000024000031        0x3 
 .data._impure_ptr
                0x0000000024000034        0x4 c:/st/stm32cubeide_1.4.0/stm32cubeide/plugins/com.st.stm32cube.ide.mcu.externaltools.gnu-tools-for-stm32.7-2018-q2-update.win32_1.4.0.202007081208/tools/bin/../lib/gcc/arm-none-eabi/7.3.1/../../../../arm-none-eabi/lib/thumb/v7e-m/fpv5/hard\libc_nano.a(lib_a-impure.o)
                0x0000000024000034                _impure_ptr
 .data.impure_data
                0x0000000024000038       0x60 c:/st/stm32cubeide_1.4.0/stm32cubeide/plugins/com.st.stm32cube.ide.mcu.externaltools.gnu-tools-for-stm32.7-2018-q2-update.win32_1.4.0.202007081208/tools/bin/../lib/gcc/arm-none-eabi/7.3.1/../../../../arm-none-eabi/lib/thumb/v7e-m/fpv5/hard\libc_nano.a(lib_a-impure.o)
                0x0000000024000098                . = ALIGN (0x4)
                0x0000000024000098                _edata = .

.igot.plt       0x0000000024000098        0x0 load address 0x000000000800cb68
 .igot.plt      0x0000000024000098        0x0 c:/st/stm32cubeide_1.4.0/stm32cubeide/plugins/com.st.stm32cube.ide.mcu.externaltools.gnu-tools-for-stm32.7-2018-q2-update.win32_1.4.0.202007081208/tools/bin/../lib/gcc/arm-none-eabi/7.3.1/thumb/v7e-m/fpv5/hard/crtbegin.o
                0x0000000024000098                . = ALIGN (0x4)

.bss            0x0000000024000098     0x11c8 load address 0x000000000800cb68
                0x0000000024000098                _sbss = .
                0x0000000024000098                __bss_start__ = _sbss
 *(.bss)
 .bss           0x0000000024000098       0x1c c:/st/stm32cubeide_1.4.0/stm32cubeide/plugins/com.st.stm32cube.ide.mcu.externaltools.gnu-tools-for-stm32.7-2018-q2-update.win32_1.4.0.202007081208/tools/bin/../lib/gcc/arm-none-eabi/7.3.1/thumb/v7e-m/fpv5/hard/crtbegin.o
 *(.bss*)
 .bss.hspi3     0x00000000240000b4       0x88 Core/Src/main.o
                0x00000000240000b4                hspi3
 .bss.hdma_spi3_tx
                0x000000002400013c       0x78 Core/Src/main.o
                0x000000002400013c                hdma_spi3_tx
 .bss.huart3    0x00000000240001b4       0x8c Core/Src/main.o
                0x00000000240001b4                huart3
 .bss.FatFs     0x0000000024000240      0x230 Core/Src/main.o
                0x0000000024000240                FatFs
 .bss.fil       0x0000000024000470      0x230 Core/Src/main.o
                0x0000000024000470                fil
 .bss.fres      0x00000000240006a0        0x1 Core/Src/main.o
                0x00000000240006a0                fres
 *fill*         0x00000000240006a1        0x3 
 .bss.buf       0x00000000240006a4      0x400 Core/Src/main.o
                0x00000000240006a4                buf
 .bss._ZZ8myprintfPKczE6buffer
                0x0000000024000aa4      0x100 Core/Src/main.o
 .bss.block     0x0000000024000ba4      0x200 Core/Src/main.o
                0x0000000024000ba4                block
 .bss.__sbrk_heap_end
                0x0000000024000da4        0x4 Core/Src/sysmem.o
 .bss.CardType  0x0000000024000da8        0x1 FATFS/Target/user_diskio_spi.o
 *fill*         0x0000000024000da9        0x3 
 .bss.FatFs     0x0000000024000dac        0x4 Middlewares/Third_Party/FatFs/src/ff.o
 .bss.Fsid      0x0000000024000db0        0x2 Middlewares/Third_Party/FatFs/src/ff.o
 *fill*         0x0000000024000db2        0x2 
 .bss.Files     0x0000000024000db4       0x20 Middlewares/Third_Party/FatFs/src/ff.o
 .bss.disk      0x0000000024000dd4        0xc Middlewares/Third_Party/FatFs/src/ff_gen_drv.o
                0x0000000024000dd4                disk
 .bss.__malloc_free_list
                0x0000000024000de0        0x4 c:/st/stm32cubeide_1.4.0/stm32cubeide/plugins/com.st.stm32cube.ide.mcu.externaltools.gnu-tools-for-stm32.7-2018-q2-update.win32_1.4.0.202007081208/tools/bin/../lib/gcc/arm-none-eabi/7.3.1/../../../../arm-none-eabi/lib/thumb/v7e-m/fpv5/hard\libc_nano.a(lib_a-nano-mallocr.o)
                0x0000000024000de0                __malloc_free_list
 .bss.__malloc_sbrk_start
                0x0000000024000de4        0x4 c:/st/stm32cubeide_1.4.0/stm32cubeide/plugins/com.st.stm32cube.ide.mcu.externaltools.gnu-tools-for-stm32.7-2018-q2-update.win32_1.4.0.202007081208/tools/bin/../lib/gcc/arm-none-eabi/7.3.1/../../../../arm-none-eabi/lib/thumb/v7e-m/fpv5/hard\libc_nano.a(lib_a-nano-mallocr.o)
                0x0000000024000de4                __malloc_sbrk_start
 *(COMMON)
 COMMON         0x0000000024000de8        0x4 Drivers/STM32H7xx_HAL_Driver/Src/stm32h7xx_hal.o
                0x0000000024000de8                uwTick
 COMMON         0x0000000024000dec      0x468 FATFS/App/fatfs.o
                0x0000000024000dec                USERPath
                0x0000000024000df0                retUSER
                0x0000000024000df4                USERFile
                0x0000000024001024                USERFatFS
 COMMON         0x0000000024001254        0x8 FATFS/Target/user_diskio_spi.o
                0x0000000024001254                spiTimerTickStart
                0x0000000024001258                spiTimerTickDelay
 COMMON         0x000000002400125c        0x4 c:/st/stm32cubeide_1.4.0/stm32cubeide/plugins/com.st.stm32cube.ide.mcu.externaltools.gnu-tools-for-stm32.7-2018-q2-update.win32_1.4.0.202007081208/tools/bin/../lib/gcc/arm-none-eabi/7.3.1/../../../../arm-none-eabi/lib/thumb/v7e-m/fpv5/hard\libc_nano.a(lib_a-reent.o)
                0x000000002400125c                errno
                0x0000000024001260                . = ALIGN (0x4)
                0x0000000024001260                _ebss = .
                0x0000000024001260                __bss_end__ = _ebss

._user_heap_stack
                0x0000000024001260      0x600 load address 0x000000000800cb68
                0x0000000024001260                . = ALIGN (0x8)
                [!provide]                        PROVIDE (end = .)
                0x0000000024001260                PROVIDE (_end = .)
                0x0000000024001460                . = (. + _Min_Heap_Size)
 *fill*         0x0000000024001260      0x200 
                0x0000000024001860                . = (. + _Min_Stack_Size)
 *fill*         0x0000000024001460      0x400 
                0x0000000024001860                . = ALIGN (0x8)

/DISCARD/
 libc.a(*)
 libm.a(*)
 libgcc.a(*)

.ARM.attributes
                0x0000000000000000       0x2e
 *(.ARM.attributes)
 .ARM.attributes
                0x0000000000000000       0x20 c:/st/stm32cubeide_1.4.0/stm32cubeide/plugins/com.st.stm32cube.ide.mcu.externaltools.gnu-tools-for-stm32.7-2018-q2-update.win32_1.4.0.202007081208/tools/bin/../lib/gcc/arm-none-eabi/7.3.1/thumb/v7e-m/fpv5/hard/crti.o
 .ARM.attributes
                0x0000000000000020       0x32 c:/st/stm32cubeide_1.4.0/stm32cubeide/plugins/com.st.stm32cube.ide.mcu.externaltools.gnu-tools-for-stm32.7-2018-q2-update.win32_1.4.0.202007081208/tools/bin/../lib/gcc/arm-none-eabi/7.3.1/thumb/v7e-m/fpv5/hard/crtbegin.o
 .ARM.attributes
                0x0000000000000052       0x37 Core/Src/main.o
 .ARM.attributes
                0x0000000000000089       0x37 Core/Src/stm32h7xx_hal_msp.o
 .ARM.attributes
                0x00000000000000c0       0x37 Core/Src/stm32h7xx_it.o
 .ARM.attributes
                0x00000000000000f7       0x37 Core/Src/sysmem.o
 .ARM.attributes
                0x000000000000012e       0x37 Core/Src/system_stm32h7xx.o
 .ARM.attributes
                0x0000000000000165       0x21 Core/Startup/startup_stm32h743zitx.o
 .ARM.attributes
                0x0000000000000186       0x37 Drivers/STM32H7xx_HAL_Driver/Src/stm32h7xx_hal.o
 .ARM.attributes
                0x00000000000001bd       0x37 Drivers/STM32H7xx_HAL_Driver/Src/stm32h7xx_hal_cortex.o
 .ARM.attributes
                0x00000000000001f4       0x37 Drivers/STM32H7xx_HAL_Driver/Src/stm32h7xx_hal_dma.o
 .ARM.attributes
                0x000000000000022b       0x37 Drivers/STM32H7xx_HAL_Driver/Src/stm32h7xx_hal_gpio.o
 .ARM.attributes
                0x0000000000000262       0x37 Drivers/STM32H7xx_HAL_Driver/Src/stm32h7xx_hal_pwr_ex.o
 .ARM.attributes
                0x0000000000000299       0x37 Drivers/STM32H7xx_HAL_Driver/Src/stm32h7xx_hal_rcc.o
 .ARM.attributes
                0x00000000000002d0       0x37 Drivers/STM32H7xx_HAL_Driver/Src/stm32h7xx_hal_rcc_ex.o
 .ARM.attributes
                0x0000000000000307       0x37 Drivers/STM32H7xx_HAL_Driver/Src/stm32h7xx_hal_spi.o
 .ARM.attributes
                0x000000000000033e       0x37 Drivers/STM32H7xx_HAL_Driver/Src/stm32h7xx_hal_uart.o
 .ARM.attributes
                0x0000000000000375       0x37 Drivers/STM32H7xx_HAL_Driver/Src/stm32h7xx_hal_uart_ex.o
 .ARM.attributes
                0x00000000000003ac       0x37 FATFS/App/fatfs.o
 .ARM.attributes
                0x00000000000003e3       0x37 FATFS/Target/user_diskio.o
 .ARM.attributes
                0x000000000000041a       0x37 FATFS/Target/user_diskio_spi.o
 .ARM.attributes
                0x0000000000000451       0x37 Middlewares/Third_Party/FatFs/src/diskio.o
 .ARM.attributes
                0x0000000000000488       0x37 Middlewares/Third_Party/FatFs/src/ff.o
 .ARM.attributes
                0x00000000000004bf       0x37 Middlewares/Third_Party/FatFs/src/ff_gen_drv.o
 .ARM.attributes
                0x00000000000004f6       0x32 c:/st/stm32cubeide_1.4.0/stm32cubeide/plugins/com.st.stm32cube.ide.mcu.externaltools.gnu-tools-for-stm32.7-2018-q2-update.win32_1.4.0.202007081208/tools/bin/../lib/gcc/arm-none-eabi/7.3.1/../../../../arm-none-eabi/lib/thumb/v7e-m/fpv5/hard\libc_nano.a(lib_a-errno.o)
 .ARM.attributes
                0x0000000000000528       0x32 c:/st/stm32cubeide_1.4.0/stm32cubeide/plugins/com.st.stm32cube.ide.mcu.externaltools.gnu-tools-for-stm32.7-2018-q2-update.win32_1.4.0.202007081208/tools/bin/../lib/gcc/arm-none-eabi/7.3.1/../../../../arm-none-eabi/lib/thumb/v7e-m/fpv5/hard\libc_nano.a(lib_a-impure.o)
 .ARM.attributes
                0x000000000000055a       0x32 c:/st/stm32cubeide_1.4.0/stm32cubeide/plugins/com.st.stm32cube.ide.mcu.externaltools.gnu-tools-for-stm32.7-2018-q2-update.win32_1.4.0.202007081208/tools/bin/../lib/gcc/arm-none-eabi/7.3.1/../../../../arm-none-eabi/lib/thumb/v7e-m/fpv5/hard\libc_nano.a(lib_a-init.o)
 .ARM.attributes
                0x000000000000058c       0x32 c:/st/stm32cubeide_1.4.0/stm32cubeide/plugins/com.st.stm32cube.ide.mcu.externaltools.gnu-tools-for-stm32.7-2018-q2-update.win32_1.4.0.202007081208/tools/bin/../lib/gcc/arm-none-eabi/7.3.1/../../../../arm-none-eabi/lib/thumb/v7e-m/fpv5/hard\libc_nano.a(lib_a-memset.o)
 .ARM.attributes
                0x00000000000005be       0x19 c:/st/stm32cubeide_1.4.0/stm32cubeide/plugins/com.st.stm32cube.ide.mcu.externaltools.gnu-tools-for-stm32.7-2018-q2-update.win32_1.4.0.202007081208/tools/bin/../lib/gcc/arm-none-eabi/7.3.1/../../../../arm-none-eabi/lib/thumb/v7e-m/fpv5/hard\libc_nano.a(lib_a-strlen.o)
 .ARM.attributes
                0x00000000000005d7       0x32 c:/st/stm32cubeide_1.4.0/stm32cubeide/plugins/com.st.stm32cube.ide.mcu.externaltools.gnu-tools-for-stm32.7-2018-q2-update.win32_1.4.0.202007081208/tools/bin/../lib/gcc/arm-none-eabi/7.3.1/../../../../arm-none-eabi/lib/thumb/v7e-m/fpv5/hard\libc_nano.a(lib_a-vsnprintf.o)
 .ARM.attributes
                0x0000000000000609       0x32 c:/st/stm32cubeide_1.4.0/stm32cubeide/plugins/com.st.stm32cube.ide.mcu.externaltools.gnu-tools-for-stm32.7-2018-q2-update.win32_1.4.0.202007081208/tools/bin/../lib/gcc/arm-none-eabi/7.3.1/../../../../arm-none-eabi/lib/thumb/v7e-m/fpv5/hard\libc_nano.a(lib_a-nano-svfprintf.o)
 .ARM.attributes
                0x000000000000063b       0x32 c:/st/stm32cubeide_1.4.0/stm32cubeide/plugins/com.st.stm32cube.ide.mcu.externaltools.gnu-tools-for-stm32.7-2018-q2-update.win32_1.4.0.202007081208/tools/bin/../lib/gcc/arm-none-eabi/7.3.1/../../../../arm-none-eabi/lib/thumb/v7e-m/fpv5/hard\libc_nano.a(lib_a-nano-vfprintf_i.o)
 .ARM.attributes
                0x000000000000066d       0x1e c:/st/stm32cubeide_1.4.0/stm32cubeide/plugins/com.st.stm32cube.ide.mcu.externaltools.gnu-tools-for-stm32.7-2018-q2-update.win32_1.4.0.202007081208/tools/bin/../lib/gcc/arm-none-eabi/7.3.1/../../../../arm-none-eabi/lib/thumb/v7e-m/fpv5/hard\libc_nano.a(lib_a-memchr.o)
 .ARM.attributes
                0x000000000000068b       0x32 c:/st/stm32cubeide_1.4.0/stm32cubeide/plugins/com.st.stm32cube.ide.mcu.externaltools.gnu-tools-for-stm32.7-2018-q2-update.win32_1.4.0.202007081208/tools/bin/../lib/gcc/arm-none-eabi/7.3.1/../../../../arm-none-eabi/lib/thumb/v7e-m/fpv5/hard\libc_nano.a(lib_a-memcpy-stub.o)
 .ARM.attributes
                0x00000000000006bd       0x32 c:/st/stm32cubeide_1.4.0/stm32cubeide/plugins/com.st.stm32cube.ide.mcu.externaltools.gnu-tools-for-stm32.7-2018-q2-update.win32_1.4.0.202007081208/tools/bin/../lib/gcc/arm-none-eabi/7.3.1/../../../../arm-none-eabi/lib/thumb/v7e-m/fpv5/hard\libc_nano.a(lib_a-memmove.o)
 .ARM.attributes
                0x00000000000006ef       0x32 c:/st/stm32cubeide_1.4.0/stm32cubeide/plugins/com.st.stm32cube.ide.mcu.externaltools.gnu-tools-for-stm32.7-2018-q2-update.win32_1.4.0.202007081208/tools/bin/../lib/gcc/arm-none-eabi/7.3.1/../../../../arm-none-eabi/lib/thumb/v7e-m/fpv5/hard\libc_nano.a(lib_a-nano-freer.o)
 .ARM.attributes
                0x0000000000000721       0x32 c:/st/stm32cubeide_1.4.0/stm32cubeide/plugins/com.st.stm32cube.ide.mcu.externaltools.gnu-tools-for-stm32.7-2018-q2-update.win32_1.4.0.202007081208/tools/bin/../lib/gcc/arm-none-eabi/7.3.1/../../../../arm-none-eabi/lib/thumb/v7e-m/fpv5/hard\libc_nano.a(lib_a-nano-mallocr.o)
 .ARM.attributes
                0x0000000000000753       0x32 c:/st/stm32cubeide_1.4.0/stm32cubeide/plugins/com.st.stm32cube.ide.mcu.externaltools.gnu-tools-for-stm32.7-2018-q2-update.win32_1.4.0.202007081208/tools/bin/../lib/gcc/arm-none-eabi/7.3.1/../../../../arm-none-eabi/lib/thumb/v7e-m/fpv5/hard\libc_nano.a(lib_a-nano-reallocr.o)
 .ARM.attributes
                0x0000000000000785       0x32 c:/st/stm32cubeide_1.4.0/stm32cubeide/plugins/com.st.stm32cube.ide.mcu.externaltools.gnu-tools-for-stm32.7-2018-q2-update.win32_1.4.0.202007081208/tools/bin/../lib/gcc/arm-none-eabi/7.3.1/../../../../arm-none-eabi/lib/thumb/v7e-m/fpv5/hard\libc_nano.a(lib_a-sbrkr.o)
 .ARM.attributes
                0x00000000000007b7       0x32 c:/st/stm32cubeide_1.4.0/stm32cubeide/plugins/com.st.stm32cube.ide.mcu.externaltools.gnu-tools-for-stm32.7-2018-q2-update.win32_1.4.0.202007081208/tools/bin/../lib/gcc/arm-none-eabi/7.3.1/../../../../arm-none-eabi/lib/thumb/v7e-m/fpv5/hard\libc_nano.a(lib_a-mlock.o)
 .ARM.attributes
                0x00000000000007e9       0x32 c:/st/stm32cubeide_1.4.0/stm32cubeide/plugins/com.st.stm32cube.ide.mcu.externaltools.gnu-tools-for-stm32.7-2018-q2-update.win32_1.4.0.202007081208/tools/bin/../lib/gcc/arm-none-eabi/7.3.1/../../../../arm-none-eabi/lib/thumb/v7e-m/fpv5/hard\libc_nano.a(lib_a-nano-msizer.o)
 .ARM.attributes
                0x000000000000081b       0x32 c:/st/stm32cubeide_1.4.0/stm32cubeide/plugins/com.st.stm32cube.ide.mcu.externaltools.gnu-tools-for-stm32.7-2018-q2-update.win32_1.4.0.202007081208/tools/bin/../lib/gcc/arm-none-eabi/7.3.1/../../../../arm-none-eabi/lib/thumb/v7e-m/fpv5/hard\libc_nano.a(lib_a-reent.o)
 .ARM.attributes
                0x000000000000084d       0x20 c:/st/stm32cubeide_1.4.0/stm32cubeide/plugins/com.st.stm32cube.ide.mcu.externaltools.gnu-tools-for-stm32.7-2018-q2-update.win32_1.4.0.202007081208/tools/bin/../lib/gcc/arm-none-eabi/7.3.1/thumb/v7e-m/fpv5/hard\libgcc.a(_aeabi_uldivmod.o)
 .ARM.attributes
                0x000000000000086d       0x32 c:/st/stm32cubeide_1.4.0/stm32cubeide/plugins/com.st.stm32cube.ide.mcu.externaltools.gnu-tools-for-stm32.7-2018-q2-update.win32_1.4.0.202007081208/tools/bin/../lib/gcc/arm-none-eabi/7.3.1/thumb/v7e-m/fpv5/hard\libgcc.a(_udivmoddi4.o)
 .ARM.attributes
                0x000000000000089f       0x20 c:/st/stm32cubeide_1.4.0/stm32cubeide/plugins/com.st.stm32cube.ide.mcu.externaltools.gnu-tools-for-stm32.7-2018-q2-update.win32_1.4.0.202007081208/tools/bin/../lib/gcc/arm-none-eabi/7.3.1/thumb/v7e-m/fpv5/hard\libgcc.a(_dvmd_tls.o)
 .ARM.attributes
                0x00000000000008bf       0x20 c:/st/stm32cubeide_1.4.0/stm32cubeide/plugins/com.st.stm32cube.ide.mcu.externaltools.gnu-tools-for-stm32.7-2018-q2-update.win32_1.4.0.202007081208/tools/bin/../lib/gcc/arm-none-eabi/7.3.1/thumb/v7e-m/fpv5/hard/crtn.o
OUTPUT(SD_Test.elf elf32-littlearm)

.debug_info     0x0000000000000000    0x21401
 .debug_info    0x0000000000000000     0x3a16 Core/Src/main.o
 .debug_info    0x0000000000003a16     0x1de8 Core/Src/stm32h7xx_hal_msp.o
 .debug_info    0x00000000000057fe     0x11d9 Core/Src/stm32h7xx_it.o
 .debug_info    0x00000000000069d7      0x985 Core/Src/sysmem.o
 .debug_info    0x000000000000735c     0x161d Core/Src/system_stm32h7xx.o
 .debug_info    0x0000000000008979       0x22 Core/Startup/startup_stm32h743zitx.o
 .debug_info    0x000000000000899b     0x1e3c Drivers/STM32H7xx_HAL_Driver/Src/stm32h7xx_hal.o
 .debug_info    0x000000000000a7d7     0x1ab0 Drivers/STM32H7xx_HAL_Driver/Src/stm32h7xx_hal_cortex.o
 .debug_info    0x000000000000c287     0x15f3 Drivers/STM32H7xx_HAL_Driver/Src/stm32h7xx_hal_dma.o
 .debug_info    0x000000000000d87a     0x1666 Drivers/STM32H7xx_HAL_Driver/Src/stm32h7xx_hal_gpio.o
 .debug_info    0x000000000000eee0     0x1951 Drivers/STM32H7xx_HAL_Driver/Src/stm32h7xx_hal_pwr_ex.o
 .debug_info    0x0000000000010831     0x17c7 Drivers/STM32H7xx_HAL_Driver/Src/stm32h7xx_hal_rcc.o
 .debug_info    0x0000000000011ff8     0x1b37 Drivers/STM32H7xx_HAL_Driver/Src/stm32h7xx_hal_rcc_ex.o
 .debug_info    0x0000000000013b2f     0x1dc6 Drivers/STM32H7xx_HAL_Driver/Src/stm32h7xx_hal_spi.o
 .debug_info    0x00000000000158f5     0x24aa Drivers/STM32H7xx_HAL_Driver/Src/stm32h7xx_hal_uart.o
 .debug_info    0x0000000000017d9f     0x14a9 Drivers/STM32H7xx_HAL_Driver/Src/stm32h7xx_hal_uart_ex.o
 .debug_info    0x0000000000019248      0xf0c FATFS/App/fatfs.o
 .debug_info    0x000000000001a154      0xe6d FATFS/Target/user_diskio.o
 .debug_info    0x000000000001afc1     0x18e7 FATFS/Target/user_diskio_spi.o
 .debug_info    0x000000000001c8a8      0xf5d Middlewares/Third_Party/FatFs/src/diskio.o
 .debug_info    0x000000000001d805     0x2dfd Middlewares/Third_Party/FatFs/src/ff.o
 .debug_info    0x0000000000020602      0xdff Middlewares/Third_Party/FatFs/src/ff_gen_drv.o

.debug_abbrev   0x0000000000000000     0x3798
 .debug_abbrev  0x0000000000000000      0x458 Core/Src/main.o
 .debug_abbrev  0x0000000000000458      0x226 Core/Src/stm32h7xx_hal_msp.o
 .debug_abbrev  0x000000000000067e      0x1d6 Core/Src/stm32h7xx_it.o
 .debug_abbrev  0x0000000000000854      0x19b Core/Src/sysmem.o
 .debug_abbrev  0x00000000000009ef      0x22e Core/Src/system_stm32h7xx.o
 .debug_abbrev  0x0000000000000c1d       0x12 Core/Startup/startup_stm32h743zitx.o
 .debug_abbrev  0x0000000000000c2f      0x2d9 Drivers/STM32H7xx_HAL_Driver/Src/stm32h7xx_hal.o
 .debug_abbrev  0x0000000000000f08      0x3b5 Drivers/STM32H7xx_HAL_Driver/Src/stm32h7xx_hal_cortex.o
 .debug_abbrev  0x00000000000012bd      0x289 Drivers/STM32H7xx_HAL_Driver/Src/stm32h7xx_hal_dma.o
 .debug_abbrev  0x0000000000001546      0x28f Drivers/STM32H7xx_HAL_Driver/Src/stm32h7xx_hal_gpio.o
 .debug_abbrev  0x00000000000017d5      0x311 Drivers/STM32H7xx_HAL_Driver/Src/stm32h7xx_hal_pwr_ex.o
 .debug_abbrev  0x0000000000001ae6      0x2e2 Drivers/STM32H7xx_HAL_Driver/Src/stm32h7xx_hal_rcc.o
 .debug_abbrev  0x0000000000001dc8      0x2db Drivers/STM32H7xx_HAL_Driver/Src/stm32h7xx_hal_rcc_ex.o
 .debug_abbrev  0x00000000000020a3      0x2d5 Drivers/STM32H7xx_HAL_Driver/Src/stm32h7xx_hal_spi.o
 .debug_abbrev  0x0000000000002378      0x2bb Drivers/STM32H7xx_HAL_Driver/Src/stm32h7xx_hal_uart.o
 .debug_abbrev  0x0000000000002633      0x26f Drivers/STM32H7xx_HAL_Driver/Src/stm32h7xx_hal_uart_ex.o
 .debug_abbrev  0x00000000000028a2      0x209 FATFS/App/fatfs.o
 .debug_abbrev  0x0000000000002aab      0x233 FATFS/Target/user_diskio.o
 .debug_abbrev  0x0000000000002cde      0x359 FATFS/Target/user_diskio_spi.o
 .debug_abbrev  0x0000000000003037      0x233 Middlewares/Third_Party/FatFs/src/diskio.o
 .debug_abbrev  0x000000000000326a      0x2ce Middlewares/Third_Party/FatFs/src/ff.o
 .debug_abbrev  0x0000000000003538      0x260 Middlewares/Third_Party/FatFs/src/ff_gen_drv.o

.debug_aranges  0x0000000000000000     0x1088
 .debug_aranges
                0x0000000000000000       0x60 Core/Src/main.o
 .debug_aranges
                0x0000000000000060       0x40 Core/Src/stm32h7xx_hal_msp.o
 .debug_aranges
                0x00000000000000a0       0x70 Core/Src/stm32h7xx_it.o
 .debug_aranges
                0x0000000000000110       0x20 Core/Src/sysmem.o
 .debug_aranges
                0x0000000000000130       0x28 Core/Src/system_stm32h7xx.o
 .debug_aranges
                0x0000000000000158       0x28 Core/Startup/startup_stm32h743zitx.o
 .debug_aranges
                0x0000000000000180      0x1b8 Drivers/STM32H7xx_HAL_Driver/Src/stm32h7xx_hal.o
 .debug_aranges
                0x0000000000000338      0x120 Drivers/STM32H7xx_HAL_Driver/Src/stm32h7xx_hal_cortex.o
 .debug_aranges
                0x0000000000000458       0xa0 Drivers/STM32H7xx_HAL_Driver/Src/stm32h7xx_hal_dma.o
 .debug_aranges
                0x00000000000004f8       0x58 Drivers/STM32H7xx_HAL_Driver/Src/stm32h7xx_hal_gpio.o
 .debug_aranges
                0x0000000000000550      0x158 Drivers/STM32H7xx_HAL_Driver/Src/stm32h7xx_hal_pwr_ex.o
 .debug_aranges
                0x00000000000006a8       0x88 Drivers/STM32H7xx_HAL_Driver/Src/stm32h7xx_hal_rcc.o
 .debug_aranges
                0x0000000000000730       0xf8 Drivers/STM32H7xx_HAL_Driver/Src/stm32h7xx_hal_rcc_ex.o
 .debug_aranges
                0x0000000000000828      0x1a0 Drivers/STM32H7xx_HAL_Driver/Src/stm32h7xx_hal_spi.o
 .debug_aranges
                0x00000000000009c8      0x230 Drivers/STM32H7xx_HAL_Driver/Src/stm32h7xx_hal_uart.o
 .debug_aranges
                0x0000000000000bf8       0x88 Drivers/STM32H7xx_HAL_Driver/Src/stm32h7xx_hal_uart_ex.o
 .debug_aranges
                0x0000000000000c80       0x28 FATFS/App/fatfs.o
 .debug_aranges
                0x0000000000000ca8       0x58 FATFS/Target/user_diskio.o
 .debug_aranges
                0x0000000000000d00       0xc8 FATFS/Target/user_diskio_spi.o
 .debug_aranges
                0x0000000000000dc8       0x60 Middlewares/Third_Party/FatFs/src/diskio.o
 .debug_aranges
                0x0000000000000e28      0x220 Middlewares/Third_Party/FatFs/src/ff.o
 .debug_aranges
                0x0000000000001048       0x40 Middlewares/Third_Party/FatFs/src/ff_gen_drv.o

.debug_ranges   0x0000000000000000      0xf30
 .debug_ranges  0x0000000000000000       0x50 Core/Src/main.o
 .debug_ranges  0x0000000000000050       0x30 Core/Src/stm32h7xx_hal_msp.o
 .debug_ranges  0x0000000000000080       0x60 Core/Src/stm32h7xx_it.o
 .debug_ranges  0x00000000000000e0       0x10 Core/Src/sysmem.o
 .debug_ranges  0x00000000000000f0       0x18 Core/Src/system_stm32h7xx.o
 .debug_ranges  0x0000000000000108       0x20 Core/Startup/startup_stm32h743zitx.o
 .debug_ranges  0x0000000000000128      0x1a8 Drivers/STM32H7xx_HAL_Driver/Src/stm32h7xx_hal.o
 .debug_ranges  0x00000000000002d0      0x110 Drivers/STM32H7xx_HAL_Driver/Src/stm32h7xx_hal_cortex.o
 .debug_ranges  0x00000000000003e0       0x90 Drivers/STM32H7xx_HAL_Driver/Src/stm32h7xx_hal_dma.o
 .debug_ranges  0x0000000000000470       0x48 Drivers/STM32H7xx_HAL_Driver/Src/stm32h7xx_hal_gpio.o
 .debug_ranges  0x00000000000004b8      0x148 Drivers/STM32H7xx_HAL_Driver/Src/stm32h7xx_hal_pwr_ex.o
 .debug_ranges  0x0000000000000600       0x78 Drivers/STM32H7xx_HAL_Driver/Src/stm32h7xx_hal_rcc.o
 .debug_ranges  0x0000000000000678       0xe8 Drivers/STM32H7xx_HAL_Driver/Src/stm32h7xx_hal_rcc_ex.o
 .debug_ranges  0x0000000000000760      0x190 Drivers/STM32H7xx_HAL_Driver/Src/stm32h7xx_hal_spi.o
 .debug_ranges  0x00000000000008f0      0x220 Drivers/STM32H7xx_HAL_Driver/Src/stm32h7xx_hal_uart.o
 .debug_ranges  0x0000000000000b10       0x78 Drivers/STM32H7xx_HAL_Driver/Src/stm32h7xx_hal_uart_ex.o
 .debug_ranges  0x0000000000000b88       0x18 FATFS/App/fatfs.o
 .debug_ranges  0x0000000000000ba0       0x48 FATFS/Target/user_diskio.o
 .debug_ranges  0x0000000000000be8       0xb8 FATFS/Target/user_diskio_spi.o
 .debug_ranges  0x0000000000000ca0       0x50 Middlewares/Third_Party/FatFs/src/diskio.o
 .debug_ranges  0x0000000000000cf0      0x210 Middlewares/Third_Party/FatFs/src/ff.o
 .debug_ranges  0x0000000000000f00       0x30 Middlewares/Third_Party/FatFs/src/ff_gen_drv.o

.debug_macro    0x0000000000000000    0x3afe7
 .debug_macro   0x0000000000000000      0x4af Core/Src/main.o
 .debug_macro   0x00000000000004af      0xb38 Core/Src/main.o
 .debug_macro   0x0000000000000fe7      0x238 Core/Src/main.o
 .debug_macro   0x000000000000121f       0x2e Core/Src/main.o
 .debug_macro   0x000000000000124d       0x3b Core/Src/main.o
 .debug_macro   0x0000000000001288       0x1c Core/Src/main.o
 .debug_macro   0x00000000000012a4       0x22 Core/Src/main.o
 .debug_macro   0x00000000000012c6       0x8e Core/Src/main.o
 .debug_macro   0x0000000000001354       0x51 Core/Src/main.o
 .debug_macro   0x00000000000013a5       0xef Core/Src/main.o
 .debug_macro   0x0000000000001494       0x6a Core/Src/main.o
 .debug_macro   0x00000000000014fe      0x1df Core/Src/main.o
 .debug_macro   0x00000000000016dd       0x1c Core/Src/main.o
 .debug_macro   0x00000000000016f9       0x22 Core/Src/main.o
 .debug_macro   0x000000000000171b       0xdf Core/Src/main.o
 .debug_macro   0x00000000000017fa     0x12cd Core/Src/main.o
 .debug_macro   0x0000000000002ac7      0x11f Core/Src/main.o
 .debug_macro   0x0000000000002be6       0x19 Core/Src/main.o
 .debug_macro   0x0000000000002bff    0x2538b Core/Src/main.o
 .debug_macro   0x0000000000027f8a       0x43 Core/Src/main.o
 .debug_macro   0x0000000000027fcd     0x3cd3 Core/Src/main.o
 .debug_macro   0x000000000002bca0      0x17b Core/Src/main.o
 .debug_macro   0x000000000002be1b      0x168 Core/Src/main.o
 .debug_macro   0x000000000002bf83       0x10 Core/Src/main.o
 .debug_macro   0x000000000002bf93      0x3f4 Core/Src/main.o
 .debug_macro   0x000000000002c387       0x18 Core/Src/main.o
 .debug_macro   0x000000000002c39f       0x46 Core/Src/main.o
 .debug_macro   0x000000000002c3e5       0x17 Core/Src/main.o
 .debug_macro   0x000000000002c3fc       0x3c Core/Src/main.o
 .debug_macro   0x000000000002c438       0x34 Core/Src/main.o
 .debug_macro   0x000000000002c46c       0x52 Core/Src/main.o
 .debug_macro   0x000000000002c4be       0x1f Core/Src/main.o
 .debug_macro   0x000000000002c4dd       0x43 Core/Src/main.o
 .debug_macro   0x000000000002c520       0x20 Core/Src/main.o
 .debug_macro   0x000000000002c540      0x1a3 Core/Src/main.o
 .debug_macro   0x000000000002c6e3      0x34d Core/Src/main.o
 .debug_macro   0x000000000002ca30      0x1da Core/Src/main.o
 .debug_macro   0x000000000002cc0a       0x10 Core/Src/main.o
 .debug_macro   0x000000000002cc1a       0x16 Core/Src/main.o
 .debug_macro   0x000000000002cc30       0x35 Core/Src/main.o
 .debug_macro   0x000000000002cc65       0x16 Core/Src/main.o
 .debug_macro   0x000000000002cc7b       0x29 Core/Src/main.o
 .debug_macro   0x000000000002cca4       0x10 Core/Src/main.o
 .debug_macro   0x000000000002ccb4      0x3c7 Core/Src/main.o
 .debug_macro   0x000000000002d07b       0x54 Core/Src/main.o
 .debug_macro   0x000000000002d0cf     0x2382 Core/Src/main.o
 .debug_macro   0x000000000002f451     0x1009 Core/Src/main.o
 .debug_macro   0x000000000003045a      0x138 Core/Src/main.o
 .debug_macro   0x0000000000030592      0x117 Core/Src/main.o
 .debug_macro   0x00000000000306a9      0x3b2 Core/Src/main.o
 .debug_macro   0x0000000000030a5b       0x27 Core/Src/main.o
 .debug_macro   0x0000000000030a82      0x72d Core/Src/main.o
 .debug_macro   0x00000000000311af      0x229 Core/Src/main.o
 .debug_macro   0x00000000000313d8       0x66 Core/Src/main.o
 .debug_macro   0x000000000003143e      0x3bb Core/Src/main.o
 .debug_macro   0x00000000000317f9      0x3e5 Core/Src/main.o
 .debug_macro   0x0000000000031bde      0x275 Core/Src/main.o
 .debug_macro   0x0000000000031e53      0x3cb Core/Src/main.o
 .debug_macro   0x000000000003221e      0x41d Core/Src/main.o
 .debug_macro   0x000000000003263b       0x51 Core/Src/main.o
 .debug_macro   0x000000000003268c       0x4a Core/Src/main.o
 .debug_macro   0x00000000000326d6      0x22c Core/Src/main.o
 .debug_macro   0x0000000000032902       0x64 Core/Src/main.o
 .debug_macro   0x0000000000032966       0xa5 Core/Src/main.o
 .debug_macro   0x0000000000032a0b      0x1c5 Core/Src/main.o
 .debug_macro   0x0000000000032bd0      0x25f Core/Src/main.o
 .debug_macro   0x0000000000032e2f       0x35 Core/Src/main.o
 .debug_macro   0x0000000000032e64      0x5dd Core/Src/main.o
 .debug_macro   0x0000000000033441       0x9e Core/Src/main.o
 .debug_macro   0x00000000000334df      0x662 Core/Src/main.o
 .debug_macro   0x0000000000033b41       0xa6 Core/Src/main.o
 .debug_macro   0x0000000000033be7      0x5a0 Core/Src/main.o
 .debug_macro   0x0000000000034187       0x76 Core/Src/main.o
 .debug_macro   0x00000000000341fd       0xeb Core/Src/main.o
 .debug_macro   0x00000000000342e8       0xf0 Core/Src/main.o
 .debug_macro   0x00000000000343d8       0x12 Core/Src/main.o
 .debug_macro   0x00000000000343ea       0xe2 Core/Src/main.o
 .debug_macro   0x00000000000344cc       0x8e Core/Src/main.o
 .debug_macro   0x000000000003455a       0x1c Core/Src/main.o
 .debug_macro   0x0000000000034576       0x10 Core/Src/main.o
 .debug_macro   0x0000000000034586       0x10 Core/Src/main.o
 .debug_macro   0x0000000000034596       0x1c Core/Src/main.o
 .debug_macro   0x00000000000345b2       0x52 Core/Src/main.o
 .debug_macro   0x0000000000034604       0x40 Core/Src/main.o
 .debug_macro   0x0000000000034644       0x10 Core/Src/main.o
 .debug_macro   0x0000000000034654       0x40 Core/Src/main.o
 .debug_macro   0x0000000000034694       0xd7 Core/Src/main.o
 .debug_macro   0x000000000003476b       0x1c Core/Src/main.o
 .debug_macro   0x0000000000034787       0x3d Core/Src/main.o
 .debug_macro   0x00000000000347c4       0x16 Core/Src/main.o
 .debug_macro   0x00000000000347da      0x137 Core/Src/main.o
 .debug_macro   0x0000000000034911       0x16 Core/Src/main.o
 .debug_macro   0x0000000000034927       0x20 Core/Src/main.o
 .debug_macro   0x0000000000034947       0x4c Core/Src/main.o
 .debug_macro   0x0000000000034993      0x2af Core/Src/stm32h7xx_hal_msp.o
 .debug_macro   0x0000000000034c42      0xa66 Core/Src/stm32h7xx_hal_msp.o
 .debug_macro   0x00000000000356a8     0x12cd Core/Src/stm32h7xx_hal_msp.o
 .debug_macro   0x0000000000036975      0x174 Core/Src/stm32h7xx_hal_msp.o
 .debug_macro   0x0000000000036ae9       0x34 Core/Src/stm32h7xx_hal_msp.o
 .debug_macro   0x0000000000036b1d       0x43 Core/Src/stm32h7xx_hal_msp.o
 .debug_macro   0x0000000000036b60      0x32a Core/Src/stm32h7xx_hal_msp.o
 .debug_macro   0x0000000000036e8a      0x1e1 Core/Src/stm32h7xx_hal_msp.o
 .debug_macro   0x000000000003706b      0x2b9 Core/Src/stm32h7xx_it.o
 .debug_macro   0x0000000000037324       0xee Core/Src/sysmem.o
 .debug_macro   0x0000000000037412      0x23b Core/Src/sysmem.o
 .debug_macro   0x000000000003764d      0x2a6 Core/Src/system_stm32h7xx.o
 .debug_macro   0x00000000000378f3      0x2ca Drivers/STM32H7xx_HAL_Driver/Src/stm32h7xx_hal.o
 .debug_macro   0x0000000000037bbd      0x2a0 Drivers/STM32H7xx_HAL_Driver/Src/stm32h7xx_hal_cortex.o
 .debug_macro   0x0000000000037e5d      0x2f4 Drivers/STM32H7xx_HAL_Driver/Src/stm32h7xx_hal_dma.o
 .debug_macro   0x0000000000038151      0x2dc Drivers/STM32H7xx_HAL_Driver/Src/stm32h7xx_hal_gpio.o
 .debug_macro   0x000000000003842d      0x2d9 Drivers/STM32H7xx_HAL_Driver/Src/stm32h7xx_hal_pwr_ex.o
 .debug_macro   0x0000000000038706      0x2c4 Drivers/STM32H7xx_HAL_Driver/Src/stm32h7xx_hal_rcc.o
 .debug_macro   0x00000000000389ca      0x2be Drivers/STM32H7xx_HAL_Driver/Src/stm32h7xx_hal_rcc_ex.o
 .debug_macro   0x0000000000038c88      0x2a8 Drivers/STM32H7xx_HAL_Driver/Src/stm32h7xx_hal_spi.o
 .debug_macro   0x0000000000038f30      0x2cb Drivers/STM32H7xx_HAL_Driver/Src/stm32h7xx_hal_uart.o
 .debug_macro   0x00000000000391fb      0x2ac Drivers/STM32H7xx_HAL_Driver/Src/stm32h7xx_hal_uart_ex.o
 .debug_macro   0x00000000000394a7      0x33c FATFS/App/fatfs.o
 .debug_macro   0x00000000000397e3       0xe5 FATFS/App/fatfs.o
 .debug_macro   0x00000000000398c8      0x36b FATFS/Target/user_diskio.o
 .debug_macro   0x0000000000039c33       0x10 FATFS/Target/user_diskio.o
 .debug_macro   0x0000000000039c43       0x16 FATFS/Target/user_diskio.o
 .debug_macro   0x0000000000039c59       0x7c FATFS/Target/user_diskio.o
 .debug_macro   0x0000000000039cd5       0xd9 FATFS/Target/user_diskio.o
 .debug_macro   0x0000000000039dae      0x3e3 FATFS/Target/user_diskio_spi.o
 .debug_macro   0x000000000003a191       0x7c FATFS/Target/user_diskio_spi.o
 .debug_macro   0x000000000003a20d      0x329 Middlewares/Third_Party/FatFs/src/diskio.o
 .debug_macro   0x000000000003a536      0x730 Middlewares/Third_Party/FatFs/src/ff.o
 .debug_macro   0x000000000003ac66       0x58 Middlewares/Third_Party/FatFs/src/ff.o
 .debug_macro   0x000000000003acbe      0x329 Middlewares/Third_Party/FatFs/src/ff_gen_drv.o

.debug_line     0x0000000000000000    0x1182b
 .debug_line    0x0000000000000000      0xf2e Core/Src/main.o