../Core/Src/main.cpp:90:6:)	16	static
../Core/Src/main.cpp:135:5:int main()	168	dynamic
../Core/Src/main.cpp:313:6:void HAL_SPI_TxCpltCallback(SPI_HandleTypeDef*)	32	static
../Core/Src/main.cpp:325:6:void MX_DMA_Init()	16	static
../Core/Src/main.cpp:343:6:void SystemClock_Config()	312	static
../Core/Src/main.cpp:407:13:void MX_SPI3_Init()	8	static
../Core/Src/main.cpp:461:13:void MX_USART3_UART_Init()	8	static
../Core/Src/main.cpp:509:13:void MX_GPIO_Init()	56	static
../Core/Src/main.cpp:621:13:void MX_TIM16_Init()	8	static
../Core/Src/main.cpp:656:6:void Error_Handler()	4	static
