user_diskio_spi.cpp:90:6:void SPI_Timer_On(uint32_t)	16	static
user_diskio_spi.cpp:95:9:uint8_t SPI_Timer_Status()	8	static
user_diskio_spi.cpp:105:6:BYTE xchg_spi(BYTE)	32	static
user_diskio_spi.cpp:117:6:void rcvr_spi_multi(BYTE*, UINT)	32	static
user_diskio_spi.cpp:131:6:void xmit_spi_multi(const BYTE*, UINT)	24	static
user_diskio_spi.cpp:148:5:int wait_ready(UINT)	32	static
user_diskio_spi.cpp:175:6:void despiselect()	8	static
user_diskio_spi.cpp:189:5:int spiselect()	8	static
user_diskio_spi.cpp:206:5:int rcvr_datablock(BYTE*, UINT)	24	static
user_diskio_spi.cpp:235:5:int xmit_datablock(const BYTE*, BYTE)	24	static
user_diskio_spi.cpp:257:5:int xmit_datablock_dma(const BYTE*, BYTE)	24	static
user_diskio_spi.cpp:279:5:int FatDMA::xmit_datablock(const BYTE*, BYTE)	32	static
user_diskio_spi.cpp:300:5:static int FatDMA::xmit_datablock_cplt()	16	static
user_diskio_spi.cpp:318:6:BYTE send_cmd(BYTE, DWORD)	24	static
user_diskio_spi.cpp:377:10:DSTATUS USER_SPI_initialize(BYTE)	32	static
user_diskio_spi.cpp:433:9:DSTATUS USER_SPI_status(BYTE)	16	static
user_diskio_spi.cpp:448:9:DRESULT USER_SPI_read(BYTE, BYTE*, DWORD, UINT)	24	static
user_diskio_spi.cpp:487:9:DRESULT USER_SPI_write(BYTE, const BYTE*, DWORD, UINT)	24	static
user_diskio_spi.cpp:521:9:DRESULT USER_SPI_write_dma(BYTE, const BYTE*, DWORD, UINT)	24	static
user_diskio_spi.cpp:555:5:int FatDMA::USER_SPI_write_dma_start(BYTE, const BYTE*, DWORD, UINT)	32	static
user_diskio_spi.cpp:594:9:DRESULT FatDMA::USER_SPI_write_dma_cplt()	24	static
user_diskio_spi.cpp:617:9:DRESULT USER_SPI_ioctl(BYTE, BYTE, void*)	56	static
